******************************************************************************
                  TI ARM Linker PC v18.1.1                     
******************************************************************************
>> Linked Sat Apr  7 21:43:58 2018

OUTPUT FILE NAME:   <hw5_q3.out>
ENTRY POINT SYMBOL: "_c_int00_noargs"  address: 000024f1


MEMORY CONFIGURATION

         name            origin    length      used     unused   attr    fill
----------------------  --------  ---------  --------  --------  ----  --------
  FLASH                 00000000   00100000  00002bc8  000fd438  R  X
  SRAM                  20000000   00040000  00000208  0003fdf8  RW X


SEGMENT ALLOCATION MAP

run origin  load origin   length   init length attrs members
----------  ----------- ---------- ----------- ----- -------
00000000    00000000    00002bc8   00002bc8    r-x
  00000000    00000000    00000208   00000208    r-- .intvecs
  00000208    00000208    00002538   00002538    r-x .text
  00002740    00002740    00000458   00000458    r-- .const
  00002b98    00002b98    00000030   00000030    r-- .cinit
20000000    20000000    00000208   00000000    rw-
  20000000    20000000    00000200   00000000    rw- .stack
  20000200    20000200    00000004   00000000    rw- .bss
  20000204    20000204    00000004   00000000    rw- .data


SECTION ALLOCATION MAP

 output                                  attributes/
section   page    origin      length       input sections
--------  ----  ----------  ----------   ----------------
.intvecs   0    00000000    00000208     
                  00000000    00000208     tm4c1294ncpdt_startup_ccs.obj (.intvecs)

.text      0    00000208    00002538     
                  00000208    00000a5e     rtsv7M4_T_le_v4SPD16_eabi.lib : _printfi.c.obj (.text:__TI_printfi)
                  00000c66    00000002                                   : div0.asm.obj (.text)
                  00000c68    00000270                                   : _printfi.c.obj (.text:_pconv_a)
                  00000ed8    000001ec     driverlib.lib : sysctl.obj (.text:SysCtlClockFreqSet)
                  000010c4    000001d0     rtsv7M4_T_le_v4SPD16_eabi.lib : _printfi.c.obj (.text:_pconv_g)
                  00001294    000001b6                                   : fd_add_t2.asm.obj (.text)
                  0000144a    00000002     --HOLE-- [fill = 0]
                  0000144c    00000164     main.obj (.text)
                  000015b0    0000013c     rtsv7M4_T_le_v4SPD16_eabi.lib : _printfi.c.obj (.text:_pconv_e)
                  000016ec    00000136                                   : fd_div_t2.asm.obj (.text)
                  00001822    00000132     driverlib.lib : gpio.obj (.text:GPIOPadConfigSet)
                  00001954    00000120     rtsv7M4_T_le_v4SPD16_eabi.lib : _printfi.c.obj (.text:fcvt)
                  00001a74    00000110                                   : s_scalbn.c.obj (.text:scalbn)
                  00001b84    000000fc                                   : fd_mul_t2.asm.obj (.text)
                  00001c80    000000b1                                   : _printfi.c.obj (.text:_ltostr)
                  00001d31    00000001     --HOLE-- [fill = 0]
                  00001d32    0000009c                                   : memcpy_t2.asm.obj (.text)
                  00001dce    00000096                                   : ull_div_t2.asm.obj (.text)
                  00001e64    00000086                                   : fd_cmp_t2.asm.obj (.text:__aeabi_cdcmple)
                  00001eea    00000086                                   : fd_cmp_t2.asm.obj (.text:__aeabi_cdrcmple)
                  00001f70    0000007a                                   : memset_t2.asm.obj (.text)
                  00001fea    0000006e                                   : _printfi.c.obj (.text:_mcpy)
                  00002058    00000068     driverlib.lib : interrupt.obj (.text:IntEnable)
                  000020c0    00000068     rtsv7M4_T_le_v4SPD16_eabi.lib : copy_decompress_lzss.c.obj (.text:decompress:lzss:__TI_decompress_lzss)
                  00002128    00000064                                   : s_frexp.c.obj (.text:frexp)
                  0000218c    00000056                                   : _printfi.c.obj (.text:_pconv_f)
                  000021e2    00000054                                   : ltoa.c.obj (.text:ltoa)
                  00002236    00000052                                   : _printfi.c.obj (.text:_ecpy)
                  00002288    0000004c                                   : atoi.c.obj (.text:atoi)
                  000022d4    00000048     driverlib.lib : gpio.obj (.text:GPIOPinConfigure)
                  0000231c    00000048                   : sysctl.obj (.text:_SysCtlFrequencyGet)
                  00002364    00000048     rtsv7M4_T_le_v4SPD16_eabi.lib : fd_toi_t2.asm.obj (.text)
                  000023ac    00000046     driverlib.lib : uart.obj (.text:UARTConfigSetExpClk)
                  000023f2    00000002     --HOLE-- [fill = 0]
                  000023f4    00000044     rtsv7M4_T_le_v4SPD16_eabi.lib : autoinit.c.obj (.text:__TI_auto_init_nobinit_nopinit:__TI_auto_init_nobinit_nopinit)
                  00002438    00000040                                   : sprintf.c.obj (.text:sprintf)
                  00002478    0000003e                                   : _printfi.c.obj (.text:_fcpy)
                  000024b6    00000002     --HOLE-- [fill = 0]
                  000024b8    00000038     driverlib.lib : sysctl.obj (.text:SysCtlPeripheralReady)
                  000024f0    00000038     rtsv7M4_T_le_v4SPD16_eabi.lib : boot_cortex_m.c.obj (.text:_c_int00_noargs:_c_int00_noargs)
                  00002528    00000034     driverlib.lib : sysctl.obj (.text:SysCtlPeripheralEnable)
                  0000255c    0000002e     rtsv7M4_T_le_v4SPD16_eabi.lib : i_tofd_t2.asm.obj (.text)
                  0000258a    0000002a     driverlib.lib : gpio.obj (.text:GPIODirModeSet)
                  000025b4    00000020                   : uart.obj (.text:UARTDisable)
                  000025d4    00000020                   : sysctl.obj (.text:_SysCtlMemTimingGet)
                  000025f4    0000001c     rtsv7M4_T_le_v4SPD16_eabi.lib : memccpy.c.obj (.text:memccpy)
                  00002610    00000018     driverlib.lib : gpio.obj (.text:GPIOPinTypeGPIOOutput)
                  00002628    00000018     rtsv7M4_T_le_v4SPD16_eabi.lib : sprintf.c.obj (.text:_outs)
                  00002640    00000016                                   : strchr.c.obj (.text:strchr)
                  00002656    00000014     driverlib.lib : uart.obj (.text:UARTEnable)
                  0000266a    00000014     rtsv7M4_T_le_v4SPD16_eabi.lib : s_copysign.c.obj (.text:copysign)
                  0000267e    00000014                                   : strlen.c.obj (.text:strlen)
                  00002692    00000012     driverlib.lib : gpio.obj (.text:GPIOPinTypeUART)
                  000026a4    00000012     rtsv7M4_T_le_v4SPD16_eabi.lib : copy_zero_init.c.obj (.text:decompress:ZI:__TI_zero_init_nomemset:__TI_zero_init_nomemset)
                  000026b6    00000012                                   : wcslen.c.obj (.text:wcslen)
                  000026c8    00000010     driverlib.lib : interrupt.obj (.text:IntMasterEnable)
                  000026d8    0000000e     rtsv7M4_T_le_v4SPD16_eabi.lib : copy_decompress_none.c.obj (.text:decompress:none:__TI_decompress_none)
                  000026e6    0000000c     driverlib.lib : cpu.obj (.text:CPUcpsie)
                  000026f2    0000000c     tm4c1294ncpdt_startup_ccs.obj (.text)
                  000026fe    0000000a     driverlib.lib : uart.obj (.text:UARTCharPut)
                  00002708    0000000a     rtsv7M4_T_le_v4SPD16_eabi.lib : sprintf.c.obj (.text:_outc)
                  00002712    00000008     driverlib.lib : uart.obj (.text:UARTIntEnable)
                  0000271a    00000002     --HOLE-- [fill = 0]
                  0000271c    00000008     rtsv7M4_T_le_v4SPD16_eabi.lib : errno.c.obj (.text:__aeabi_errno_addr)
                  00002724    00000008                                   : bzero.c.obj (.text:bzero)
                  0000272c    00000006     driverlib.lib : gpio.obj (.text:GPIOPinWrite)
                  00002732    00000006                   : sysctl.obj (.text:SysCtlDelay)
                  00002738    00000004     rtsv7M4_T_le_v4SPD16_eabi.lib : pre_init.c.obj (.text:_system_pre_init)
                  0000273c    00000004                                   : exit.c.obj (.text:abort:abort)

.const     0    00002740    00000458     
                  00002740    000001b0     driverlib.lib : sysctl.obj (.const:g_pppui32XTALtoVCO)
                  000028f0    00000101     rtsv7M4_T_le_v4SPD16_eabi.lib : ctype.c.obj (.const:.string:_ctypes_)
                  000029f1    00000003     --HOLE-- [fill = 0]
                  000029f4    00000090     driverlib.lib : gpio.obj (.const:g_pui32GPIOBaseAddrs)
                  00002a84    00000070                   : interrupt.obj (.const)
                  00002af4    0000006c                   : sysctl.obj (.const:g_pui32Xtals)
                  00002b60    00000030                   : sysctl.obj (.const:g_sXTALtoMEMTIM)
                  00002b90    00000008                   : sysctl.obj (.const)

.cinit     0    00002b98    00000030     
                  00002b98    0000000c     (__TI_handler_table)
                  00002ba4    00000004     --HOLE-- [fill = 0]
                  00002ba8    00000008     (.cinit..bss.load) [load image, compression = zero_init]
                  00002bb0    00000007     (.cinit..data.load) [load image, compression = lzss]
                  00002bb7    00000001     --HOLE-- [fill = 0]
                  00002bb8    00000010     (__TI_cinit_table)

.init_array 
*          0    00000000    00000000     UNINITIALIZED

.bss       0    20000200    00000004     UNINITIALIZED
                  20000200    00000004     (.common:g_ui32SysClock)

.data      0    20000204    00000004     UNINITIALIZED
                  20000204    00000004     rtsv7M4_T_le_v4SPD16_eabi.lib : errno.c.obj (.data)

.stack     0    20000000    00000200     UNINITIALIZED
                  20000000    00000004     rtsv7M4_T_le_v4SPD16_eabi.lib : boot_cortex_m.c.obj (.stack)
                  20000004    000001fc     --HOLE--

MODULE SUMMARY

       Module                          code   ro data   rw data
       ------                          ----   -------   -------
    .\
       tm4c1294ncpdt_startup_ccs.obj   12     520       0      
       main.obj                        356    0         4      
    +--+-------------------------------+------+---------+---------+
       Total:                          368    520       4      
                                                               
    C:/ti/TivaWare_C_Series-2.1.3.156/driverlib/ccs/Debug/driverlib.lib
       sysctl.obj                      710    596       0      
       gpio.obj                        468    144       0      
       interrupt.obj                   120    112       0      
       uart.obj                        140    0         0      
       cpu.obj                         12     0         0      
    +--+-------------------------------+------+---------+---------+
       Total:                          1450   852       0      
                                                               
    D:\Code Composer Studio\ccsv8\tools\compiler\ti-cgt-arm_18.1.1.LTS\lib\rtsv7M4_T_le_v4SPD16_eabi.lib
       _printfi.c.obj                  4863   0         0      
       fd_add_t2.asm.obj               438    0         0      
       fd_div_t2.asm.obj               310    0         0      
       s_scalbn.c.obj                  272    0         0      
       fd_cmp_t2.asm.obj               268    0         0      
       ctype.c.obj                     0      257       0      
       fd_mul_t2.asm.obj               252    0         0      
       memcpy_t2.asm.obj               156    0         0      
       ull_div_t2.asm.obj              150    0         0      
       memset_t2.asm.obj               122    0         0      
       copy_decompress_lzss.c.obj      104    0         0      
       s_frexp.c.obj                   100    0         0      
       sprintf.c.obj                   98     0         0      
       ltoa.c.obj                      84     0         0      
       atoi.c.obj                      76     0         0      
       fd_toi_t2.asm.obj               72     0         0      
       autoinit.c.obj                  68     0         0      
       boot_cortex_m.c.obj             56     0         0      
       i_tofd_t2.asm.obj               46     0         0      
       memccpy.c.obj                   28     0         0      
       strchr.c.obj                    22     0         0      
       s_copysign.c.obj                20     0         0      
       strlen.c.obj                    20     0         0      
       copy_zero_init.c.obj            18     0         0      
       wcslen.c.obj                    18     0         0      
       copy_decompress_none.c.obj      14     0         0      
       errno.c.obj                     8      0         4      
       bzero.c.obj                     8      0         0      
       exit.c.obj                      4      0         0      
       pre_init.c.obj                  4      0         0      
       div0.asm.obj                    2      0         0      
    +--+-------------------------------+------+---------+---------+
       Total:                          7701   257       4      
                                                               
       Stack:                          0      0         512    
       Linker Generated:               0      43        0      
    +--+-------------------------------+------+---------+---------+
       Grand Total:                    9519   1672      520    


LINKER GENERATED COPY TABLES

__TI_cinit_table @ 00002bb8 records: 2, size/record: 8, table size: 16
	.bss: load addr=00002ba8, load size=00000008 bytes, run addr=20000200, run size=00000004 bytes, compression=zero_init
	.data: load addr=00002bb0, load size=00000007 bytes, run addr=20000204, run size=00000004 bytes, compression=lzss


LINKER GENERATED HANDLER TABLE

__TI_handler_table @ 00002b98 records: 3, size/record: 4, table size: 12
	index: 0, handler: __TI_decompress_lzss
	index: 1, handler: __TI_decompress_none
	index: 2, handler: __TI_zero_init


GLOBAL SYMBOLS: SORTED ALPHABETICALLY BY Name 

address   name                          
-------   ----                          
0000273d  C$$EXIT                       
000026e7  CPUcpsie                      
0000258b  GPIODirModeSet                
00001823  GPIOPadConfigSet              
000022d5  GPIOPinConfigure              
00002611  GPIOPinTypeGPIOOutput         
00002693  GPIOPinTypeUART               
0000272d  GPIOPinWrite                  
00002059  IntEnable                     
000026c9  IntMasterEnable               
0000144d  LEDonoff                      
000026f3  ResetISR                      
00000ed9  SysCtlClockFreqSet            
00002733  SysCtlDelay                   
00002529  SysCtlPeripheralEnable        
000024b9  SysCtlPeripheralReady         
000026ff  UARTCharPut                   
000023ad  UARTConfigSetExpClk           
000025b5  UARTDisable                   
00002657  UARTEnable                    
00002713  UARTIntEnable                 
00001471  UARTSendCharacter             
20000200  __STACK_END                   
00000200  __STACK_SIZE                  
20000200  __STACK_TOP                   
00002bb8  __TI_CINIT_Base               
00002bc8  __TI_CINIT_Limit              
00002b98  __TI_Handler_Table_Base       
00002ba4  __TI_Handler_Table_Limit      
000023f5  __TI_auto_init_nobinit_nopinit
000020c1  __TI_decompress_lzss          
000026d9  __TI_decompress_none          
ffffffff  __TI_pprof_out_hndl           
00000209  __TI_printfi                  
ffffffff  __TI_prof_data_size           
ffffffff  __TI_prof_data_start          
00000000  __TI_static_base__            
000026a5  __TI_zero_init_nomemset       
00001e65  __aeabi_cdcmpeq               
00001e65  __aeabi_cdcmple               
00001eeb  __aeabi_cdrcmple              
00002365  __aeabi_d2iz                  
0000129f  __aeabi_dadd                  
000016ed  __aeabi_ddiv                  
00001b85  __aeabi_dmul                  
00001295  __aeabi_dsub                  
0000271d  __aeabi_errno_addr            
0000255d  __aeabi_i2d                   
00000c67  __aeabi_idiv0                 
00000c67  __aeabi_ldiv0                 
00001f71  __aeabi_memclr                
00001f71  __aeabi_memclr4               
00001f71  __aeabi_memclr8               
00001d33  __aeabi_memcpy                
00001d33  __aeabi_memcpy4               
00001d33  __aeabi_memcpy8               
00001f73  __aeabi_memset                
00001f73  __aeabi_memset4               
00001f73  __aeabi_memset8               
00001dcf  __aeabi_uldivmod              
ffffffff  __binit__                     
ffffffff  __c_args__                    
UNDEFED   __mpu_init                    
20000000  __stack                       
000024f1  _c_int00_noargs               
000028f0  _ctypes_                      
UNDEFED   _system_post_cinit            
00002739  _system_pre_init              
0000273d  abort                         
00002289  atoi                          
ffffffff  binit                         
00002725  bzero                         
0000266b  copysign                      
0000266b  copysignl                     
20000204  errno                         
00002129  frexp                         
00002129  frexpl                        
00000000  g_pfnVectors                  
20000200  g_ui32SysClock                
00001a75  ldexp                         
00001a75  ldexpl                        
000021e3  ltoa                          
00001499  main                          
000025f5  memccpy                       
00001d33  memcpy                        
00001f79  memset                        
00001a75  scalbn                        
00001a75  scalbnl                       
00002439  sprintf                       
00002641  strchr                        
0000267f  strlen                        
000026b7  wcslen                        


GLOBAL SYMBOLS: SORTED BY Symbol Address 

address   name                          
-------   ----                          
00000000  __TI_static_base__            
00000000  g_pfnVectors                  
00000200  __STACK_SIZE                  
00000209  __TI_printfi                  
00000c67  __aeabi_idiv0                 
00000c67  __aeabi_ldiv0                 
00000ed9  SysCtlClockFreqSet            
00001295  __aeabi_dsub                  
0000129f  __aeabi_dadd                  
0000144d  LEDonoff                      
00001471  UARTSendCharacter             
00001499  main                          
000016ed  __aeabi_ddiv                  
00001823  GPIOPadConfigSet              
00001a75  ldexp                         
00001a75  ldexpl                        
00001a75  scalbn                        
00001a75  scalbnl                       
00001b85  __aeabi_dmul                  
00001d33  __aeabi_memcpy                
00001d33  __aeabi_memcpy4               
00001d33  __aeabi_memcpy8               
00001d33  memcpy                        
00001dcf  __aeabi_uldivmod              
00001e65  __aeabi_cdcmpeq               
00001e65  __aeabi_cdcmple               
00001eeb  __aeabi_cdrcmple              
00001f71  __aeabi_memclr                
00001f71  __aeabi_memclr4               
00001f71  __aeabi_memclr8               
00001f73  __aeabi_memset                
00001f73  __aeabi_memset4               
00001f73  __aeabi_memset8               
00001f79  memset                        
00002059  IntEnable                     
000020c1  __TI_decompress_lzss          
00002129  frexp                         
00002129  frexpl                        
000021e3  ltoa                          
00002289  atoi                          
000022d5  GPIOPinConfigure              
00002365  __aeabi_d2iz                  
000023ad  UARTConfigSetExpClk           
000023f5  __TI_auto_init_nobinit_nopinit
00002439  sprintf                       
000024b9  SysCtlPeripheralReady         
000024f1  _c_int00_noargs               
00002529  SysCtlPeripheralEnable        
0000255d  __aeabi_i2d                   
0000258b  GPIODirModeSet                
000025b5  UARTDisable                   
000025f5  memccpy                       
00002611  GPIOPinTypeGPIOOutput         
00002641  strchr                        
00002657  UARTEnable                    
0000266b  copysign                      
0000266b  copysignl                     
0000267f  strlen                        
00002693  GPIOPinTypeUART               
000026a5  __TI_zero_init_nomemset       
000026b7  wcslen                        
000026c9  IntMasterEnable               
000026d9  __TI_decompress_none          
000026e7  CPUcpsie                      
000026f3  ResetISR                      
000026ff  UARTCharPut                   
00002713  UARTIntEnable                 
0000271d  __aeabi_errno_addr            
00002725  bzero                         
0000272d  GPIOPinWrite                  
00002733  SysCtlDelay                   
00002739  _system_pre_init              
0000273d  C$$EXIT                       
0000273d  abort                         
000028f0  _ctypes_                      
00002b98  __TI_Handler_Table_Base       
00002ba4  __TI_Handler_Table_Limit      
00002bb8  __TI_CINIT_Base               
00002bc8  __TI_CINIT_Limit              
20000000  __stack                       
20000200  __STACK_END                   
20000200  __STACK_TOP                   
20000200  g_ui32SysClock                
20000204  errno                         
ffffffff  __TI_pprof_out_hndl           
ffffffff  __TI_prof_data_size           
ffffffff  __TI_prof_data_start          
ffffffff  __binit__                     
ffffffff  __c_args__                    
ffffffff  binit                         
UNDEFED   __mpu_init                    
UNDEFED   _system_post_cinit            

[92 symbols]
