<?xml version="1.0" encoding="ISO-8859-1" ?>
<link_info>
   <banner>TI ARM Linker PC v18.1.1.LTS</banner>
   <copyright>Copyright (c) 1996-2017 Texas Instruments Incorporated</copyright>
   <link_time>0x5aca49a9</link_time>
   <link_errors>0x0</link_errors>
   <output_file>hw5_q3.out</output_file>
   <entry_point>
      <name>_c_int00_noargs</name>
      <address>0x51dd</address>
   </entry_point>
   <input_file_list>
      <input_file id="fl-2">
         <path>.\</path>
         <kind>object</kind>
         <file>croutine.obj</file>
         <name>croutine.obj</name>
      </input_file>
      <input_file id="fl-3">
         <path>.\</path>
         <kind>object</kind>
         <file>event_groups.obj</file>
         <name>event_groups.obj</name>
      </input_file>
      <input_file id="fl-4">
         <path>.\</path>
         <kind>object</kind>
         <file>heap_4.obj</file>
         <name>heap_4.obj</name>
      </input_file>
      <input_file id="fl-5">
         <path>.\</path>
         <kind>object</kind>
         <file>list.obj</file>
         <name>list.obj</name>
      </input_file>
      <input_file id="fl-6">
         <path>.\</path>
         <kind>object</kind>
         <file>main.obj</file>
         <name>main.obj</name>
      </input_file>
      <input_file id="fl-7">
         <path>.\</path>
         <kind>object</kind>
         <file>port.obj</file>
         <name>port.obj</name>
      </input_file>
      <input_file id="fl-8">
         <path>.\</path>
         <kind>object</kind>
         <file>portasm.obj</file>
         <name>portasm.obj</name>
      </input_file>
      <input_file id="fl-9">
         <path>.\</path>
         <kind>object</kind>
         <file>queue.obj</file>
         <name>queue.obj</name>
      </input_file>
      <input_file id="fl-a">
         <path>.\</path>
         <kind>object</kind>
         <file>tasks.obj</file>
         <name>tasks.obj</name>
      </input_file>
      <input_file id="fl-b">
         <path>.\</path>
         <kind>object</kind>
         <file>timers.obj</file>
         <name>timers.obj</name>
      </input_file>
      <input_file id="fl-c">
         <path>.\</path>
         <kind>object</kind>
         <file>tm4c1294ncpdt_startup_ccs.obj</file>
         <name>tm4c1294ncpdt_startup_ccs.obj</name>
      </input_file>
      <input_file id="fl-d">
         <path>.\driverlib\</path>
         <kind>object</kind>
         <file>adc.obj</file>
         <name>adc.obj</name>
      </input_file>
      <input_file id="fl-e">
         <path>.\driverlib\</path>
         <kind>object</kind>
         <file>aes.obj</file>
         <name>aes.obj</name>
      </input_file>
      <input_file id="fl-f">
         <path>.\driverlib\</path>
         <kind>object</kind>
         <file>can.obj</file>
         <name>can.obj</name>
      </input_file>
      <input_file id="fl-10">
         <path>.\driverlib\</path>
         <kind>object</kind>
         <file>comp.obj</file>
         <name>comp.obj</name>
      </input_file>
      <input_file id="fl-11">
         <path>.\driverlib\</path>
         <kind>object</kind>
         <file>cpu.obj</file>
         <name>cpu.obj</name>
      </input_file>
      <input_file id="fl-12">
         <path>.\driverlib\</path>
         <kind>object</kind>
         <file>crc.obj</file>
         <name>crc.obj</name>
      </input_file>
      <input_file id="fl-13">
         <path>.\driverlib\</path>
         <kind>object</kind>
         <file>des.obj</file>
         <name>des.obj</name>
      </input_file>
      <input_file id="fl-14">
         <path>.\driverlib\</path>
         <kind>object</kind>
         <file>eeprom.obj</file>
         <name>eeprom.obj</name>
      </input_file>
      <input_file id="fl-15">
         <path>.\driverlib\</path>
         <kind>object</kind>
         <file>emac.obj</file>
         <name>emac.obj</name>
      </input_file>
      <input_file id="fl-16">
         <path>.\driverlib\</path>
         <kind>object</kind>
         <file>epi.obj</file>
         <name>epi.obj</name>
      </input_file>
      <input_file id="fl-17">
         <path>.\driverlib\</path>
         <kind>object</kind>
         <file>epi_workaround_ccs.obj</file>
         <name>epi_workaround_ccs.obj</name>
      </input_file>
      <input_file id="fl-18">
         <path>.\driverlib\</path>
         <kind>object</kind>
         <file>flash.obj</file>
         <name>flash.obj</name>
      </input_file>
      <input_file id="fl-19">
         <path>.\driverlib\</path>
         <kind>object</kind>
         <file>fpu.obj</file>
         <name>fpu.obj</name>
      </input_file>
      <input_file id="fl-1a">
         <path>.\driverlib\</path>
         <kind>object</kind>
         <file>gpio.obj</file>
         <name>gpio.obj</name>
      </input_file>
      <input_file id="fl-1b">
         <path>.\driverlib\</path>
         <kind>object</kind>
         <file>hibernate.obj</file>
         <name>hibernate.obj</name>
      </input_file>
      <input_file id="fl-1c">
         <path>.\driverlib\</path>
         <kind>object</kind>
         <file>i2c.obj</file>
         <name>i2c.obj</name>
      </input_file>
      <input_file id="fl-1d">
         <path>.\driverlib\</path>
         <kind>object</kind>
         <file>interrupt.obj</file>
         <name>interrupt.obj</name>
      </input_file>
      <input_file id="fl-1e">
         <path>.\driverlib\</path>
         <kind>object</kind>
         <file>lcd.obj</file>
         <name>lcd.obj</name>
      </input_file>
      <input_file id="fl-1f">
         <path>.\driverlib\</path>
         <kind>object</kind>
         <file>mpu.obj</file>
         <name>mpu.obj</name>
      </input_file>
      <input_file id="fl-20">
         <path>.\driverlib\</path>
         <kind>object</kind>
         <file>onewire.obj</file>
         <name>onewire.obj</name>
      </input_file>
      <input_file id="fl-21">
         <path>.\driverlib\</path>
         <kind>object</kind>
         <file>pwm.obj</file>
         <name>pwm.obj</name>
      </input_file>
      <input_file id="fl-22">
         <path>.\driverlib\</path>
         <kind>object</kind>
         <file>qei.obj</file>
         <name>qei.obj</name>
      </input_file>
      <input_file id="fl-23">
         <path>.\driverlib\</path>
         <kind>object</kind>
         <file>shamd5.obj</file>
         <name>shamd5.obj</name>
      </input_file>
      <input_file id="fl-24">
         <path>.\driverlib\</path>
         <kind>object</kind>
         <file>ssi.obj</file>
         <name>ssi.obj</name>
      </input_file>
      <input_file id="fl-25">
         <path>.\driverlib\</path>
         <kind>object</kind>
         <file>sw_crc.obj</file>
         <name>sw_crc.obj</name>
      </input_file>
      <input_file id="fl-26">
         <path>.\driverlib\</path>
         <kind>object</kind>
         <file>sysctl.obj</file>
         <name>sysctl.obj</name>
      </input_file>
      <input_file id="fl-27">
         <path>.\driverlib\</path>
         <kind>object</kind>
         <file>sysexc.obj</file>
         <name>sysexc.obj</name>
      </input_file>
      <input_file id="fl-28">
         <path>.\driverlib\</path>
         <kind>object</kind>
         <file>systick.obj</file>
         <name>systick.obj</name>
      </input_file>
      <input_file id="fl-29">
         <path>.\driverlib\</path>
         <kind>object</kind>
         <file>timer.obj</file>
         <name>timer.obj</name>
      </input_file>
      <input_file id="fl-2a">
         <path>.\driverlib\</path>
         <kind>object</kind>
         <file>uart.obj</file>
         <name>uart.obj</name>
      </input_file>
      <input_file id="fl-2b">
         <path>.\driverlib\</path>
         <kind>object</kind>
         <file>udma.obj</file>
         <name>udma.obj</name>
      </input_file>
      <input_file id="fl-2c">
         <path>.\driverlib\</path>
         <kind>object</kind>
         <file>usb.obj</file>
         <name>usb.obj</name>
      </input_file>
      <input_file id="fl-2d">
         <path>.\driverlib\</path>
         <kind>object</kind>
         <file>watchdog.obj</file>
         <name>watchdog.obj</name>
      </input_file>
      <input_file id="fl-36">
         <kind>object</kind>
         <file>&lt;internal&gt;</file>
         <name>&lt;internal&gt;</name>
      </input_file>
      <input_file id="fl-ec">
         <path>D:\Code Composer Studio\ccsv8\tools\compiler\ti-cgt-arm_18.1.1.LTS\lib\</path>
         <kind>archive</kind>
         <file>rtsv7M4_T_le_v4SPD16_eabi.lib</file>
         <name>memcpy_t2.asm.obj</name>
      </input_file>
      <input_file id="fl-ed">
         <path>D:\Code Composer Studio\ccsv8\tools\compiler\ti-cgt-arm_18.1.1.LTS\lib\</path>
         <kind>archive</kind>
         <file>rtsv7M4_T_le_v4SPD16_eabi.lib</file>
         <name>memset_t2.asm.obj</name>
      </input_file>
      <input_file id="fl-ee">
         <path>D:\Code Composer Studio\ccsv8\tools\compiler\ti-cgt-arm_18.1.1.LTS\lib\</path>
         <kind>archive</kind>
         <file>rtsv7M4_T_le_v4SPD16_eabi.lib</file>
         <name>copy_zero_init.c.obj</name>
      </input_file>
      <input_file id="fl-ef">
         <path>D:\Code Composer Studio\ccsv8\tools\compiler\ti-cgt-arm_18.1.1.LTS\lib\</path>
         <kind>archive</kind>
         <file>rtsv7M4_T_le_v4SPD16_eabi.lib</file>
         <name>copy_decompress_none.c.obj</name>
      </input_file>
      <input_file id="fl-f0">
         <path>D:\Code Composer Studio\ccsv8\tools\compiler\ti-cgt-arm_18.1.1.LTS\lib\</path>
         <kind>archive</kind>
         <file>rtsv7M4_T_le_v4SPD16_eabi.lib</file>
         <name>copy_decompress_lzss.c.obj</name>
      </input_file>
      <input_file id="fl-f1">
         <path>D:\Code Composer Studio\ccsv8\tools\compiler\ti-cgt-arm_18.1.1.LTS\lib\</path>
         <kind>archive</kind>
         <file>rtsv7M4_T_le_v4SPD16_eabi.lib</file>
         <name>boot_cortex_m.c.obj</name>
      </input_file>
      <input_file id="fl-f2">
         <path>D:\Code Composer Studio\ccsv8\tools\compiler\ti-cgt-arm_18.1.1.LTS\lib\</path>
         <kind>archive</kind>
         <file>rtsv7M4_T_le_v4SPD16_eabi.lib</file>
         <name>exit.c.obj</name>
      </input_file>
      <input_file id="fl-f3">
         <path>D:\Code Composer Studio\ccsv8\tools\compiler\ti-cgt-arm_18.1.1.LTS\lib\</path>
         <kind>archive</kind>
         <file>rtsv7M4_T_le_v4SPD16_eabi.lib</file>
         <name>_lock.c.obj</name>
      </input_file>
      <input_file id="fl-f4">
         <path>D:\Code Composer Studio\ccsv8\tools\compiler\ti-cgt-arm_18.1.1.LTS\lib\</path>
         <kind>archive</kind>
         <file>rtsv7M4_T_le_v4SPD16_eabi.lib</file>
         <name>args_main.c.obj</name>
      </input_file>
      <input_file id="fl-f5">
         <path>D:\Code Composer Studio\ccsv8\tools\compiler\ti-cgt-arm_18.1.1.LTS\lib\</path>
         <kind>archive</kind>
         <file>rtsv7M4_T_le_v4SPD16_eabi.lib</file>
         <name>autoinit.c.obj</name>
      </input_file>
      <input_file id="fl-f6">
         <path>D:\Code Composer Studio\ccsv8\tools\compiler\ti-cgt-arm_18.1.1.LTS\lib\</path>
         <kind>archive</kind>
         <file>rtsv7M4_T_le_v4SPD16_eabi.lib</file>
         <name>pre_init.c.obj</name>
      </input_file>
      <input_file id="fl-f7">
         <path>D:\Code Composer Studio\ccsv8\tools\compiler\ti-cgt-arm_18.1.1.LTS\lib\</path>
         <kind>archive</kind>
         <file>rtsv7M4_T_le_v4SPD16_eabi.lib</file>
         <name>cpy_tbl.c.obj</name>
      </input_file>
   </input_file_list>
   <object_component_list>
      <object_component id="oc-f">
         <name>.intvecs</name>
         <load_address>0x0</load_address>
         <run_address>0x0</run_address>
         <size>0x208</size>
         <input_file_ref idref="fl-c"/>
      </object_component>
      <object_component id="oc-7c">
         <name>.text</name>
         <load_address>0x208</load_address>
         <run_address>0x208</run_address>
         <size>0x17d0</size>
         <input_file_ref idref="fl-a"/>
      </object_component>
      <object_component id="oc-133">
         <name>.text</name>
         <load_address>0x19d8</load_address>
         <run_address>0x19d8</run_address>
         <size>0xf60</size>
         <input_file_ref idref="fl-26"/>
      </object_component>
      <object_component id="oc-12d">
         <name>.text</name>
         <load_address>0x2938</load_address>
         <run_address>0x2938</run_address>
         <size>0xb40</size>
         <input_file_ref idref="fl-1a"/>
      </object_component>
      <object_component id="oc-127">
         <name>.text</name>
         <load_address>0x3478</load_address>
         <run_address>0x3478</run_address>
         <size>0xa08</size>
         <input_file_ref idref="fl-9"/>
      </object_component>
      <object_component id="oc-e2">
         <name>.text</name>
         <load_address>0x3e80</load_address>
         <run_address>0x3e80</run_address>
         <size>0x534</size>
         <input_file_ref idref="fl-b"/>
      </object_component>
      <object_component id="oc-1d6">
         <name>.text</name>
         <load_address>0x43b4</load_address>
         <run_address>0x43b4</run_address>
         <size>0x3c0</size>
         <input_file_ref idref="fl-1d"/>
      </object_component>
      <object_component id="oc-f1">
         <name>.text</name>
         <load_address>0x4774</load_address>
         <run_address>0x4774</run_address>
         <size>0x2bc</size>
         <input_file_ref idref="fl-4"/>
      </object_component>
      <object_component id="oc-bf">
         <name>.text</name>
         <load_address>0x4a30</load_address>
         <run_address>0x4a30</run_address>
         <size>0x284</size>
         <input_file_ref idref="fl-6"/>
      </object_component>
      <object_component id="oc-d6">
         <name>.text</name>
         <load_address>0x4cb4</load_address>
         <run_address>0x4cb4</run_address>
         <size>0x12a</size>
         <input_file_ref idref="fl-5"/>
      </object_component>
      <object_component id="oc-2f">
         <name>.text</name>
         <load_address>0x4de0</load_address>
         <run_address>0x4de0</run_address>
         <size>0x128</size>
         <input_file_ref idref="fl-7"/>
      </object_component>
      <object_component id="oc-2a">
         <name>.text</name>
         <load_address>0x4f08</load_address>
         <run_address>0x4f08</run_address>
         <size>0xd2</size>
         <input_file_ref idref="fl-8"/>
      </object_component>
      <object_component id="oc-43">
         <name>.text</name>
         <load_address>0x4fda</load_address>
         <run_address>0x4fda</run_address>
         <size>0x9c</size>
         <input_file_ref idref="fl-ec"/>
      </object_component>
      <object_component id="oc-b3">
         <name>.text</name>
         <load_address>0x5076</load_address>
         <run_address>0x5076</run_address>
         <size>0x7a</size>
         <input_file_ref idref="fl-ed"/>
      </object_component>
      <object_component id="oc-12">
         <name>.text:decompress:lzss:__TI_decompress_lzss</name>
         <load_address>0x50f0</load_address>
         <run_address>0x50f0</run_address>
         <size>0x68</size>
         <input_file_ref idref="fl-f0"/>
      </object_component>
      <object_component id="oc-159">
         <name>.text:__TI_auto_init_nobinit_nopinit:__TI_auto_init_nobinit_nopinit</name>
         <load_address>0x5158</load_address>
         <run_address>0x5158</run_address>
         <size>0x44</size>
         <input_file_ref idref="fl-f5"/>
      </object_component>
      <object_component id="oc-1e9">
         <name>.text</name>
         <load_address>0x519c</load_address>
         <run_address>0x519c</run_address>
         <size>0x3e</size>
         <input_file_ref idref="fl-11"/>
      </object_component>
      <object_component id="oc-61">
         <name>.text:_c_int00_noargs:_c_int00_noargs</name>
         <load_address>0x51dc</load_address>
         <run_address>0x51dc</run_address>
         <size>0x38</size>
         <input_file_ref idref="fl-f1"/>
      </object_component>
      <object_component id="oc-18">
         <name>.text:decompress:none:__TI_decompress_none</name>
         <load_address>0x5214</load_address>
         <run_address>0x5214</run_address>
         <size>0xe</size>
         <input_file_ref idref="fl-ef"/>
      </object_component>
      <object_component id="oc-55">
         <name>.text:decompress:ZI:__TI_zero_init</name>
         <load_address>0x5222</load_address>
         <run_address>0x5222</run_address>
         <size>0xc</size>
         <input_file_ref idref="fl-ee"/>
      </object_component>
      <object_component id="oc-24">
         <name>.text</name>
         <load_address>0x522e</load_address>
         <run_address>0x522e</run_address>
         <size>0xc</size>
         <input_file_ref idref="fl-c"/>
      </object_component>
      <object_component id="oc-1f8">
         <name>.text:SysCtlDelay</name>
         <load_address>0x523a</load_address>
         <run_address>0x523a</run_address>
         <size>0x6</size>
         <input_file_ref idref="fl-26"/>
      </object_component>
      <object_component id="oc-b9">
         <name>.text:_system_pre_init</name>
         <load_address>0x5240</load_address>
         <run_address>0x5240</run_address>
         <size>0x4</size>
         <input_file_ref idref="fl-f6"/>
      </object_component>
      <object_component id="oc-14d">
         <name>.text:abort:abort</name>
         <load_address>0x5244</load_address>
         <run_address>0x5244</run_address>
         <size>0x4</size>
         <input_file_ref idref="fl-f2"/>
      </object_component>
      <object_component id="oc-1f5">
         <name>.const:g_pppui32XTALtoVCO</name>
         <load_address>0x5248</load_address>
         <run_address>0x5248</run_address>
         <size>0x1b0</size>
         <input_file_ref idref="fl-26"/>
      </object_component>
      <object_component id="oc-1d0">
         <name>.const:g_ppui32GPIOIntMapBlizzard</name>
         <load_address>0x53f8</load_address>
         <run_address>0x53f8</run_address>
         <size>0xc0</size>
         <input_file_ref idref="fl-1a"/>
      </object_component>
      <object_component id="oc-1d3">
         <name>.const:g_ppui32GPIOIntMapSnowflake</name>
         <load_address>0x54b8</load_address>
         <run_address>0x54b8</run_address>
         <size>0xc0</size>
         <input_file_ref idref="fl-1a"/>
      </object_component>
      <object_component id="oc-24d">
         <name>.const:g_pui32Regs</name>
         <load_address>0x5578</load_address>
         <run_address>0x5578</run_address>
         <size>0x9c</size>
         <input_file_ref idref="fl-1d"/>
      </object_component>
      <object_component id="oc-1dc">
         <name>.const:g_pui32GPIOBaseAddrs</name>
         <load_address>0x5614</load_address>
         <run_address>0x5614</run_address>
         <size>0x90</size>
         <input_file_ref idref="fl-1a"/>
      </object_component>
      <object_component id="oc-1ef">
         <name>.const:g_pui32Xtals</name>
         <load_address>0x56a4</load_address>
         <run_address>0x56a4</run_address>
         <size>0x6c</size>
         <input_file_ref idref="fl-26"/>
      </object_component>
      <object_component id="oc-1e6">
         <name>.const:g_sXTALtoMEMTIM</name>
         <load_address>0x5710</load_address>
         <run_address>0x5710</run_address>
         <size>0x30</size>
         <input_file_ref idref="fl-26"/>
      </object_component>
      <object_component id="oc-24a">
         <name>.const:g_pui32Priority</name>
         <load_address>0x5740</load_address>
         <run_address>0x5740</run_address>
         <size>0x20</size>
         <input_file_ref idref="fl-1d"/>
      </object_component>
      <object_component id="oc-253">
         <name>.const:g_pui32Dii16Regs</name>
         <load_address>0x5760</load_address>
         <run_address>0x5760</run_address>
         <size>0x14</size>
         <input_file_ref idref="fl-1d"/>
      </object_component>
      <object_component id="oc-250">
         <name>.const:g_pui32EnRegs</name>
         <load_address>0x5774</load_address>
         <run_address>0x5774</run_address>
         <size>0x14</size>
         <input_file_ref idref="fl-1d"/>
      </object_component>
      <object_component id="oc-256">
         <name>.const:g_pui32PendRegs</name>
         <load_address>0x5788</load_address>
         <run_address>0x5788</run_address>
         <size>0x14</size>
         <input_file_ref idref="fl-1d"/>
      </object_component>
      <object_component id="oc-259">
         <name>.const:g_pui32UnpendRegs</name>
         <load_address>0x579c</load_address>
         <run_address>0x579c</run_address>
         <size>0x14</size>
         <input_file_ref idref="fl-1d"/>
      </object_component>
      <object_component id="oc-1f2">
         <name>.const:g_pui32VCOFrequencies</name>
         <load_address>0x57b0</load_address>
         <run_address>0x57b0</run_address>
         <size>0x8</size>
         <input_file_ref idref="fl-26"/>
      </object_component>
      <object_component id="oc-79">
         <name>.const</name>
         <load_address>0x57b8</load_address>
         <run_address>0x57b8</run_address>
         <size>0x4</size>
         <input_file_ref idref="fl-7"/>
      </object_component>
      <object_component id="oc-2e4">
         <name>__TI_handler_table</name>
         <load_address>0x57c0</load_address>
         <run_address>0x57c0</run_address>
         <size>0xc</size>
      </object_component>
      <object_component id="oc-2e7">
         <name>.cinit..data.load</name>
         <load_address>0x57cc</load_address>
         <run_address>0x57cc</run_address>
         <size>0xb</size>
      </object_component>
      <object_component id="oc-2e8">
         <name>.cinit..bss.load</name>
         <load_address>0x57d8</load_address>
         <run_address>0x57d8</run_address>
         <size>0x8</size>
      </object_component>
      <object_component id="oc-2e6">
         <name>.cinit..vtable.load</name>
         <load_address>0x57e0</load_address>
         <run_address>0x57e0</run_address>
         <size>0x8</size>
      </object_component>
      <object_component id="oc-2e5">
         <name>__TI_cinit_table</name>
         <load_address>0x57e8</load_address>
         <run_address>0x57e8</run_address>
         <size>0x18</size>
      </object_component>
      <object_component id="oc-247">
         <name>.vtable</name>
         <uninitialized>true</uninitialized>
         <run_address>0x20000000</run_address>
         <size>0x26c</size>
         <input_file_ref idref="fl-1d"/>
      </object_component>
      <object_component id="oc-1b1">
         <name>.data</name>
         <load_address>0x2000c950</load_address>
         <run_address>0x2000c950</run_address>
         <size>0x10</size>
         <input_file_ref idref="fl-4"/>
      </object_component>
      <object_component id="oc-83">
         <name>.data</name>
         <load_address>0x2000c968</load_address>
         <run_address>0x2000c968</run_address>
         <size>0x4</size>
         <input_file_ref idref="fl-7"/>
      </object_component>
      <object_component id="oc-76">
         <name>.data</name>
         <load_address>0x2000c920</load_address>
         <run_address>0x2000c920</run_address>
         <size>0x30</size>
         <input_file_ref idref="fl-a"/>
      </object_component>
      <object_component id="oc-198">
         <name>.data</name>
         <load_address>0x2000c960</load_address>
         <run_address>0x2000c960</run_address>
         <size>0x8</size>
         <input_file_ref idref="fl-b"/>
      </object_component>
      <object_component id="oc-1b7">
         <name>.bss:ucHeap</name>
         <uninitialized>true</uninitialized>
         <run_address>0x2000026c</run_address>
         <size>0xc350</size>
         <input_file_ref idref="fl-4"/>
      </object_component>
      <object_component id="oc-1b4">
         <name>.bss:xStart</name>
         <uninitialized>true</uninitialized>
         <run_address>0x2000c6fc</run_address>
         <size>0x8</size>
         <input_file_ref idref="fl-4"/>
      </object_component>
      <object_component id="oc-dc">
         <name>.bss:pxReadyTasksLists</name>
         <uninitialized>true</uninitialized>
         <run_address>0x2000c5bc</run_address>
         <size>0x64</size>
         <input_file_ref idref="fl-a"/>
      </object_component>
      <object_component id="oc-f7">
         <name>.bss:xDelayedTaskList1</name>
         <uninitialized>true</uninitialized>
         <run_address>0x2000c688</run_address>
         <size>0x14</size>
         <input_file_ref idref="fl-a"/>
      </object_component>
      <object_component id="oc-fa">
         <name>.bss:xDelayedTaskList2</name>
         <uninitialized>true</uninitialized>
         <run_address>0x2000c69c</run_address>
         <size>0x14</size>
         <input_file_ref idref="fl-a"/>
      </object_component>
      <object_component id="oc-ee">
         <name>.bss</name>
         <uninitialized>true</uninitialized>
         <run_address>0x2000c6ec</run_address>
         <size>0x8</size>
         <input_file_ref idref="fl-a"/>
      </object_component>
      <object_component id="oc-eb">
         <name>.bss:xPendingReadyList</name>
         <uninitialized>true</uninitialized>
         <run_address>0x2000c6b0</run_address>
         <size>0x14</size>
         <input_file_ref idref="fl-a"/>
      </object_component>
      <object_component id="oc-df">
         <name>.bss:xTasksWaitingTermination</name>
         <uninitialized>true</uninitialized>
         <run_address>0x2000c6d8</run_address>
         <size>0x14</size>
         <input_file_ref idref="fl-a"/>
      </object_component>
      <object_component id="oc-e8">
         <name>.bss:xSuspendedTaskList</name>
         <uninitialized>true</uninitialized>
         <run_address>0x2000c6c4</run_address>
         <size>0x14</size>
         <input_file_ref idref="fl-a"/>
      </object_component>
      <object_component id="oc-19e">
         <name>.bss:xActiveTimerList1</name>
         <uninitialized>true</uninitialized>
         <run_address>0x2000c660</run_address>
         <size>0x14</size>
         <input_file_ref idref="fl-b"/>
      </object_component>
      <object_component id="oc-1a1">
         <name>.bss:xActiveTimerList2</name>
         <uninitialized>true</uninitialized>
         <run_address>0x2000c674</run_address>
         <size>0x14</size>
         <input_file_ref idref="fl-b"/>
      </object_component>
      <object_component id="oc-19b">
         <name>.bss</name>
         <uninitialized>true</uninitialized>
         <run_address>0x2000c6f4</run_address>
         <size>0x8</size>
         <input_file_ref idref="fl-b"/>
      </object_component>
      <object_component id="oc-141">
         <name>.common:g_ui32SysClock</name>
         <uninitialized>true</uninitialized>
         <run_address>0x2000c704</run_address>
         <size>0x4</size>
      </object_component>
      <object_component id="oc-13c">
         <name>.common:timer_for_LED1</name>
         <uninitialized>true</uninitialized>
         <run_address>0x2000c718</run_address>
         <size>0x4</size>
      </object_component>
      <object_component id="oc-13f">
         <name>.common:timer_for_LED2</name>
         <uninitialized>true</uninitialized>
         <run_address>0x2000c71c</run_address>
         <size>0x4</size>
      </object_component>
      <object_component id="oc-13d">
         <name>.common:t1</name>
         <uninitialized>true</uninitialized>
         <run_address>0x2000c710</run_address>
         <size>0x4</size>
      </object_component>
      <object_component id="oc-140">
         <name>.common:t2</name>
         <uninitialized>true</uninitialized>
         <run_address>0x2000c714</run_address>
         <size>0x4</size>
      </object_component>
      <object_component id="oc-139">
         <name>.common:sem_led1</name>
         <uninitialized>true</uninitialized>
         <run_address>0x2000c708</run_address>
         <size>0x4</size>
      </object_component>
      <object_component id="oc-13e">
         <name>.common:sem_led2</name>
         <uninitialized>true</uninitialized>
         <run_address>0x2000c70c</run_address>
         <size>0x4</size>
      </object_component>
      <object_component id="oc-1c7">
         <name>.common:xQueueRegistry</name>
         <uninitialized>true</uninitialized>
         <run_address>0x2000c620</run_address>
         <size>0x40</size>
      </object_component>
      <object_component id="oc-21">
         <name>.stack</name>
         <uninitialized>true</uninitialized>
         <run_address>0x2000c720</run_address>
         <size>0x4</size>
         <input_file_ref idref="fl-f1"/>
      </object_component>
      <object_component id="oc-2e9">
         <name>.stack</name>
         <uninitialized>true</uninitialized>
         <run_address>0x2000c720</run_address>
         <size>0x0</size>
      </object_component>
      <object_component id="oc-111">
         <name>.debug_info</name>
         <load_address>0x0</load_address>
         <run_address>0x0</run_address>
         <size>0x172</size>
         <input_file_ref idref="fl-2"/>
      </object_component>
      <object_component id="oc-fe">
         <name>.debug_info</name>
         <load_address>0x172</load_address>
         <run_address>0x172</run_address>
         <size>0x2ef</size>
         <input_file_ref idref="fl-2"/>
      </object_component>
      <object_component id="oc-94">
         <name>.debug_info</name>
         <load_address>0x461</load_address>
         <run_address>0x461</run_address>
         <size>0x26b</size>
         <input_file_ref idref="fl-2"/>
      </object_component>
      <object_component id="oc-3e">
         <name>.debug_info</name>
         <load_address>0x6cc</load_address>
         <run_address>0x6cc</run_address>
         <size>0x84</size>
         <input_file_ref idref="fl-2"/>
      </object_component>
      <object_component id="oc-1c2">
         <name>.debug_info</name>
         <load_address>0x750</load_address>
         <run_address>0x750</run_address>
         <size>0xcc</size>
         <input_file_ref idref="fl-2"/>
      </object_component>
      <object_component id="oc-88">
         <name>.debug_info</name>
         <load_address>0x81c</load_address>
         <run_address>0x81c</run_address>
         <size>0x2c</size>
         <input_file_ref idref="fl-2"/>
      </object_component>
      <object_component id="oc-112">
         <name>.debug_info</name>
         <load_address>0x848</load_address>
         <run_address>0x848</run_address>
         <size>0x297</size>
         <input_file_ref idref="fl-2"/>
      </object_component>
      <object_component id="oc-1e0">
         <name>.debug_info</name>
         <load_address>0xadf</load_address>
         <run_address>0xadf</run_address>
         <size>0xef</size>
         <input_file_ref idref="fl-2"/>
      </object_component>
      <object_component id="oc-99">
         <name>.debug_info</name>
         <load_address>0xbce</load_address>
         <run_address>0xbce</run_address>
         <size>0xbb</size>
         <input_file_ref idref="fl-2"/>
      </object_component>
      <object_component id="oc-8d">
         <name>.debug_info</name>
         <load_address>0xc89</load_address>
         <run_address>0xc89</run_address>
         <size>0x53</size>
         <input_file_ref idref="fl-2"/>
      </object_component>
      <object_component id="oc-10c">
         <name>.debug_info</name>
         <load_address>0xcdc</load_address>
         <run_address>0xcdc</run_address>
         <size>0x14c</size>
         <input_file_ref idref="fl-2"/>
      </object_component>
      <object_component id="oc-202">
         <name>.debug_info</name>
         <load_address>0xe28</load_address>
         <run_address>0xe28</run_address>
         <size>0x5aa</size>
         <input_file_ref idref="fl-3"/>
      </object_component>
      <object_component id="oc-18d">
         <name>.debug_info</name>
         <load_address>0x13d2</load_address>
         <run_address>0x13d2</run_address>
         <size>0x110</size>
         <input_file_ref idref="fl-3"/>
      </object_component>
      <object_component id="oc-273">
         <name>.debug_info</name>
         <load_address>0x14e2</load_address>
         <run_address>0x14e2</run_address>
         <size>0x39</size>
         <input_file_ref idref="fl-3"/>
      </object_component>
      <object_component id="oc-143">
         <name>.debug_info</name>
         <load_address>0x151b</load_address>
         <run_address>0x151b</run_address>
         <size>0x46</size>
         <input_file_ref idref="fl-3"/>
      </object_component>
      <object_component id="oc-278">
         <name>.debug_info</name>
         <load_address>0x1561</load_address>
         <run_address>0x1561</run_address>
         <size>0x76</size>
         <input_file_ref idref="fl-3"/>
      </object_component>
      <object_component id="oc-1bb">
         <name>.debug_info</name>
         <load_address>0x15d7</load_address>
         <run_address>0x15d7</run_address>
         <size>0x39e</size>
         <input_file_ref idref="fl-4"/>
      </object_component>
      <object_component id="oc-1b8">
         <name>.debug_info</name>
         <load_address>0x1975</load_address>
         <run_address>0x1975</run_address>
         <size>0x116</size>
         <input_file_ref idref="fl-4"/>
      </object_component>
      <object_component id="oc-1b5">
         <name>.debug_info</name>
         <load_address>0x1a8b</load_address>
         <run_address>0x1a8b</run_address>
         <size>0x116</size>
         <input_file_ref idref="fl-4"/>
      </object_component>
      <object_component id="oc-1b2">
         <name>.debug_info</name>
         <load_address>0x1ba1</load_address>
         <run_address>0x1ba1</run_address>
         <size>0x1ca</size>
         <input_file_ref idref="fl-4"/>
      </object_component>
      <object_component id="oc-f2">
         <name>.debug_info</name>
         <load_address>0x1d6b</load_address>
         <run_address>0x1d6b</run_address>
         <size>0xa85</size>
         <input_file_ref idref="fl-4"/>
      </object_component>
      <object_component id="oc-233">
         <name>.debug_info</name>
         <load_address>0x27f0</load_address>
         <run_address>0x27f0</run_address>
         <size>0x62</size>
         <input_file_ref idref="fl-4"/>
      </object_component>
      <object_component id="oc-193">
         <name>.debug_info</name>
         <load_address>0x2852</load_address>
         <run_address>0x2852</run_address>
         <size>0x2fa</size>
         <input_file_ref idref="fl-5"/>
      </object_component>
      <object_component id="oc-d9">
         <name>.debug_info</name>
         <load_address>0x2b4c</load_address>
         <run_address>0x2b4c</run_address>
         <size>0x6cb</size>
         <input_file_ref idref="fl-5"/>
      </object_component>
      <object_component id="oc-13a">
         <name>.debug_info</name>
         <load_address>0x3217</load_address>
         <run_address>0x3217</run_address>
         <size>0x7d9</size>
         <input_file_ref idref="fl-6"/>
      </object_component>
      <object_component id="oc-c0">
         <name>.debug_info</name>
         <load_address>0x39f0</load_address>
         <run_address>0x39f0</run_address>
         <size>0x63c</size>
         <input_file_ref idref="fl-6"/>
      </object_component>
      <object_component id="oc-148">
         <name>.debug_info</name>
         <load_address>0x402c</load_address>
         <run_address>0x402c</run_address>
         <size>0x8b</size>
         <input_file_ref idref="fl-6"/>
      </object_component>
      <object_component id="oc-1cb">
         <name>.debug_info</name>
         <load_address>0x40b7</load_address>
         <run_address>0x40b7</run_address>
         <size>0x46</size>
         <input_file_ref idref="fl-6"/>
      </object_component>
      <object_component id="oc-1fd">
         <name>.debug_info</name>
         <load_address>0x40fd</load_address>
         <run_address>0x40fd</run_address>
         <size>0x2c</size>
         <input_file_ref idref="fl-6"/>
      </object_component>
      <object_component id="oc-87">
         <name>.debug_info</name>
         <load_address>0x4129</load_address>
         <run_address>0x4129</run_address>
         <size>0x33e</size>
         <input_file_ref idref="fl-7"/>
      </object_component>
      <object_component id="oc-7a">
         <name>.debug_info</name>
         <load_address>0x4467</load_address>
         <run_address>0x4467</run_address>
         <size>0xf7</size>
         <input_file_ref idref="fl-7"/>
      </object_component>
      <object_component id="oc-84">
         <name>.debug_info</name>
         <load_address>0x455e</load_address>
         <run_address>0x455e</run_address>
         <size>0xde</size>
         <input_file_ref idref="fl-7"/>
      </object_component>
      <object_component id="oc-30">
         <name>.debug_info</name>
         <load_address>0x463c</load_address>
         <run_address>0x463c</run_address>
         <size>0x4a1</size>
         <input_file_ref idref="fl-7"/>
      </object_component>
      <object_component id="oc-2c">
         <name>.debug_info</name>
         <load_address>0x4add</load_address>
         <run_address>0x4add</run_address>
         <size>0x22f</size>
         <input_file_ref idref="fl-8"/>
      </object_component>
      <object_component id="oc-1c8">
         <name>.debug_info</name>
         <load_address>0x4d0c</load_address>
         <run_address>0x4d0c</run_address>
         <size>0x7a0</size>
         <input_file_ref idref="fl-9"/>
      </object_component>
      <object_component id="oc-129">
         <name>.debug_info</name>
         <load_address>0x54ac</load_address>
         <run_address>0x54ac</run_address>
         <size>0x3390</size>
         <input_file_ref idref="fl-9"/>
      </object_component>
      <object_component id="oc-23e">
         <name>.debug_info</name>
         <load_address>0x883c</load_address>
         <run_address>0x883c</run_address>
         <size>0x1cd</size>
         <input_file_ref idref="fl-9"/>
      </object_component>
      <object_component id="oc-d3">
         <name>.debug_info</name>
         <load_address>0x8a09</load_address>
         <run_address>0x8a09</run_address>
         <size>0x700</size>
         <input_file_ref idref="fl-a"/>
      </object_component>
      <object_component id="oc-77">
         <name>.debug_info</name>
         <load_address>0x9109</load_address>
         <run_address>0x9109</run_address>
         <size>0x31e</size>
         <input_file_ref idref="fl-a"/>
      </object_component>
      <object_component id="oc-dd">
         <name>.debug_info</name>
         <load_address>0x9427</load_address>
         <run_address>0x9427</run_address>
         <size>0x11a</size>
         <input_file_ref idref="fl-a"/>
      </object_component>
      <object_component id="oc-f8">
         <name>.debug_info</name>
         <load_address>0x9541</load_address>
         <run_address>0x9541</run_address>
         <size>0x11a</size>
         <input_file_ref idref="fl-a"/>
      </object_component>
      <object_component id="oc-fb">
         <name>.debug_info</name>
         <load_address>0x965b</load_address>
         <run_address>0x965b</run_address>
         <size>0x11a</size>
         <input_file_ref idref="fl-a"/>
      </object_component>
      <object_component id="oc-ef">
         <name>.debug_info</name>
         <load_address>0x9775</load_address>
         <run_address>0x9775</run_address>
         <size>0x15c</size>
         <input_file_ref idref="fl-a"/>
      </object_component>
      <object_component id="oc-ec">
         <name>.debug_info</name>
         <load_address>0x98d1</load_address>
         <run_address>0x98d1</run_address>
         <size>0x11a</size>
         <input_file_ref idref="fl-a"/>
      </object_component>
      <object_component id="oc-e0">
         <name>.debug_info</name>
         <load_address>0x99eb</load_address>
         <run_address>0x99eb</run_address>
         <size>0x128</size>
         <input_file_ref idref="fl-a"/>
      </object_component>
      <object_component id="oc-e9">
         <name>.debug_info</name>
         <load_address>0x9b13</load_address>
         <run_address>0x9b13</run_address>
         <size>0x11c</size>
         <input_file_ref idref="fl-a"/>
      </object_component>
      <object_component id="oc-7d">
         <name>.debug_info</name>
         <load_address>0x9c2f</load_address>
         <run_address>0x9c2f</run_address>
         <size>0x58a0</size>
         <input_file_ref idref="fl-a"/>
      </object_component>
      <object_component id="oc-103">
         <name>.debug_info</name>
         <load_address>0xf4cf</load_address>
         <run_address>0xf4cf</run_address>
         <size>0x169</size>
         <input_file_ref idref="fl-a"/>
      </object_component>
      <object_component id="oc-1a5">
         <name>.debug_info</name>
         <load_address>0xf638</load_address>
         <run_address>0xf638</run_address>
         <size>0x807</size>
         <input_file_ref idref="fl-b"/>
      </object_component>
      <object_component id="oc-19f">
         <name>.debug_info</name>
         <load_address>0xfe3f</load_address>
         <run_address>0xfe3f</run_address>
         <size>0x11b</size>
         <input_file_ref idref="fl-b"/>
      </object_component>
      <object_component id="oc-1a2">
         <name>.debug_info</name>
         <load_address>0xff5a</load_address>
         <run_address>0xff5a</run_address>
         <size>0x11b</size>
         <input_file_ref idref="fl-b"/>
      </object_component>
      <object_component id="oc-19c">
         <name>.debug_info</name>
         <load_address>0x10075</load_address>
         <run_address>0x10075</run_address>
         <size>0x153</size>
         <input_file_ref idref="fl-b"/>
      </object_component>
      <object_component id="oc-199">
         <name>.debug_info</name>
         <load_address>0x101c8</load_address>
         <run_address>0x101c8</run_address>
         <size>0x10f</size>
         <input_file_ref idref="fl-b"/>
      </object_component>
      <object_component id="oc-e3">
         <name>.debug_info</name>
         <load_address>0x102d7</load_address>
         <run_address>0x102d7</run_address>
         <size>0x1d66</size>
         <input_file_ref idref="fl-b"/>
      </object_component>
      <object_component id="oc-1a6">
         <name>.debug_info</name>
         <load_address>0x1203d</load_address>
         <run_address>0x1203d</run_address>
         <size>0x1ce</size>
         <input_file_ref idref="fl-b"/>
      </object_component>
      <object_component id="oc-37">
         <name>.debug_info</name>
         <load_address>0x1220b</load_address>
         <run_address>0x1220b</run_address>
         <size>0x32b</size>
         <input_file_ref idref="fl-c"/>
      </object_component>
      <object_component id="oc-10">
         <name>.debug_info</name>
         <load_address>0x12536</load_address>
         <run_address>0x12536</run_address>
         <size>0xea</size>
         <input_file_ref idref="fl-c"/>
      </object_component>
      <object_component id="oc-28">
         <name>.debug_info</name>
         <load_address>0x12620</load_address>
         <run_address>0x12620</run_address>
         <size>0x26b</size>
         <input_file_ref idref="fl-c"/>
      </object_component>
      <object_component id="oc-1ed">
         <name>.debug_info</name>
         <load_address>0x1288b</load_address>
         <run_address>0x1288b</run_address>
         <size>0x336</size>
         <input_file_ref idref="fl-11"/>
      </object_component>
      <object_component id="oc-1e5">
         <name>.debug_info</name>
         <load_address>0x12bc1</load_address>
         <run_address>0x12bc1</run_address>
         <size>0x34a</size>
         <input_file_ref idref="fl-1a"/>
      </object_component>
      <object_component id="oc-1d1">
         <name>.debug_info</name>
         <load_address>0x12f0b</load_address>
         <run_address>0x12f0b</run_address>
         <size>0xfa</size>
         <input_file_ref idref="fl-1a"/>
      </object_component>
      <object_component id="oc-1d4">
         <name>.debug_info</name>
         <load_address>0x13005</load_address>
         <run_address>0x13005</run_address>
         <size>0xfc</size>
         <input_file_ref idref="fl-1a"/>
      </object_component>
      <object_component id="oc-1dd">
         <name>.debug_info</name>
         <load_address>0x13101</load_address>
         <run_address>0x13101</run_address>
         <size>0xee</size>
         <input_file_ref idref="fl-1a"/>
      </object_component>
      <object_component id="oc-12e">
         <name>.debug_info</name>
         <load_address>0x131ef</load_address>
         <run_address>0x131ef</run_address>
         <size>0x2e8a</size>
         <input_file_ref idref="fl-1a"/>
      </object_component>
      <object_component id="oc-25d">
         <name>.debug_info</name>
         <load_address>0x16079</load_address>
         <run_address>0x16079</run_address>
         <size>0x337</size>
         <input_file_ref idref="fl-1d"/>
      </object_component>
      <object_component id="oc-24b">
         <name>.debug_info</name>
         <load_address>0x163b0</load_address>
         <run_address>0x163b0</run_address>
         <size>0xe9</size>
         <input_file_ref idref="fl-1d"/>
      </object_component>
      <object_component id="oc-24e">
         <name>.debug_info</name>
         <load_address>0x16499</load_address>
         <run_address>0x16499</run_address>
         <size>0xe1</size>
         <input_file_ref idref="fl-1d"/>
      </object_component>
      <object_component id="oc-251">
         <name>.debug_info</name>
         <load_address>0x1657a</load_address>
         <run_address>0x1657a</run_address>
         <size>0xe5</size>
         <input_file_ref idref="fl-1d"/>
      </object_component>
      <object_component id="oc-254">
         <name>.debug_info</name>
         <load_address>0x1665f</load_address>
         <run_address>0x1665f</run_address>
         <size>0xeb</size>
         <input_file_ref idref="fl-1d"/>
      </object_component>
      <object_component id="oc-257">
         <name>.debug_info</name>
         <load_address>0x1674a</load_address>
         <run_address>0x1674a</run_address>
         <size>0xe9</size>
         <input_file_ref idref="fl-1d"/>
      </object_component>
      <object_component id="oc-25a">
         <name>.debug_info</name>
         <load_address>0x16833</load_address>
         <run_address>0x16833</run_address>
         <size>0xed</size>
         <input_file_ref idref="fl-1d"/>
      </object_component>
      <object_component id="oc-248">
         <name>.debug_info</name>
         <load_address>0x16920</load_address>
         <run_address>0x16920</run_address>
         <size>0xea</size>
         <input_file_ref idref="fl-1d"/>
      </object_component>
      <object_component id="oc-1d7">
         <name>.debug_info</name>
         <load_address>0x16a0a</load_address>
         <run_address>0x16a0a</run_address>
         <size>0xcea</size>
         <input_file_ref idref="fl-1d"/>
      </object_component>
      <object_component id="oc-1fa">
         <name>.debug_info</name>
         <load_address>0x176f4</load_address>
         <run_address>0x176f4</run_address>
         <size>0x3bc</size>
         <input_file_ref idref="fl-26"/>
      </object_component>
      <object_component id="oc-1f0">
         <name>.debug_info</name>
         <load_address>0x17ab0</load_address>
         <run_address>0x17ab0</run_address>
         <size>0xe0</size>
         <input_file_ref idref="fl-26"/>
      </object_component>
      <object_component id="oc-1f6">
         <name>.debug_info</name>
         <load_address>0x17b90</load_address>
         <run_address>0x17b90</run_address>
         <size>0xec</size>
         <input_file_ref idref="fl-26"/>
      </object_component>
      <object_component id="oc-1e7">
         <name>.debug_info</name>
         <load_address>0x17c7c</load_address>
         <run_address>0x17c7c</run_address>
         <size>0xe6</size>
         <input_file_ref idref="fl-26"/>
      </object_component>
      <object_component id="oc-1f3">
         <name>.debug_info</name>
         <load_address>0x17d62</load_address>
         <run_address>0x17d62</run_address>
         <size>0xf3</size>
         <input_file_ref idref="fl-26"/>
      </object_component>
      <object_component id="oc-135">
         <name>.debug_info</name>
         <load_address>0x17e55</load_address>
         <run_address>0x17e55</run_address>
         <size>0x2b14</size>
         <input_file_ref idref="fl-26"/>
      </object_component>
      <object_component id="oc-26d">
         <name>.debug_info</name>
         <load_address>0x1a969</load_address>
         <run_address>0x1a969</run_address>
         <size>0x51</size>
         <input_file_ref idref="fl-26"/>
      </object_component>
      <object_component id="oc-44">
         <name>.debug_info</name>
         <load_address>0x1a9ba</load_address>
         <run_address>0x1a9ba</run_address>
         <size>0x111</size>
         <input_file_ref idref="fl-ec"/>
      </object_component>
      <object_component id="oc-b5">
         <name>.debug_info</name>
         <load_address>0x1aacb</load_address>
         <run_address>0x1aacb</run_address>
         <size>0x13f</size>
         <input_file_ref idref="fl-ed"/>
      </object_component>
      <object_component id="oc-b2">
         <name>.debug_info</name>
         <load_address>0x1ac0a</load_address>
         <run_address>0x1ac0a</run_address>
         <size>0x313</size>
         <input_file_ref idref="fl-ee"/>
      </object_component>
      <object_component id="oc-57">
         <name>.debug_info</name>
         <load_address>0x1af1d</load_address>
         <run_address>0x1af1d</run_address>
         <size>0x1aa</size>
         <input_file_ref idref="fl-ee"/>
      </object_component>
      <object_component id="oc-ad">
         <name>.debug_info</name>
         <load_address>0x1b0c7</load_address>
         <run_address>0x1b0c7</run_address>
         <size>0x46</size>
         <input_file_ref idref="fl-ee"/>
      </object_component>
      <object_component id="oc-11e">
         <name>.debug_info</name>
         <load_address>0x1b10d</load_address>
         <run_address>0x1b10d</run_address>
         <size>0x2c</size>
         <input_file_ref idref="fl-ee"/>
      </object_component>
      <object_component id="oc-4e">
         <name>.debug_info</name>
         <load_address>0x1b139</load_address>
         <run_address>0x1b139</run_address>
         <size>0x29d</size>
         <input_file_ref idref="fl-ef"/>
      </object_component>
      <object_component id="oc-1b">
         <name>.debug_info</name>
         <load_address>0x1b3d6</load_address>
         <run_address>0x1b3d6</run_address>
         <size>0x1df</size>
         <input_file_ref idref="fl-ef"/>
      </object_component>
      <object_component id="oc-49">
         <name>.debug_info</name>
         <load_address>0x1b5b5</load_address>
         <run_address>0x1b5b5</run_address>
         <size>0x46</size>
         <input_file_ref idref="fl-ef"/>
      </object_component>
      <object_component id="oc-a5">
         <name>.debug_info</name>
         <load_address>0x1b5fb</load_address>
         <run_address>0x1b5fb</run_address>
         <size>0x2c</size>
         <input_file_ref idref="fl-ef"/>
      </object_component>
      <object_component id="oc-a3">
         <name>.debug_info</name>
         <load_address>0x1b627</load_address>
         <run_address>0x1b627</run_address>
         <size>0x293</size>
         <input_file_ref idref="fl-f0"/>
      </object_component>
      <object_component id="oc-16">
         <name>.debug_info</name>
         <load_address>0x1b8ba</load_address>
         <run_address>0x1b8ba</run_address>
         <size>0x245</size>
         <input_file_ref idref="fl-f0"/>
      </object_component>
      <object_component id="oc-39">
         <name>.debug_info</name>
         <load_address>0x1baff</load_address>
         <run_address>0x1baff</run_address>
         <size>0x60</size>
         <input_file_ref idref="fl-f0"/>
      </object_component>
      <object_component id="oc-117">
         <name>.debug_info</name>
         <load_address>0x1bb5f</load_address>
         <run_address>0x1bb5f</run_address>
         <size>0x46</size>
         <input_file_ref idref="fl-f0"/>
      </object_component>
      <object_component id="oc-9e">
         <name>.debug_info</name>
         <load_address>0x1bba5</load_address>
         <run_address>0x1bba5</run_address>
         <size>0x39</size>
         <input_file_ref idref="fl-f0"/>
      </object_component>
      <object_component id="oc-22">
         <name>.debug_info</name>
         <load_address>0x1bbde</load_address>
         <run_address>0x1bbde</run_address>
         <size>0x100</size>
         <input_file_ref idref="fl-f1"/>
      </object_component>
      <object_component id="oc-62">
         <name>.debug_info</name>
         <load_address>0x1bcde</load_address>
         <run_address>0x1bcde</run_address>
         <size>0x1a4</size>
         <input_file_ref idref="fl-f1"/>
      </object_component>
      <object_component id="oc-14e">
         <name>.debug_info</name>
         <load_address>0x1be82</load_address>
         <run_address>0x1be82</run_address>
         <size>0x117</size>
         <input_file_ref idref="fl-f2"/>
      </object_component>
      <object_component id="oc-20e">
         <name>.debug_info</name>
         <load_address>0x1bf99</load_address>
         <run_address>0x1bf99</run_address>
         <size>0x547</size>
         <input_file_ref idref="fl-f5"/>
      </object_component>
      <object_component id="oc-15b">
         <name>.debug_info</name>
         <load_address>0x1c4e0</load_address>
         <run_address>0x1c4e0</run_address>
         <size>0x19b</size>
         <input_file_ref idref="fl-f5"/>
      </object_component>
      <object_component id="oc-28d">
         <name>.debug_info</name>
         <load_address>0x1c67b</load_address>
         <run_address>0x1c67b</run_address>
         <size>0x39</size>
         <input_file_ref idref="fl-f5"/>
      </object_component>
      <object_component id="oc-2b1">
         <name>.debug_info</name>
         <load_address>0x1c6b4</load_address>
         <run_address>0x1c6b4</run_address>
         <size>0x39</size>
         <input_file_ref idref="fl-f5"/>
      </object_component>
      <object_component id="oc-292">
         <name>.debug_info</name>
         <load_address>0x1c6ed</load_address>
         <run_address>0x1c6ed</run_address>
         <size>0x39</size>
         <input_file_ref idref="fl-f5"/>
      </object_component>
      <object_component id="oc-297">
         <name>.debug_info</name>
         <load_address>0x1c726</load_address>
         <run_address>0x1c726</run_address>
         <size>0xcd</size>
         <input_file_ref idref="fl-f5"/>
      </object_component>
      <object_component id="oc-bc">
         <name>.debug_info</name>
         <load_address>0x1c7f3</load_address>
         <run_address>0x1c7f3</run_address>
         <size>0x148</size>
         <input_file_ref idref="fl-f6"/>
      </object_component>
      <object_component id="oc-2ea">
         <name>.debug_info</name>
         <load_address>0x1c93b</load_address>
         <run_address>0x1c93b</run_address>
         <size>0x9f</size>
      </object_component>
      <object_component id="oc-1c1">
         <name>.debug_line</name>
         <load_address>0x0</load_address>
         <run_address>0x0</run_address>
         <size>0x20</size>
         <input_file_ref idref="fl-2"/>
      </object_component>
      <object_component id="oc-101">
         <name>.debug_line</name>
         <load_address>0x20</load_address>
         <run_address>0x20</run_address>
         <size>0x55</size>
         <input_file_ref idref="fl-2"/>
      </object_component>
      <object_component id="oc-97">
         <name>.debug_line</name>
         <load_address>0x75</load_address>
         <run_address>0x75</run_address>
         <size>0x7b</size>
         <input_file_ref idref="fl-2"/>
      </object_component>
      <object_component id="oc-41">
         <name>.debug_line</name>
         <load_address>0xf0</load_address>
         <run_address>0xf0</run_address>
         <size>0x20</size>
         <input_file_ref idref="fl-2"/>
      </object_component>
      <object_component id="oc-1c5">
         <name>.debug_line</name>
         <load_address>0x110</load_address>
         <run_address>0x110</run_address>
         <size>0x59</size>
         <input_file_ref idref="fl-2"/>
      </object_component>
      <object_component id="oc-8b">
         <name>.debug_line</name>
         <load_address>0x169</load_address>
         <run_address>0x169</run_address>
         <size>0x59</size>
         <input_file_ref idref="fl-2"/>
      </object_component>
      <object_component id="oc-115">
         <name>.debug_line</name>
         <load_address>0x1c2</load_address>
         <run_address>0x1c2</run_address>
         <size>0x7f</size>
         <input_file_ref idref="fl-2"/>
      </object_component>
      <object_component id="oc-1e3">
         <name>.debug_line</name>
         <load_address>0x241</load_address>
         <run_address>0x241</run_address>
         <size>0x7b</size>
         <input_file_ref idref="fl-2"/>
      </object_component>
      <object_component id="oc-9c">
         <name>.debug_line</name>
         <load_address>0x2bc</load_address>
         <run_address>0x2bc</run_address>
         <size>0x7c</size>
         <input_file_ref idref="fl-2"/>
      </object_component>
      <object_component id="oc-90">
         <name>.debug_line</name>
         <load_address>0x338</load_address>
         <run_address>0x338</run_address>
         <size>0x5a</size>
         <input_file_ref idref="fl-2"/>
      </object_component>
      <object_component id="oc-10f">
         <name>.debug_line</name>
         <load_address>0x392</load_address>
         <run_address>0x392</run_address>
         <size>0x55</size>
         <input_file_ref idref="fl-2"/>
      </object_component>
      <object_component id="oc-272">
         <name>.debug_line</name>
         <load_address>0x3e7</load_address>
         <run_address>0x3e7</run_address>
         <size>0xfd</size>
         <input_file_ref idref="fl-3"/>
      </object_component>
      <object_component id="oc-190">
         <name>.debug_line</name>
         <load_address>0x4e4</load_address>
         <run_address>0x4e4</run_address>
         <size>0x77</size>
         <input_file_ref idref="fl-3"/>
      </object_component>
      <object_component id="oc-276">
         <name>.debug_line</name>
         <load_address>0x55b</load_address>
         <run_address>0x55b</run_address>
         <size>0x5d</size>
         <input_file_ref idref="fl-3"/>
      </object_component>
      <object_component id="oc-146">
         <name>.debug_line</name>
         <load_address>0x5b8</load_address>
         <run_address>0x5b8</run_address>
         <size>0x57</size>
         <input_file_ref idref="fl-3"/>
      </object_component>
      <object_component id="oc-27b">
         <name>.debug_line</name>
         <load_address>0x60f</load_address>
         <run_address>0x60f</run_address>
         <size>0x70</size>
         <input_file_ref idref="fl-3"/>
      </object_component>
      <object_component id="oc-23b">
         <name>.debug_line</name>
         <load_address>0x67f</load_address>
         <run_address>0x67f</run_address>
         <size>0x55</size>
         <input_file_ref idref="fl-4"/>
      </object_component>
      <object_component id="oc-239">
         <name>.debug_line</name>
         <load_address>0x6d4</load_address>
         <run_address>0x6d4</run_address>
         <size>0x7b</size>
         <input_file_ref idref="fl-4"/>
      </object_component>
      <object_component id="oc-232">
         <name>.debug_line</name>
         <load_address>0x74f</load_address>
         <run_address>0x74f</run_address>
         <size>0x7b</size>
         <input_file_ref idref="fl-4"/>
      </object_component>
      <object_component id="oc-230">
         <name>.debug_line</name>
         <load_address>0x7ca</load_address>
         <run_address>0x7ca</run_address>
         <size>0x7b</size>
         <input_file_ref idref="fl-4"/>
      </object_component>
      <object_component id="oc-f5">
         <name>.debug_line</name>
         <load_address>0x845</load_address>
         <run_address>0x845</run_address>
         <size>0x1d7</size>
         <input_file_ref idref="fl-4"/>
      </object_component>
      <object_component id="oc-236">
         <name>.debug_line</name>
         <load_address>0xa1c</load_address>
         <run_address>0xa1c</run_address>
         <size>0x7b</size>
         <input_file_ref idref="fl-4"/>
      </object_component>
      <object_component id="oc-224">
         <name>.debug_line</name>
         <load_address>0xa97</load_address>
         <run_address>0xa97</run_address>
         <size>0x20</size>
         <input_file_ref idref="fl-5"/>
      </object_component>
      <object_component id="oc-d7">
         <name>.debug_line</name>
         <load_address>0xab7</load_address>
         <run_address>0xab7</run_address>
         <size>0x120</size>
         <input_file_ref idref="fl-5"/>
      </object_component>
      <object_component id="oc-1fc">
         <name>.debug_line</name>
         <load_address>0xbd7</load_address>
         <run_address>0xbd7</run_address>
         <size>0x87</size>
         <input_file_ref idref="fl-6"/>
      </object_component>
      <object_component id="oc-c4">
         <name>.debug_line</name>
         <load_address>0xc5e</load_address>
         <run_address>0xc5e</run_address>
         <size>0x122</size>
         <input_file_ref idref="fl-6"/>
      </object_component>
      <object_component id="oc-14b">
         <name>.debug_line</name>
         <load_address>0xd80</load_address>
         <run_address>0xd80</run_address>
         <size>0x20</size>
         <input_file_ref idref="fl-6"/>
      </object_component>
      <object_component id="oc-1ce">
         <name>.debug_line</name>
         <load_address>0xda0</load_address>
         <run_address>0xda0</run_address>
         <size>0x2e</size>
         <input_file_ref idref="fl-6"/>
      </object_component>
      <object_component id="oc-200">
         <name>.debug_line</name>
         <load_address>0xdce</load_address>
         <run_address>0xdce</run_address>
         <size>0x2f</size>
         <input_file_ref idref="fl-6"/>
      </object_component>
      <object_component id="oc-10b">
         <name>.debug_line</name>
         <load_address>0xdfd</load_address>
         <run_address>0xdfd</run_address>
         <size>0x3a</size>
         <input_file_ref idref="fl-7"/>
      </object_component>
      <object_component id="oc-d5">
         <name>.debug_line</name>
         <load_address>0xe37</load_address>
         <run_address>0xe37</run_address>
         <size>0x2d</size>
         <input_file_ref idref="fl-7"/>
      </object_component>
      <object_component id="oc-109">
         <name>.debug_line</name>
         <load_address>0xe64</load_address>
         <run_address>0xe64</run_address>
         <size>0x2d</size>
         <input_file_ref idref="fl-7"/>
      </object_component>
      <object_component id="oc-33">
         <name>.debug_line</name>
         <load_address>0xe91</load_address>
         <run_address>0xe91</run_address>
         <size>0x126</size>
         <input_file_ref idref="fl-7"/>
      </object_component>
      <object_component id="oc-2b">
         <name>.debug_line</name>
         <load_address>0xfb7</load_address>
         <run_address>0xfb7</run_address>
         <size>0xc9</size>
         <input_file_ref idref="fl-8"/>
      </object_component>
      <object_component id="oc-23d">
         <name>.debug_line</name>
         <load_address>0x1080</load_address>
         <run_address>0x1080</run_address>
         <size>0x146</size>
         <input_file_ref idref="fl-9"/>
      </object_component>
      <object_component id="oc-128">
         <name>.debug_line</name>
         <load_address>0x11c6</load_address>
         <run_address>0x11c6</run_address>
         <size>0x77f</size>
         <input_file_ref idref="fl-9"/>
      </object_component>
      <object_component id="oc-241">
         <name>.debug_line</name>
         <load_address>0x1945</load_address>
         <run_address>0x1945</run_address>
         <size>0x69</size>
         <input_file_ref idref="fl-9"/>
      </object_component>
      <object_component id="oc-18c">
         <name>.debug_line</name>
         <load_address>0x19ae</load_address>
         <run_address>0x19ae</run_address>
         <size>0x156</size>
         <input_file_ref idref="fl-a"/>
      </object_component>
      <object_component id="oc-d2">
         <name>.debug_line</name>
         <load_address>0x1b04</load_address>
         <run_address>0x1b04</run_address>
         <size>0x69</size>
         <input_file_ref idref="fl-a"/>
      </object_component>
      <object_component id="oc-195">
         <name>.debug_line</name>
         <load_address>0x1b6d</load_address>
         <run_address>0x1b6d</run_address>
         <size>0x69</size>
         <input_file_ref idref="fl-a"/>
      </object_component>
      <object_component id="oc-1bd">
         <name>.debug_line</name>
         <load_address>0x1bd6</load_address>
         <run_address>0x1bd6</run_address>
         <size>0x69</size>
         <input_file_ref idref="fl-a"/>
      </object_component>
      <object_component id="oc-1bf">
         <name>.debug_line</name>
         <load_address>0x1c3f</load_address>
         <run_address>0x1c3f</run_address>
         <size>0x69</size>
         <input_file_ref idref="fl-a"/>
      </object_component>
      <object_component id="oc-1b0">
         <name>.debug_line</name>
         <load_address>0x1ca8</load_address>
         <run_address>0x1ca8</run_address>
         <size>0x69</size>
         <input_file_ref idref="fl-a"/>
      </object_component>
      <object_component id="oc-1ae">
         <name>.debug_line</name>
         <load_address>0x1d11</load_address>
         <run_address>0x1d11</run_address>
         <size>0x69</size>
         <input_file_ref idref="fl-a"/>
      </object_component>
      <object_component id="oc-197">
         <name>.debug_line</name>
         <load_address>0x1d7a</load_address>
         <run_address>0x1d7a</run_address>
         <size>0x69</size>
         <input_file_ref idref="fl-a"/>
      </object_component>
      <object_component id="oc-1ac">
         <name>.debug_line</name>
         <load_address>0x1de3</load_address>
         <run_address>0x1de3</run_address>
         <size>0x69</size>
         <input_file_ref idref="fl-a"/>
      </object_component>
      <object_component id="oc-80">
         <name>.debug_line</name>
         <load_address>0x1e4c</load_address>
         <run_address>0x1e4c</run_address>
         <size>0xc6e</size>
         <input_file_ref idref="fl-a"/>
      </object_component>
      <object_component id="oc-106">
         <name>.debug_line</name>
         <load_address>0x2aba</load_address>
         <run_address>0x2aba</run_address>
         <size>0x69</size>
         <input_file_ref idref="fl-a"/>
      </object_component>
      <object_component id="oc-22e">
         <name>.debug_line</name>
         <load_address>0x2b23</load_address>
         <run_address>0x2b23</run_address>
         <size>0x133</size>
         <input_file_ref idref="fl-b"/>
      </object_component>
      <object_component id="oc-22a">
         <name>.debug_line</name>
         <load_address>0x2c56</load_address>
         <run_address>0x2c56</run_address>
         <size>0x6a</size>
         <input_file_ref idref="fl-b"/>
      </object_component>
      <object_component id="oc-22c">
         <name>.debug_line</name>
         <load_address>0x2cc0</load_address>
         <run_address>0x2cc0</run_address>
         <size>0x6a</size>
         <input_file_ref idref="fl-b"/>
      </object_component>
      <object_component id="oc-228">
         <name>.debug_line</name>
         <load_address>0x2d2a</load_address>
         <run_address>0x2d2a</run_address>
         <size>0x6a</size>
         <input_file_ref idref="fl-b"/>
      </object_component>
      <object_component id="oc-226">
         <name>.debug_line</name>
         <load_address>0x2d94</load_address>
         <run_address>0x2d94</run_address>
         <size>0x6a</size>
         <input_file_ref idref="fl-b"/>
      </object_component>
      <object_component id="oc-e7">
         <name>.debug_line</name>
         <load_address>0x2dfe</load_address>
         <run_address>0x2dfe</run_address>
         <size>0x41b</size>
         <input_file_ref idref="fl-b"/>
      </object_component>
      <object_component id="oc-1a9">
         <name>.debug_line</name>
         <load_address>0x3219</load_address>
         <run_address>0x3219</run_address>
         <size>0x6a</size>
         <input_file_ref idref="fl-b"/>
      </object_component>
      <object_component id="oc-93">
         <name>.debug_line</name>
         <load_address>0x3283</load_address>
         <run_address>0x3283</run_address>
         <size>0x42</size>
         <input_file_ref idref="fl-c"/>
      </object_component>
      <object_component id="oc-36">
         <name>.debug_line</name>
         <load_address>0x32c5</load_address>
         <run_address>0x32c5</run_address>
         <size>0x42</size>
         <input_file_ref idref="fl-c"/>
      </object_component>
      <object_component id="oc-25">
         <name>.debug_line</name>
         <load_address>0x3307</load_address>
         <run_address>0x3307</run_address>
         <size>0xa2</size>
         <input_file_ref idref="fl-c"/>
      </object_component>
      <object_component id="oc-1ea">
         <name>.debug_line</name>
         <load_address>0x33a9</load_address>
         <run_address>0x33a9</run_address>
         <size>0xd9</size>
         <input_file_ref idref="fl-11"/>
      </object_component>
      <object_component id="oc-261">
         <name>.debug_line</name>
         <load_address>0x3482</load_address>
         <run_address>0x3482</run_address>
         <size>0x64</size>
         <input_file_ref idref="fl-1a"/>
      </object_component>
      <object_component id="oc-244">
         <name>.debug_line</name>
         <load_address>0x34e6</load_address>
         <run_address>0x34e6</run_address>
         <size>0x37</size>
         <input_file_ref idref="fl-1a"/>
      </object_component>
      <object_component id="oc-246">
         <name>.debug_line</name>
         <load_address>0x351d</load_address>
         <run_address>0x351d</run_address>
         <size>0x37</size>
         <input_file_ref idref="fl-1a"/>
      </object_component>
      <object_component id="oc-25f">
         <name>.debug_line</name>
         <load_address>0x3554</load_address>
         <run_address>0x3554</run_address>
         <size>0x37</size>
         <input_file_ref idref="fl-1a"/>
      </object_component>
      <object_component id="oc-131">
         <name>.debug_line</name>
         <load_address>0x358b</load_address>
         <run_address>0x358b</run_address>
         <size>0x5f8</size>
         <input_file_ref idref="fl-1a"/>
      </object_component>
      <object_component id="oc-2ad">
         <name>.debug_line</name>
         <load_address>0x3b83</load_address>
         <run_address>0x3b83</run_address>
         <size>0x5e</size>
         <input_file_ref idref="fl-1d"/>
      </object_component>
      <object_component id="oc-2a1">
         <name>.debug_line</name>
         <load_address>0x3be1</load_address>
         <run_address>0x3be1</run_address>
         <size>0x3c</size>
         <input_file_ref idref="fl-1d"/>
      </object_component>
      <object_component id="oc-2a3">
         <name>.debug_line</name>
         <load_address>0x3c1d</load_address>
         <run_address>0x3c1d</run_address>
         <size>0x3c</size>
         <input_file_ref idref="fl-1d"/>
      </object_component>
      <object_component id="oc-2a5">
         <name>.debug_line</name>
         <load_address>0x3c59</load_address>
         <run_address>0x3c59</run_address>
         <size>0x3c</size>
         <input_file_ref idref="fl-1d"/>
      </object_component>
      <object_component id="oc-2a7">
         <name>.debug_line</name>
         <load_address>0x3c95</load_address>
         <run_address>0x3c95</run_address>
         <size>0x3c</size>
         <input_file_ref idref="fl-1d"/>
      </object_component>
      <object_component id="oc-2a9">
         <name>.debug_line</name>
         <load_address>0x3cd1</load_address>
         <run_address>0x3cd1</run_address>
         <size>0x3c</size>
         <input_file_ref idref="fl-1d"/>
      </object_component>
      <object_component id="oc-2ab">
         <name>.debug_line</name>
         <load_address>0x3d0d</load_address>
         <run_address>0x3d0d</run_address>
         <size>0x3c</size>
         <input_file_ref idref="fl-1d"/>
      </object_component>
      <object_component id="oc-29f">
         <name>.debug_line</name>
         <load_address>0x3d49</load_address>
         <run_address>0x3d49</run_address>
         <size>0x3c</size>
         <input_file_ref idref="fl-1d"/>
      </object_component>
      <object_component id="oc-1db">
         <name>.debug_line</name>
         <load_address>0x3d85</load_address>
         <run_address>0x3d85</run_address>
         <size>0x2ed</size>
         <input_file_ref idref="fl-1d"/>
      </object_component>
      <object_component id="oc-26c">
         <name>.debug_line</name>
         <load_address>0x4072</load_address>
         <run_address>0x4072</run_address>
         <size>0xe3</size>
         <input_file_ref idref="fl-26"/>
      </object_component>
      <object_component id="oc-266">
         <name>.debug_line</name>
         <load_address>0x4155</load_address>
         <run_address>0x4155</run_address>
         <size>0x39</size>
         <input_file_ref idref="fl-26"/>
      </object_component>
      <object_component id="oc-26a">
         <name>.debug_line</name>
         <load_address>0x418e</load_address>
         <run_address>0x418e</run_address>
         <size>0x39</size>
         <input_file_ref idref="fl-26"/>
      </object_component>
      <object_component id="oc-263">
         <name>.debug_line</name>
         <load_address>0x41c7</load_address>
         <run_address>0x41c7</run_address>
         <size>0x39</size>
         <input_file_ref idref="fl-26"/>
      </object_component>
      <object_component id="oc-268">
         <name>.debug_line</name>
         <load_address>0x4200</load_address>
         <run_address>0x4200</run_address>
         <size>0x39</size>
         <input_file_ref idref="fl-26"/>
      </object_component>
      <object_component id="oc-134">
         <name>.debug_line</name>
         <load_address>0x4239</load_address>
         <run_address>0x4239</run_address>
         <size>0x999</size>
         <input_file_ref idref="fl-26"/>
      </object_component>
      <object_component id="oc-26f">
         <name>.debug_line</name>
         <load_address>0x4bd2</load_address>
         <run_address>0x4bd2</run_address>
         <size>0x39</size>
         <input_file_ref idref="fl-26"/>
      </object_component>
      <object_component id="oc-47">
         <name>.debug_line</name>
         <load_address>0x4c0b</load_address>
         <run_address>0x4c0b</run_address>
         <size>0x88</size>
         <input_file_ref idref="fl-ec"/>
      </object_component>
      <object_component id="oc-b4">
         <name>.debug_line</name>
         <load_address>0x4c93</load_address>
         <run_address>0x4c93</run_address>
         <size>0x79</size>
         <input_file_ref idref="fl-ed"/>
      </object_component>
      <object_component id="oc-124">
         <name>.debug_line</name>
         <load_address>0x4d0c</load_address>
         <run_address>0x4d0c</run_address>
         <size>0x9e</size>
         <input_file_ref idref="fl-ee"/>
      </object_component>
      <object_component id="oc-5a">
         <name>.debug_line</name>
         <load_address>0x4daa</load_address>
         <run_address>0x4daa</run_address>
         <size>0x4f</size>
         <input_file_ref idref="fl-ee"/>
      </object_component>
      <object_component id="oc-b0">
         <name>.debug_line</name>
         <load_address>0x4df9</load_address>
         <run_address>0x4df9</run_address>
         <size>0x34</size>
         <input_file_ref idref="fl-ee"/>
      </object_component>
      <object_component id="oc-121">
         <name>.debug_line</name>
         <load_address>0x4e2d</load_address>
         <run_address>0x4e2d</run_address>
         <size>0x8a</size>
         <input_file_ref idref="fl-ee"/>
      </object_component>
      <object_component id="oc-ab">
         <name>.debug_line</name>
         <load_address>0x4eb7</load_address>
         <run_address>0x4eb7</run_address>
         <size>0x20</size>
[...]
      </symbol>
      <symbol id="sm-5a1">
         <name>GPIOPinTypeOneWire</name>
         <value>0x31fb</value>
         <object_component_ref idref="oc-12d"/>
      </symbol>
      <symbol id="sm-5a2">
         <name>GPIOIntClear</name>
         <value>0x2f5b</value>
         <object_component_ref idref="oc-12d"/>
      </symbol>
      <symbol id="sm-5a3">
         <name>GPIOADCTriggerEnable</name>
         <value>0x3435</value>
         <object_component_ref idref="oc-12d"/>
      </symbol>
      <symbol id="sm-5a4">
         <name>GPIOADCTriggerDisable</name>
         <value>0x3453</value>
         <object_component_ref idref="oc-12d"/>
      </symbol>
      <symbol id="sm-5a5">
         <name>GPIOPinTypeUART</name>
         <value>0x32d3</value>
         <object_component_ref idref="oc-12d"/>
      </symbol>
      <symbol id="sm-5a6">
         <name>GPIOIntStatus</name>
         <value>0x2f39</value>
         <object_component_ref idref="oc-12d"/>
      </symbol>
      <symbol id="sm-5a7">
         <name>GPIOPinTypeDIVSCLK</name>
         <value>0x306f</value>
         <object_component_ref idref="oc-12d"/>
      </symbol>
      <symbol id="sm-5a8">
         <name>GPIOPinTypeGPIOOutput</name>
         <value>0x3123</value>
         <object_component_ref idref="oc-12d"/>
      </symbol>
      <symbol id="sm-5a9">
         <name>GPIOIntTypeGet</name>
         <value>0x2ae3</value>
         <object_component_ref idref="oc-12d"/>
      </symbol>
      <symbol id="sm-5aa">
         <name>GPIOPinRead</name>
         <value>0x2fa7</value>
         <object_component_ref idref="oc-12d"/>
      </symbol>
      <symbol id="sm-5ab">
         <name>GPIODirModeSet</name>
         <value>0x2997</value>
         <object_component_ref idref="oc-12d"/>
      </symbol>
      <symbol id="sm-5ac">
         <name>GPIOPinTypeQEI</name>
         <value>0x3243</value>
         <object_component_ref idref="oc-12d"/>
      </symbol>
      <symbol id="sm-5ad">
         <name>GPIOPinTypeHibernateRTCCLK</name>
         <value>0x316b</value>
         <object_component_ref idref="oc-12d"/>
      </symbol>
      <symbol id="sm-5ae">
         <name>GPIODMATriggerEnable</name>
         <value>0x33f9</value>
         <object_component_ref idref="oc-12d"/>
      </symbol>
      <symbol id="sm-5af">
         <name>GPIOPinTypeEthernetMII</name>
         <value>0x30db</value>
         <object_component_ref idref="oc-12d"/>
      </symbol>
      <symbol id="sm-5b0">
         <name>GPIOPinWrite</name>
         <value>0x2fbf</value>
         <object_component_ref idref="oc-12d"/>
      </symbol>
      <symbol id="sm-5b1">
         <name>GPIOPadConfigSet</name>
         <value>0x2b79</value>
         <object_component_ref idref="oc-12d"/>
      </symbol>
      <symbol id="sm-5b2">
         <name>GPIOPinTypeLCD</name>
         <value>0x31d7</value>
         <object_component_ref idref="oc-12d"/>
      </symbol>
      <symbol id="sm-5b3">
         <name>GPIOPinTypeSSI</name>
         <value>0x3267</value>
         <object_component_ref idref="oc-12d"/>
      </symbol>
      <symbol id="sm-5b4">
         <name>GPIOPinTypeTimer</name>
         <value>0x328b</value>
         <object_component_ref idref="oc-12d"/>
      </symbol>
      <symbol id="sm-5b5">
         <name>GPIOPinTypeCAN</name>
         <value>0x3003</value>
         <object_component_ref idref="oc-12d"/>
      </symbol>
      <symbol id="sm-5b6">
         <name>GPIOPinTypeEPI</name>
         <value>0x3093</value>
         <object_component_ref idref="oc-12d"/>
      </symbol>
      <symbol id="sm-5b7">
         <name>GPIOPinTypeEthernetLED</name>
         <value>0x30b7</value>
         <object_component_ref idref="oc-12d"/>
      </symbol>
      <symbol id="sm-5b8">
         <name>GPIOPinWakeStatus</name>
         <value>0x338b</value>
         <object_component_ref idref="oc-12d"/>
      </symbol>
      <symbol id="sm-637">
         <name>IntPendClear</name>
         <value>0x46dd</value>
         <object_component_ref idref="oc-1d6"/>
      </symbol>
      <symbol id="sm-638">
         <name>IntPriorityGroupingGet</name>
         <value>0x4457</value>
         <object_component_ref idref="oc-1d6"/>
      </symbol>
      <symbol id="sm-639">
         <name>IntPrioritySet</name>
         <value>0x448f</value>
         <object_component_ref idref="oc-1d6"/>
      </symbol>
      <symbol id="sm-63a">
         <name>IntIsEnabled</name>
         <value>0x45e7</value>
         <object_component_ref idref="oc-1d6"/>
      </symbol>
      <symbol id="sm-63b">
         <name>IntEnable</name>
         <value>0x4503</value>
         <object_component_ref idref="oc-1d6"/>
      </symbol>
      <symbol id="sm-63c">
         <name>IntTrigger</name>
         <value>0x473f</value>
         <object_component_ref idref="oc-1d6"/>
      </symbol>
      <symbol id="sm-63d">
         <name>IntPriorityMaskSet</name>
         <value>0x472b</value>
         <object_component_ref idref="oc-1d6"/>
      </symbol>
      <symbol id="sm-63e">
         <name>IntPriorityGroupingSet</name>
         <value>0x443d</value>
         <object_component_ref idref="oc-1d6"/>
      </symbol>
      <symbol id="sm-63f">
         <name>IntDisable</name>
         <value>0x4575</value>
         <object_component_ref idref="oc-1d6"/>
      </symbol>
      <symbol id="sm-640">
         <name>IntRegister</name>
         <value>0x43d7</value>
         <object_component_ref idref="oc-1d6"/>
      </symbol>
      <symbol id="sm-641">
         <name>IntPriorityGet</name>
         <value>0x44df</value>
         <object_component_ref idref="oc-1d6"/>
      </symbol>
      <symbol id="sm-642">
         <name>IntMasterDisable</name>
         <value>0x43c7</value>
         <object_component_ref idref="oc-1d6"/>
      </symbol>
      <symbol id="sm-643">
         <name>IntUnregister</name>
         <value>0x4429</value>
         <object_component_ref idref="oc-1d6"/>
      </symbol>
      <symbol id="sm-644">
         <name>IntPriorityMaskGet</name>
         <value>0x4737</value>
         <object_component_ref idref="oc-1d6"/>
      </symbol>
      <symbol id="sm-645">
         <name>g_pfnRAMVectors</name>
         <value>0x20000000</value>
         <object_component_ref idref="oc-247"/>
      </symbol>
      <symbol id="sm-646">
         <name>IntMasterEnable</name>
         <value>0x43b7</value>
         <object_component_ref idref="oc-1d6"/>
      </symbol>
      <symbol id="sm-647">
         <name>IntPendSet</name>
         <value>0x466d</value>
         <object_component_ref idref="oc-1d6"/>
      </symbol>
      <symbol id="sm-78b">
         <name>SysCtlGPIOAHBEnable</name>
         <value>0x2763</value>
         <object_component_ref idref="oc-133"/>
      </symbol>
      <symbol id="sm-78c">
         <name>SysCtlIntRegister</name>
         <value>0x1e61</value>
         <object_component_ref idref="oc-133"/>
      </symbol>
      <symbol id="sm-78d">
         <name>SysCtlFlashSizeGet</name>
         <value>0x1aa3</value>
         <object_component_ref idref="oc-133"/>
      </symbol>
      <symbol id="sm-78e">
         <name>SysCtlPeripheralDeepSleepEnable</name>
         <value>0x1d75</value>
         <object_component_ref idref="oc-133"/>
      </symbol>
      <symbol id="sm-78f">
         <name>SysCtlLDODeepSleepGet</name>
         <value>0x1f07</value>
         <object_component_ref idref="oc-133"/>
      </symbol>
      <symbol id="sm-790">
         <name>SysCtlFlashSectorSizeGet</name>
         <value>0x1acf</value>
         <object_component_ref idref="oc-133"/>
      </symbol>
      <symbol id="sm-791">
         <name>SysCtlIntDisable</name>
         <value>0x1e9d</value>
         <object_component_ref idref="oc-133"/>
      </symbol>
      <symbol id="sm-792">
         <name>SysCtlResetBehaviorGet</name>
         <value>0x1fed</value>
         <object_component_ref idref="oc-133"/>
      </symbol>
      <symbol id="sm-793">
         <name>SysCtlPeripheralPresent</name>
         <value>0x1af5</value>
         <object_component_ref idref="oc-133"/>
      </symbol>
      <symbol id="sm-794">
         <name>SysCtlDeepSleepClockSet</name>
         <value>0x268b</value>
         <object_component_ref idref="oc-133"/>
      </symbol>
      <symbol id="sm-795">
         <name>SysCtlClockSet</name>
         <value>0x2315</value>
         <object_component_ref idref="oc-133"/>
      </symbol>
      <symbol id="sm-796">
         <name>SysCtlAltClkConfig</name>
         <value>0x28f5</value>
         <object_component_ref idref="oc-133"/>
      </symbol>
      <symbol id="sm-797">
         <name>SysCtlPeripheralClockGating</name>
         <value>0x1e0d</value>
         <object_component_ref idref="oc-133"/>
      </symbol>
      <symbol id="sm-798">
         <name>SysCtlIntStatus</name>
         <value>0x1ec5</value>
         <object_component_ref idref="oc-133"/>
      </symbol>
      <symbol id="sm-799">
         <name>SysCtlIntClear</name>
         <value>0x1eb5</value>
         <object_component_ref idref="oc-133"/>
      </symbol>
      <symbol id="sm-79a">
         <name>SysCtlVoltageEventStatus</name>
         <value>0x27c9</value>
         <object_component_ref idref="oc-133"/>
      </symbol>
      <symbol id="sm-79b">
         <name>SysCtlVoltageEventConfig</name>
         <value>0x27b9</value>
         <object_component_ref idref="oc-133"/>
      </symbol>
      <symbol id="sm-79c">
         <name>SysCtlResetCauseGet</name>
         <value>0x1f5d</value>
         <object_component_ref idref="oc-133"/>
      </symbol>
      <symbol id="sm-79d">
         <name>SysCtlSleep</name>
         <value>0x1f39</value>
         <object_component_ref idref="oc-133"/>
      </symbol>
      <symbol id="sm-79e">
         <name>SysCtlPWMClockGet</name>
         <value>0x274d</value>
         <object_component_ref idref="oc-133"/>
      </symbol>
      <symbol id="sm-79f">
         <name>SysCtlDeepSleepPowerSet</name>
         <value>0x1f21</value>
         <object_component_ref idref="oc-133"/>
      </symbol>
      <symbol id="sm-7a0">
         <name>SysCtlClockOutConfig</name>
         <value>0x28d9</value>
         <object_component_ref idref="oc-133"/>
      </symbol>
      <symbol id="sm-7a1">
         <name>SysCtlNMIStatus</name>
         <value>0x28a9</value>
         <object_component_ref idref="oc-133"/>
      </symbol>
      <symbol id="sm-7a2">
         <name>SysCtlDeepSleepClockConfigSet</name>
         <value>0x26a9</value>
         <object_component_ref idref="oc-133"/>
      </symbol>
      <symbol id="sm-7a3">
         <name>SysCtlDelay</name>
         <value>0x523b</value>
         <object_component_ref idref="oc-1f8"/>
      </symbol>
      <symbol id="sm-7a4">
         <name>SysCtlVoltageEventClear</name>
         <value>0x27d5</value>
         <object_component_ref idref="oc-133"/>
      </symbol>
      <symbol id="sm-7a5">
         <name>SysCtlLDOSleepSet</name>
         <value>0x1ee1</value>
         <object_component_ref idref="oc-133"/>
      </symbol>
      <symbol id="sm-7a6">
         <name>SysCtlMOSCConfigSet</name>
         <value>0x1f77</value>
         <object_component_ref idref="oc-133"/>
      </symbol>
      <symbol id="sm-7a7">
         <name>SysCtlPeripheralEnable</name>
         <value>0x1c75</value>
         <object_component_ref idref="oc-133"/>
      </symbol>
      <symbol id="sm-7a8">
         <name>SysCtlIntEnable</name>
         <value>0x1e89</value>
         <object_component_ref idref="oc-133"/>
      </symbol>
      <symbol id="sm-7a9">
         <name>SysCtlNMIClear</name>
         <value>0x28bd</value>
         <object_component_ref idref="oc-133"/>
      </symbol>
      <symbol id="sm-7aa">
         <name>SysCtlPeripheralPowerOff</name>
         <value>0x1bb1</value>
         <object_component_ref idref="oc-133"/>
      </symbol>
      <symbol id="sm-7ab">
         <name>SysCtlSleepPowerSet</name>
         <value>0x1f0d</value>
         <object_component_ref idref="oc-133"/>
      </symbol>
      <symbol id="sm-7ac">
         <name>SysCtlDeepSleep</name>
         <value>0x1f41</value>
         <object_component_ref idref="oc-133"/>
      </symbol>
      <symbol id="sm-7ad">
         <name>SysCtlLDODeepSleepSet</name>
         <value>0x1ef7</value>
         <object_component_ref idref="oc-133"/>
      </symbol>
      <symbol id="sm-7ae">
         <name>SysCtlPeripheralPowerOn</name>
         <value>0x1b75</value>
         <object_component_ref idref="oc-133"/>
      </symbol>
      <symbol id="sm-7af">
         <name>SysCtlPeripheralDeepSleepDisable</name>
         <value>0x1dc5</value>
         <object_component_ref idref="oc-133"/>
      </symbol>
      <symbol id="sm-7b0">
         <name>SysCtlPeripheralSleepDisable</name>
         <value>0x1d39</value>
         <object_component_ref idref="oc-133"/>
      </symbol>
      <symbol id="sm-7b1">
         <name>SysCtlVCOGet</name>
         <value>0x27ed</value>
         <object_component_ref idref="oc-133"/>
      </symbol>
      <symbol id="sm-7b2">
         <name>SysCtlResetBehaviorSet</name>
         <value>0x1fdd</value>
         <object_component_ref idref="oc-133"/>
      </symbol>
      <symbol id="sm-7b3">
         <name>SysCtlReset</name>
         <value>0x1f31</value>
         <object_component_ref idref="oc-133"/>
      </symbol>
      <symbol id="sm-7b4">
         <name>SysCtlGPIOAHBDisable</name>
         <value>0x277f</value>
         <object_component_ref idref="oc-133"/>
      </symbol>
      <symbol id="sm-7b5">
         <name>SysCtlSRAMSizeGet</name>
         <value>0x1a99</value>
         <object_component_ref idref="oc-133"/>
      </symbol>
      <symbol id="sm-7b6">
         <name>SysCtlClockGet</name>
         <value>0x24e5</value>
         <object_component_ref idref="oc-133"/>
      </symbol>
      <symbol id="sm-7b7">
         <name>SysCtlPeripheralDisable</name>
         <value>0x1cb1</value>
         <object_component_ref idref="oc-133"/>
      </symbol>
      <symbol id="sm-7b8">
         <name>SysCtlPWMClockSet</name>
         <value>0x2733</value>
         <object_component_ref idref="oc-133"/>
      </symbol>
      <symbol id="sm-7b9">
         <name>SysCtlUSBPLLEnable</name>
         <value>0x279b</value>
         <object_component_ref idref="oc-133"/>
      </symbol>
      <symbol id="sm-7ba">
         <name>SysCtlPeripheralSleepEnable</name>
         <value>0x1cf5</value>
         <object_component_ref idref="oc-133"/>
      </symbol>
      <symbol id="sm-7bb">
         <name>SysCtlIntUnregister</name>
         <value>0x1e79</value>
         <object_component_ref idref="oc-133"/>
      </symbol>
      <symbol id="sm-7bc">
         <name>SysCtlUSBPLLDisable</name>
         <value>0x27a7</value>
         <object_component_ref idref="oc-133"/>
      </symbol>
      <symbol id="sm-7bd">
         <name>SysCtlPeripheralReady</name>
         <value>0x1b35</value>
         <object_component_ref idref="oc-133"/>
      </symbol>
      <symbol id="sm-7be">
         <name>SysCtlPIOSCCalibrate</name>
         <value>0x1f8d</value>
         <object_component_ref idref="oc-133"/>
      </symbol>
      <symbol id="sm-7bf">
         <name>SysCtlResetCauseClear</name>
         <value>0x1f63</value>
         <object_component_ref idref="oc-133"/>
      </symbol>
      <symbol id="sm-7c0">
         <name>SysCtlLDOSleepGet</name>
         <value>0x1ef1</value>
         <object_component_ref idref="oc-133"/>
      </symbol>
      <symbol id="sm-7c1">
         <name>SysCtlClockFreqSet</name>
         <value>0x2041</value>
         <object_component_ref idref="oc-133"/>
      </symbol>
      <symbol id="sm-7c2">
         <name>SysCtlPeripheralReset</name>
         <value>0x1bed</value>
         <object_component_ref idref="oc-133"/>
      </symbol>
      <symbol id="sm-7e4">
         <name>memcpy</name>
         <value>0x4fdb</value>
         <object_component_ref idref="oc-43"/>
      </symbol>
      <symbol id="sm-7e5">
         <name>__aeabi_memcpy</name>
         <value>0x4fdb</value>
         <object_component_ref idref="oc-43"/>
      </symbol>
      <symbol id="sm-7e6">
         <name>__aeabi_memcpy8</name>
         <value>0x4fdb</value>
         <object_component_ref idref="oc-43"/>
      </symbol>
      <symbol id="sm-7e7">
         <name>__aeabi_memcpy4</name>
         <value>0x4fdb</value>
         <object_component_ref idref="oc-43"/>
      </symbol>
      <symbol id="sm-7f6">
         <name>__aeabi_memset</name>
         <value>0x5079</value>
         <object_component_ref idref="oc-b3"/>
      </symbol>
      <symbol id="sm-7f7">
         <name>memset</name>
         <value>0x507f</value>
         <object_component_ref idref="oc-b3"/>
      </symbol>
      <symbol id="sm-7f8">
         <name>__aeabi_memset8</name>
         <value>0x5079</value>
         <object_component_ref idref="oc-b3"/>
      </symbol>
      <symbol id="sm-7f9">
         <name>__aeabi_memset4</name>
         <value>0x5079</value>
         <object_component_ref idref="oc-b3"/>
      </symbol>
      <symbol id="sm-7fa">
         <name>__aeabi_memclr8</name>
         <value>0x5077</value>
         <object_component_ref idref="oc-b3"/>
      </symbol>
      <symbol id="sm-7fb">
         <name>__aeabi_memclr4</name>
         <value>0x5077</value>
         <object_component_ref idref="oc-b3"/>
      </symbol>
      <symbol id="sm-7fc">
         <name>__aeabi_memclr</name>
         <value>0x5077</value>
         <object_component_ref idref="oc-b3"/>
      </symbol>
      <symbol id="sm-813">
         <name>__TI_zero_init</name>
         <value>0x5223</value>
         <object_component_ref idref="oc-55"/>
      </symbol>
      <symbol id="sm-82a">
         <name>__TI_decompress_none</name>
         <value>0x5215</value>
         <object_component_ref idref="oc-18"/>
      </symbol>
      <symbol id="sm-84d">
         <name>__TI_decompress_lzss</name>
         <value>0x50f1</value>
         <object_component_ref idref="oc-12"/>
      </symbol>
      <symbol id="sm-860">
         <name>__stack</name>
         <value>0x2000c720</value>
         <object_component_ref idref="oc-21"/>
      </symbol>
      <symbol id="sm-861">
         <name>_c_int00_noargs</name>
         <value>0x51dd</value>
         <object_component_ref idref="oc-61"/>
      </symbol>
      <symbol id="sm-86c">
         <name>C$$EXIT</name>
         <value>0x5245</value>
         <object_component_ref idref="oc-14d"/>
      </symbol>
      <symbol id="sm-86d">
         <name>abort</name>
         <value>0x5245</value>
         <object_component_ref idref="oc-14d"/>
      </symbol>
      <symbol id="sm-897">
         <name>__TI_auto_init_nobinit_nopinit</name>
         <value>0x5159</value>
         <object_component_ref idref="oc-159"/>
      </symbol>
      <symbol id="sm-8a1">
         <name>_system_pre_init</name>
         <value>0x5241</value>
         <object_component_ref idref="oc-b9"/>
      </symbol>
      <symbol id="sm-8a3">
         <name>__TI_static_base__</name>
         <value>0x0</value>
      </symbol>
      <symbol id="sm-8a6">
         <name>__mpu_init</name>
         <value>0x0</value>
      </symbol>
      <symbol id="sm-8a7">
         <name>_system_post_cinit</name>
         <value>0x0</value>
      </symbol>
   </symbol_table>
   <title>Link successful</title>
</link_info>
