******************************************************************************
                  TI ARM Linker PC v18.1.1                     
******************************************************************************
>> Linked Sun Apr  8 16:41:14 2018

OUTPUT FILE NAME:   <hw5_q4.out>
ENTRY POINT SYMBOL: "_c_int00_noargs"  address: 00006b89


MEMORY CONFIGURATION

         name            origin    length      used     unused   attr    fill
----------------------  --------  ---------  --------  --------  ----  --------
  FLASH                 00000000   00100000  000073a6  000f8c5a  R  X
  SRAM                  20000000   00040000  0000c93c  000336c4  RW X


SEGMENT ALLOCATION MAP

run origin  load origin   length   init length attrs members
----------  ----------- ---------- ----------- ----- -------
00000000    00000000    000073a8   000073a8    r-x
  00000000    00000000    00000208   00000208    r-- .intvecs
  00000208    00000208    00006ab2   00006ab2    r-x .text
  00006cbc    00006cbc    000006a4   000006a4    r-- .const
  00007360    00007360    00000048   00000048    r-- .cinit
20000000    20000000    0000c940   00000000    rw-
  20000000    20000000    0000026c   00000000    rw- .vtable
  2000026c    2000026c    0000c478   00000000    rw- .bss
  2000c6e8    2000c6e8    00000200   00000000    rw- .stack
  2000c8e8    2000c8e8    00000058   00000000    rw- .data


SECTION ALLOCATION MAP

 output                                  attributes/
section   page    origin      length       input sections
--------  ----  ----------  ----------   ----------------
.intvecs   0    00000000    00000208     
                  00000000    00000208     tm4c1294ncpdt_startup_ccs.obj (.intvecs)

.text      0    00000208    00006ab2     
                  00000208    000017d0     tasks.obj (.text)
                  000019d8    00000f60     sysctl.obj (.text)
                  00002938    00000b40     gpio.obj (.text)
                  00003478    00000a5e     rtsv7M4_T_le_v4SPD16_eabi.lib : _printfi.c.obj (.text:__TI_printfi)
                  00003ed6    00000002                                   : div0.asm.obj (.text)
                  00003ed8    00000534     timers.obj (.text)
                  0000440c    000004dc     uartstdio.obj (.text)
                  000048e8    000003c0     interrupt.obj (.text)
                  00004ca8    000003ae     event_groups.obj (.text)
                  00005056    00000002     --HOLE-- [fill = 0]
                  00005058    00000318     main.obj (.text)
                  00005370    000002bc     heap_4.obj (.text)
                  0000562c    00000270     rtsv7M4_T_le_v4SPD16_eabi.lib : _printfi.c.obj (.text:_pconv_a)
                  0000589c    000001d0                                   : _printfi.c.obj (.text:_pconv_g)
                  00005a6c    000001b6                                   : fd_add_t2.asm.obj (.text)
                  00005c22    00000002     --HOLE-- [fill = 0]
                  00005c24    0000013c                                   : _printfi.c.obj (.text:_pconv_e)
                  00005d60    00000136                                   : fd_div_t2.asm.obj (.text)
                  00005e96    0000012a     list.obj (.text)
                  00005fc0    00000128     port.obj (.text)
                  000060e8    00000120     rtsv7M4_T_le_v4SPD16_eabi.lib : _printfi.c.obj (.text:fcvt)
                  00006208    00000110                                   : s_scalbn.c.obj (.text:scalbn)
                  00006318    000000fc                                   : fd_mul_t2.asm.obj (.text)
                  00006414    000000b1                                   : _printfi.c.obj (.text:_ltostr)
                  000064c5    00000001     --HOLE-- [fill = 0]
                  000064c6    0000009c                                   : memcpy_t2.asm.obj (.text)
                  00006562    00000096                                   : ull_div_t2.asm.obj (.text)
                  000065f8    00000086                                   : fd_cmp_t2.asm.obj (.text:__aeabi_cdcmple)
                  0000667e    00000086                                   : fd_cmp_t2.asm.obj (.text:__aeabi_cdrcmple)
                  00006704    0000007a                                   : memset_t2.asm.obj (.text)
                  0000677e    0000006e                                   : _printfi.c.obj (.text:_mcpy)
                  000067ec    00000068                                   : copy_decompress_lzss.c.obj (.text:decompress:lzss:__TI_decompress_lzss)
                  00006854    00000064                                   : s_frexp.c.obj (.text:frexp)
                  000068b8    00000056                                   : _printfi.c.obj (.text:_pconv_f)
                  0000690e    00000054                                   : ltoa.c.obj (.text:ltoa)
                  00006962    00000052                                   : _printfi.c.obj (.text:_ecpy)
                  000069b4    0000004c                                   : atoi.c.obj (.text:atoi)
                  00006a00    00000048                                   : fd_toi_t2.asm.obj (.text)
                  00006a48    00000044                                   : autoinit.c.obj (.text:__TI_auto_init_nobinit_nopinit:__TI_auto_init_nobinit_nopinit)
                  00006a8c    00000040                                   : u_divt2.asm.obj (.text)
                  00006acc    00000040                                   : sprintf.c.obj (.text:sprintf)
                  00006b0c    0000003e                                   : _printfi.c.obj (.text:_fcpy)
                  00006b4a    0000003e     cpu.obj (.text)
                  00006b88    00000038     rtsv7M4_T_le_v4SPD16_eabi.lib : boot_cortex_m.c.obj (.text:_c_int00_noargs:_c_int00_noargs)
                  00006bc0    0000002e                                   : i_tofd_t2.asm.obj (.text)
                  00006bee    0000001c                                   : memccpy.c.obj (.text:memccpy)
                  00006c0a    00000018                                   : sprintf.c.obj (.text:_outs)
                  00006c22    00000016                                   : strchr.c.obj (.text:strchr)
                  00006c38    00000014                                   : s_copysign.c.obj (.text:copysign)
                  00006c4c    00000014                                   : strlen.c.obj (.text:strlen)
                  00006c60    00000012                                   : wcslen.c.obj (.text:wcslen)
                  00006c72    0000000e                                   : copy_decompress_none.c.obj (.text:decompress:none:__TI_decompress_none)
                  00006c80    0000000c                                   : copy_zero_init.c.obj (.text:decompress:ZI:__TI_zero_init)
                  00006c8c    0000000c     tm4c1294ncpdt_startup_ccs.obj (.text)
                  00006c98    0000000a     rtsv7M4_T_le_v4SPD16_eabi.lib : sprintf.c.obj (.text:_outc)
                  00006ca2    00000002     --HOLE-- [fill = 0]
                  00006ca4    00000008                                   : errno.c.obj (.text:__aeabi_errno_addr)
                  00006cac    00000006     sysctl.obj (.text:SysCtlDelay)
                  00006cb2    00000004     rtsv7M4_T_le_v4SPD16_eabi.lib : pre_init.c.obj (.text:_system_pre_init)
                  00006cb6    00000004                                   : exit.c.obj (.text:abort:abort)

.const     0    00006cbc    000006a4     
                  00006cbc    000001b0     sysctl.obj (.const:g_pppui32XTALtoVCO)
                  00006e6c    00000101     rtsv7M4_T_le_v4SPD16_eabi.lib : ctype.c.obj (.const:.string:_ctypes_)
                  00006f6d    00000003     --HOLE-- [fill = 0]
                  00006f70    000000c0     gpio.obj (.const:g_ppui32GPIOIntMapBlizzard)
                  00007030    000000c0     gpio.obj (.const:g_ppui32GPIOIntMapSnowflake)
                  000070f0    0000009c     interrupt.obj (.const:g_pui32Regs)
                  0000718c    00000090     gpio.obj (.const:g_pui32GPIOBaseAddrs)
                  0000721c    0000006c     sysctl.obj (.const:g_pui32Xtals)
                  00007288    00000030     sysctl.obj (.const:g_sXTALtoMEMTIM)
                  000072b8    00000020     interrupt.obj (.const:g_pui32Priority)
                  000072d8    00000014     interrupt.obj (.const:g_pui32Dii16Regs)
                  000072ec    00000014     interrupt.obj (.const:g_pui32EnRegs)
                  00007300    00000014     interrupt.obj (.const:g_pui32PendRegs)
                  00007314    00000014     interrupt.obj (.const:g_pui32UnpendRegs)
                  00007328    00000012     uartstdio.obj (.const:.string)
                  0000733a    00000002     --HOLE-- [fill = 0]
                  0000733c    0000000c     uartstdio.obj (.const:g_ui32UARTBase)
                  00007348    0000000c     uartstdio.obj (.const:g_ui32UARTPeriph)
                  00007354    00000008     sysctl.obj (.const:g_pui32VCOFrequencies)
                  0000735c    00000004     uartstdio.obj (.const)

.cinit     0    00007360    00000048     
                  00007360    0000000d     (.cinit..data.load) [load image, compression = lzss]
                  0000736d    00000003     --HOLE-- [fill = 0]
                  00007370    0000000c     (__TI_handler_table)
                  0000737c    00000004     --HOLE-- [fill = 0]
                  00007380    00000008     (.cinit..bss.load) [load image, compression = zero_init]
                  00007388    00000008     (.cinit..vtable.load) [load image, compression = zero_init]
                  00007390    00000018     (__TI_cinit_table)

.init_array 
*          0    00000000    00000000     UNINITIALIZED

.vtable    0    20000000    0000026c     UNINITIALIZED
                  20000000    0000026c     interrupt.obj (.vtable)

.bss       0    2000026c    0000c478     UNINITIALIZED
                  2000026c    0000c350     heap_4.obj (.bss:ucHeap)
                  2000c5bc    00000064     tasks.obj (.bss:pxReadyTasksLists)
                  2000c620    00000014     timers.obj (.bss:xActiveTimerList1)
                  2000c634    00000014     timers.obj (.bss:xActiveTimerList2)
                  2000c648    00000014     tasks.obj (.bss:xDelayedTaskList1)
                  2000c65c    00000014     tasks.obj (.bss:xDelayedTaskList2)
                  2000c670    00000014     tasks.obj (.bss:xPendingReadyList)
                  2000c684    00000014     tasks.obj (.bss:xSuspendedTaskList)
                  2000c698    00000014     tasks.obj (.bss:xTasksWaitingTermination)
                  2000c6ac    00000008     tasks.obj (.bss)
                  2000c6b4    00000008     timers.obj (.bss)
                  2000c6bc    00000008     heap_4.obj (.bss:xStart)
                  2000c6c4    00000004     (.common:logger)
                  2000c6c8    00000004     (.common:sem1)
                  2000c6cc    00000004     (.common:sem2)
                  2000c6d0    00000004     (.common:t1)
                  2000c6d4    00000004     (.common:t2)
                  2000c6d8    00000004     (.common:timer1)
                  2000c6dc    00000004     (.common:timer2)
                  2000c6e0    00000004     (.common:work_together)

.data      0    2000c8e8    00000058     UNINITIALIZED
                  2000c8e8    00000030     tasks.obj (.data)
                  2000c918    00000010     heap_4.obj (.data)
                  2000c928    00000008     timers.obj (.data)
                  2000c930    00000005     uartstdio.obj (.data)
                  2000c935    00000003     --HOLE--
                  2000c938    00000004     port.obj (.data)
                  2000c93c    00000004     rtsv7M4_T_le_v4SPD16_eabi.lib : errno.c.obj (.data)

.stack     0    2000c6e8    00000200     UNINITIALIZED
                  2000c6e8    00000004     rtsv7M4_T_le_v4SPD16_eabi.lib : boot_cortex_m.c.obj (.stack)
                  2000c6ec    000001fc     --HOLE--

MODULE SUMMARY

       Module                          code    ro data   rw data
       ------                          ----    -------   -------
    .\
       heap_4.obj                      700     0         50024  
       tasks.obj                       6096    0         256    
       timers.obj                      1332    0         56     
       uartstdio.obj                   1244    46        5      
       event_groups.obj                942     0         0      
       main.obj                        792     0         32     
       tm4c1294ncpdt_startup_ccs.obj   12      520       0      
       port.obj                        296     0         4      
       list.obj                        298     0         0      
    +--+-------------------------------+-------+---------+---------+
       Total:                          11712   566       50377  
                                                                
    .\driverlib\
       sysctl.obj                      3942    596       0      
       gpio.obj                        2880    528       0      
       interrupt.obj                   960     268       620    
       cpu.obj                         62      0         0      
    +--+-------------------------------+-------+---------+---------+
       Total:                          7844    1392      620    
                                                                
    D:\Code Composer Studio\ccsv8\tools\compiler\ti-cgt-arm_18.1.1.LTS\lib\rtsv7M4_T_le_v4SPD16_eabi.lib
       _printfi.c.obj                  4863    0         0      
       fd_add_t2.asm.obj               438     0         0      
       fd_div_t2.asm.obj               310     0         0      
       s_scalbn.c.obj                  272     0         0      
       fd_cmp_t2.asm.obj               268     0         0      
       ctype.c.obj                     0       257       0      
       fd_mul_t2.asm.obj               252     0         0      
       memcpy_t2.asm.obj               156     0         0      
       ull_div_t2.asm.obj              150     0         0      
       memset_t2.asm.obj               122     0         0      
       copy_decompress_lzss.c.obj      104     0         0      
       s_frexp.c.obj                   100     0         0      
       sprintf.c.obj                   98      0         0      
       ltoa.c.obj                      84      0         0      
       atoi.c.obj                      76      0         0      
       fd_toi_t2.asm.obj               72      0         0      
       autoinit.c.obj                  68      0         0      
       u_divt2.asm.obj                 64      0         0      
       boot_cortex_m.c.obj             56      0         0      
       i_tofd_t2.asm.obj               46      0         0      
       memccpy.c.obj                   28      0         0      
       strchr.c.obj                    22      0         0      
       s_copysign.c.obj                20      0         0      
       strlen.c.obj                    20      0         0      
       wcslen.c.obj                    18      0         0      
       copy_decompress_none.c.obj      14      0         0      
       copy_zero_init.c.obj            12      0         0      
       errno.c.obj                     8       0         4      
       exit.c.obj                      4       0         0      
       pre_init.c.obj                  4       0         0      
       div0.asm.obj                    2       0         0      
    +--+-------------------------------+-------+---------+---------+
       Total:                          7751    257       4      
                                                                
       Stack:                          0       0         512    
       Linker Generated:               0       65        0      
    +--+-------------------------------+-------+---------+---------+
       Grand Total:                    27307   2280      51513  


LINKER GENERATED COPY TABLES

__TI_cinit_table @ 00007390 records: 3, size/record: 8, table size: 24
	.data: load addr=00007360, load size=0000000d bytes, run addr=2000c8e8, run size=00000058 bytes, compression=lzss
	.bss: load addr=00007380, load size=00000008 bytes, run addr=2000026c, run size=0000c478 bytes, compression=zero_init
	.vtable: load addr=00007388, load size=00000008 bytes, run addr=20000000, run size=0000026c bytes, compression=zero_init


LINKER GENERATED HANDLER TABLE

__TI_handler_table @ 00007370 records: 3, size/record: 4, table size: 12
	index: 0, handler: __TI_zero_init
	index: 1, handler: __TI_decompress_lzss
	index: 2, handler: __TI_decompress_none


GLOBAL SYMBOLS: SORTED ALPHABETICALLY BY Name 

address   name                             
-------   ----                             
00006cb7  C$$EXIT                          
00006b7f  CPUbasepriGet                    
00006b71  CPUbasepriSet                    
00006b4b  CPUcpsid                         
00006b61  CPUcpsie                         
00006b57  CPUprimask                       
00006b6d  CPUwfi                           
00003453  GPIOADCTriggerDisable            
00003435  GPIOADCTriggerEnable             
00003417  GPIODMATriggerDisable            
000033f9  GPIODMATriggerEnable             
000029f3  GPIODirModeGet                   
00002997  GPIODirModeSet                   
00002f5b  GPIOIntClear                     
00002f1f  GPIOIntDisable                   
00002f05  GPIOIntEnable                    
00002f6f  GPIOIntRegister                  
00002f39  GPIOIntStatus                    
00002ae3  GPIOIntTypeGet                   
00002a3f  GPIOIntTypeSet                   
00002f8d  GPIOIntUnregister                
00002db3  GPIOPadConfigGet                 
00002b79  GPIOPadConfigSet                 
0000339b  GPIOPinConfigure                 
00002fa7  GPIOPinRead                      
00002fdf  GPIOPinTypeADC                   
00003003  GPIOPinTypeCAN                   
00003027  GPIOPinTypeComparator            
0000304b  GPIOPinTypeComparatorOutput      
0000306f  GPIOPinTypeDIVSCLK               
00003093  GPIOPinTypeEPI                   
000030b7  GPIOPinTypeEthernetLED           
000030db  GPIOPinTypeEthernetMII           
000030ff  GPIOPinTypeGPIOInput             
00003123  GPIOPinTypeGPIOOutput            
00003147  GPIOPinTypeGPIOOutputOD          
0000316b  GPIOPinTypeHibernateRTCCLK       
0000318f  GPIOPinTypeI2C                   
000031b3  GPIOPinTypeI2CSCL                
000031d7  GPIOPinTypeLCD                   
000031fb  GPIOPinTypeOneWire               
0000321f  GPIOPinTypePWM                   
00003243  GPIOPinTypeQEI                   
00003267  GPIOPinTypeSSI                   
0000328b  GPIOPinTypeTimer                 
000032af  GPIOPinTypeTrace                 
000032d3  GPIOPinTypeUART                  
000032f7  GPIOPinTypeUSBAnalog             
0000331b  GPIOPinTypeUSBDigital            
0000333f  GPIOPinTypeWakeHigh              
00003365  GPIOPinTypeWakeLow               
0000338b  GPIOPinWakeStatus                
00002fbf  GPIOPinWrite                     
00004aa9  IntDisable                       
00004a37  IntEnable                        
00004b1b  IntIsEnabled                     
000048fb  IntMasterDisable                 
000048eb  IntMasterEnable                  
00004c11  IntPendClear                     
00004ba1  IntPendSet                       
00004a13  IntPriorityGet                   
0000498b  IntPriorityGroupingGet           
00004971  IntPriorityGroupingSet           
00004c6b  IntPriorityMaskGet               
00004c5f  IntPriorityMaskSet               
000049c3  IntPrioritySet                   
0000490b  IntRegister                      
00004c73  IntTrigger                       
0000495d  IntUnregister                    
00005099  LED2                             
0000518d  LED4                             
000050fb  LOG                              
00006c8d  ResetISR                         
000028f5  SysCtlAltClkConfig               
00002041  SysCtlClockFreqSet               
000024e5  SysCtlClockGet                   
000028d9  SysCtlClockOutConfig             
00002315  SysCtlClockSet                   
00001f41  SysCtlDeepSleep                  
000026a9  SysCtlDeepSleepClockConfigSet    
0000268b  SysCtlDeepSleepClockSet          
00001f21  SysCtlDeepSleepPowerSet          
00006cad  SysCtlDelay                      
00001acf  SysCtlFlashSectorSizeGet         
00001aa3  SysCtlFlashSizeGet               
0000277f  SysCtlGPIOAHBDisable             
00002763  SysCtlGPIOAHBEnable              
00001eb5  SysCtlIntClear                   
00001e9d  SysCtlIntDisable                 
00001e89  SysCtlIntEnable                  
00001e61  SysCtlIntRegister                
00001ec5  SysCtlIntStatus                  
00001e79  SysCtlIntUnregister              
00001f07  SysCtlLDODeepSleepGet            
00001ef7  SysCtlLDODeepSleepSet            
00001ef1  SysCtlLDOSleepGet                
00001ee1  SysCtlLDOSleepSet                
00001f77  SysCtlMOSCConfigSet              
000028bd  SysCtlNMIClear                   
000028a9  SysCtlNMIStatus                  
00001f8d  SysCtlPIOSCCalibrate             
0000274d  SysCtlPWMClockGet                
00002733  SysCtlPWMClockSet                
00001e0d  SysCtlPeripheralClockGating      
00001dc5  SysCtlPeripheralDeepSleepDisable 
00001d75  SysCtlPeripheralDeepSleepEnable  
00001cb1  SysCtlPeripheralDisable          
00001c75  SysCtlPeripheralEnable           
00001bb1  SysCtlPeripheralPowerOff         
00001b75  SysCtlPeripheralPowerOn          
00001af5  SysCtlPeripheralPresent          
00001b35  SysCtlPeripheralReady            
00001bed  SysCtlPeripheralReset            
00001d39  SysCtlPeripheralSleepDisable     
00001cf5  SysCtlPeripheralSleepEnable      
00001f31  SysCtlReset                      
00001fed  SysCtlResetBehaviorGet           
00001fdd  SysCtlResetBehaviorSet           
00001f63  SysCtlResetCauseClear            
00001f5d  SysCtlResetCauseGet              
00001a99  SysCtlSRAMSizeGet                
00001f39  SysCtlSleep                      
00001f0d  SysCtlSleepPowerSet              
000027a7  SysCtlUSBPLLDisable              
0000279b  SysCtlUSBPLLEnable               
000027ed  SysCtlVCOGet                     
000027d5  SysCtlVoltageEventClear          
000027b9  SysCtlVoltageEventConfig         
000027c9  SysCtlVoltageEventStatus         
0000440d  UARTStdioConfig                  
000051f5  UART_Configure                   
00004585  UARTgetc                         
000044bf  UARTgets                         
000048b3  UARTprintf                       
000045b9  UARTvprintf                      
0000446d  UARTwrite                        
2000c8e8  __STACK_END                      
00000200  __STACK_SIZE                     
2000c8e8  __STACK_TOP                      
00007390  __TI_CINIT_Base                  
000073a8  __TI_CINIT_Limit                 
00007370  __TI_Handler_Table_Base          
0000737c  __TI_Handler_Table_Limit         
00006a49  __TI_auto_init_nobinit_nopinit   
000067ed  __TI_decompress_lzss             
00006c73  __TI_decompress_none             
ffffffff  __TI_pprof_out_hndl              
00003479  __TI_printfi                     
ffffffff  __TI_prof_data_size              
ffffffff  __TI_prof_data_start             
00000000  __TI_static_base__               
00006c81  __TI_zero_init                   
000065f9  __aeabi_cdcmpeq                  
000065f9  __aeabi_cdcmple                  
0000667f  __aeabi_cdrcmple                 
00006a01  __aeabi_d2iz                     
00005a77  __aeabi_dadd                     
00005d61  __aeabi_ddiv                     
00006319  __aeabi_dmul                     
00005a6d  __aeabi_dsub                     
00006ca5  __aeabi_errno_addr               
00006bc1  __aeabi_i2d                      
00003ed7  __aeabi_idiv0                    
00003ed7  __aeabi_ldiv0                    
00006705  __aeabi_memclr                   
00006705  __aeabi_memclr4                  
00006705  __aeabi_memclr8                  
000064c7  __aeabi_memcpy                   
000064c7  __aeabi_memcpy4                  
000064c7  __aeabi_memcpy8                  
00006707  __aeabi_memset                   
00006707  __aeabi_memset4                  
00006707  __aeabi_memset8                  
00006a8d  __aeabi_uidiv                    
00006a8d  __aeabi_uidivmod                 
00006563  __aeabi_uldivmod                 
ffffffff  __binit__                        
ffffffff  __c_args__                       
UNDEFED   __mpu_init                       
2000c6e8  __stack                          
00006b89  _c_int00_noargs                  
00006e6c  _ctypes_                         
UNDEFED   _system_post_cinit               
00006cb3  _system_pre_init                 
00006cb7  abort                            
000069b5  atoi                             
ffffffff  binit                            
UNDEFED   callback                         
00006c39  copysign                         
00006c39  copysignl                        
2000c93c  errno                            
00006855  frexp                            
00006855  frexpl                           
20000000  g_pfnRAMVectors                  
00000000  g_pfnVectors                     
00006209  ldexp                            
00006209  ldexpl                           
2000c6c4  logger                           
0000690f  ltoa                             
00005249  main                             
00006bef  memccpy                          
000064c7  memcpy                           
0000670d  memset                           
00003fd3  pcTimerGetTimerName              
00005371  pvPortMalloc                     
00001517  pvTaskIncrementMutexHeldCount    
000043bd  pvTimerGetTimerID                
2000c8e8  pxCurrentTCB                     
00005fc1  pxPortInitialiseStack            
00006209  scalbn                           
00006209  scalbnl                          
2000c6c8  sem1                             
2000c6cc  sem2                             
00006acd  sprintf                          
00006c23  strchr                           
00006c4d  strlen                           
2000c6d0  t1                               
2000c6d4  t2                               
2000c6d8  timer1                           
2000c6dc  timer2                           
00005059  timer_callback                   
0000152f  ulTaskNotifyTake                 
00005037  uxEventGroupGetNumber            
00005f79  uxListRemove                     
000009fd  uxTaskGetNumberOfTasks           
00000a0d  uxTaskGetSystemState             
00000f3f  uxTaskGetTaskNumber              
000004c3  uxTaskPriorityGet                
000004f5  uxTaskPriorityGetFromISR         
000014f5  uxTaskResetEventItemValue        
00004ff1  vEventGroupClearBitsCallback     
00004fad  vEventGroupDelete                
00004fe1  vEventGroupSetBitsCallback       
00005e97  vListInitialise                  
00005ec7  vListInitialiseItem              
00005f13  vListInsert                      
00005ed7  vListInsertEnd                   
UNDEFED   vPortEnableVFP                   
0000605d  vPortEndScheduler                
0000605f  vPortEnterCritical               
0000607f  vPortExitCritical                
00005473  vPortFree                        
000054d1  vPortInitialiseBlocks            
UNDEFED   vPortSVCHandler                  
000060bb  vPortSetupTimerInterrupt         
UNDEFED   vPortStartFirstTask              
UNDEFED   vQueueAddToRegistry              
UNDEFED   vQueueWaitForMessageRestricted   
00000467  vTaskDelay                       
000003bf  vTaskDelayUntil                  
00000323  vTaskDelete                      
000008c9  vTaskEndScheduler                
00000f37  vTaskMissedYield                 
000018e1  vTaskNotifyGiveFromISR           
00000c6d  vTaskPlaceOnEventList            
00000d45  vTaskPlaceOnEventListRestricted  
00000ccd  vTaskPlaceOnUnorderedEventList   
0000139d  vTaskPriorityInherit             
00000549  vTaskPrioritySet                 
00000751  vTaskResume                      
00000f65  vTaskSetTaskNumber               
00000e97  vTaskSetTimeOutState             
00000865  vTaskStartScheduler              
0000065d  vTaskSuspend                     
000008e9  vTaskSuspendAll                  
00000c01  vTaskSwitchContext               
000043d7  vTimerSetTimerID                 
00006c61  wcslen                           
2000c6e0  work_together                    
00004e83  xEventGroupClearBits             
00004ca9  xEventGroupCreate                
00004eaf  xEventGroupGetBitsFromISR        
00004edf  xEventGroupSetBits               
00004cc9  xEventGroupSync                  
00004d99  xEventGroupWaitBits              
000054c5  xPortGetFreeHeapSize             
000054cb  xPortGetMinimumEverFreeHeapSize  
UNDEFED   xPortPendSVHandler               
00006027  xPortStartScheduler              
00006095  xPortSysTickHandler              
UNDEFED   xQueueCreateCountingSemaphore    
UNDEFED   xQueueGenericCreate              
UNDEFED   xQueueGenericReceive             
UNDEFED   xQueueGenericSend                
UNDEFED   xQueueGenericSendFromISR         
UNDEFED   xQueueGiveFromISR                
00000ebd  xTaskCheckForTimeOut             
00000209  xTaskGenericCreate               
000016e7  xTaskGenericNotify               
000017d9  xTaskGenericNotifyFromISR        
00001351  xTaskGetCurrentTaskHandle        
00001369  xTaskGetSchedulerState           
000009d9  xTaskGetTickCount                
000009e9  xTaskGetTickCountFromISR         
00000add  xTaskIncrementTick               
00001987  xTaskNotifyStateClear            
000015fd  xTaskNotifyWait                  
00001457  xTaskPriorityDisinherit          
00000da9  xTaskRemoveFromEventList         
00000e29  xTaskRemoveFromUnorderedEventList
000008fd  xTaskResumeAll                   
000007d3  xTaskResumeFromISR               
00003f13  xTimerCreate                     
00003ed9  xTimerCreateTimerTask            
00003f67  xTimerGenericCommand             
00004391  xTimerIsTimerActive              


GLOBAL SYMBOLS: SORTED BY Symbol Address 

address   name                             
-------   ----                             
00000000  __TI_static_base__               
00000000  g_pfnVectors                     
00000200  __STACK_SIZE                     
00000209  xTaskGenericCreate               
00000323  vTaskDelete                      
000003bf  vTaskDelayUntil                  
00000467  vTaskDelay                       
000004c3  uxTaskPriorityGet                
000004f5  uxTaskPriorityGetFromISR         
00000549  vTaskPrioritySet                 
0000065d  vTaskSuspend                     
00000751  vTaskResume                      
000007d3  xTaskResumeFromISR               
00000865  vTaskStartScheduler              
000008c9  vTaskEndScheduler                
000008e9  vTaskSuspendAll                  
000008fd  xTaskResumeAll                   
000009d9  xTaskGetTickCount                
000009e9  xTaskGetTickCountFromISR         
000009fd  uxTaskGetNumberOfTasks           
00000a0d  uxTaskGetSystemState             
00000add  xTaskIncrementTick               
00000c01  vTaskSwitchContext               
00000c6d  vTaskPlaceOnEventList            
00000ccd  vTaskPlaceOnUnorderedEventList   
00000d45  vTaskPlaceOnEventListRestricted  
00000da9  xTaskRemoveFromEventList         
00000e29  xTaskRemoveFromUnorderedEventList
00000e97  vTaskSetTimeOutState             
00000ebd  xTaskCheckForTimeOut             
00000f37  vTaskMissedYield                 
00000f3f  uxTaskGetTaskNumber              
00000f65  vTaskSetTaskNumber               
00001351  xTaskGetCurrentTaskHandle        
00001369  xTaskGetSchedulerState           
0000139d  vTaskPriorityInherit             
00001457  xTaskPriorityDisinherit          
000014f5  uxTaskResetEventItemValue        
00001517  pvTaskIncrementMutexHeldCount    
0000152f  ulTaskNotifyTake                 
000015fd  xTaskNotifyWait                  
000016e7  xTaskGenericNotify               
000017d9  xTaskGenericNotifyFromISR        
000018e1  vTaskNotifyGiveFromISR           
00001987  xTaskNotifyStateClear            
00001a99  SysCtlSRAMSizeGet                
00001aa3  SysCtlFlashSizeGet               
00001acf  SysCtlFlashSectorSizeGet         
00001af5  SysCtlPeripheralPresent          
00001b35  SysCtlPeripheralReady            
00001b75  SysCtlPeripheralPowerOn          
00001bb1  SysCtlPeripheralPowerOff         
00001bed  SysCtlPeripheralReset            
00001c75  SysCtlPeripheralEnable           
00001cb1  SysCtlPeripheralDisable          
00001cf5  SysCtlPeripheralSleepEnable      
00001d39  SysCtlPeripheralSleepDisable     
00001d75  SysCtlPeripheralDeepSleepEnable  
00001dc5  SysCtlPeripheralDeepSleepDisable 
00001e0d  SysCtlPeripheralClockGating      
00001e61  SysCtlIntRegister                
00001e79  SysCtlIntUnregister              
00001e89  SysCtlIntEnable                  
00001e9d  SysCtlIntDisable                 
00001eb5  SysCtlIntClear                   
00001ec5  SysCtlIntStatus                  
00001ee1  SysCtlLDOSleepSet                
00001ef1  SysCtlLDOSleepGet                
00001ef7  SysCtlLDODeepSleepSet            
00001f07  SysCtlLDODeepSleepGet            
00001f0d  SysCtlSleepPowerSet              
00001f21  SysCtlDeepSleepPowerSet          
00001f31  SysCtlReset                      
00001f39  SysCtlSleep                      
00001f41  SysCtlDeepSleep                  
00001f5d  SysCtlResetCauseGet              
00001f63  SysCtlResetCauseClear            
00001f77  SysCtlMOSCConfigSet              
00001f8d  SysCtlPIOSCCalibrate             
00001fdd  SysCtlResetBehaviorSet           
00001fed  SysCtlResetBehaviorGet           
00002041  SysCtlClockFreqSet               
00002315  SysCtlClockSet                   
000024e5  SysCtlClockGet                   
0000268b  SysCtlDeepSleepClockSet          
000026a9  SysCtlDeepSleepClockConfigSet    
00002733  SysCtlPWMClockSet                
0000274d  SysCtlPWMClockGet                
00002763  SysCtlGPIOAHBEnable              
0000277f  SysCtlGPIOAHBDisable             
0000279b  SysCtlUSBPLLEnable               
000027a7  SysCtlUSBPLLDisable              
000027b9  SysCtlVoltageEventConfig         
000027c9  SysCtlVoltageEventStatus         
000027d5  SysCtlVoltageEventClear          
000027ed  SysCtlVCOGet                     
000028a9  SysCtlNMIStatus                  
000028bd  SysCtlNMIClear                   
000028d9  SysCtlClockOutConfig             
000028f5  SysCtlAltClkConfig               
00002997  GPIODirModeSet                   
000029f3  GPIODirModeGet                   
00002a3f  GPIOIntTypeSet                   
00002ae3  GPIOIntTypeGet                   
00002b79  GPIOPadConfigSet                 
00002db3  GPIOPadConfigGet                 
00002f05  GPIOIntEnable                    
00002f1f  GPIOIntDisable                   
00002f39  GPIOIntStatus                    
00002f5b  GPIOIntClear                     
00002f6f  GPIOIntRegister                  
00002f8d  GPIOIntUnregister                
00002fa7  GPIOPinRead                      
00002fbf  GPIOPinWrite                     
00002fdf  GPIOPinTypeADC                   
00003003  GPIOPinTypeCAN                   
00003027  GPIOPinTypeComparator            
0000304b  GPIOPinTypeComparatorOutput      
0000306f  GPIOPinTypeDIVSCLK               
00003093  GPIOPinTypeEPI                   
000030b7  GPIOPinTypeEthernetLED           
000030db  GPIOPinTypeEthernetMII           
000030ff  GPIOPinTypeGPIOInput             
00003123  GPIOPinTypeGPIOOutput            
00003147  GPIOPinTypeGPIOOutputOD          
0000316b  GPIOPinTypeHibernateRTCCLK       
0000318f  GPIOPinTypeI2C                   
000031b3  GPIOPinTypeI2CSCL                
000031d7  GPIOPinTypeLCD                   
000031fb  GPIOPinTypeOneWire               
0000321f  GPIOPinTypePWM                   
00003243  GPIOPinTypeQEI                   
00003267  GPIOPinTypeSSI                   
0000328b  GPIOPinTypeTimer                 
000032af  GPIOPinTypeTrace                 
000032d3  GPIOPinTypeUART                  
000032f7  GPIOPinTypeUSBAnalog             
0000331b  GPIOPinTypeUSBDigital            
0000333f  GPIOPinTypeWakeHigh              
00003365  GPIOPinTypeWakeLow               
0000338b  GPIOPinWakeStatus                
0000339b  GPIOPinConfigure                 
000033f9  GPIODMATriggerEnable             
00003417  GPIODMATriggerDisable            
00003435  GPIOADCTriggerEnable             
00003453  GPIOADCTriggerDisable            
00003479  __TI_printfi                     
00003ed7  __aeabi_idiv0                    
00003ed7  __aeabi_ldiv0                    
00003ed9  xTimerCreateTimerTask            
00003f13  xTimerCreate                     
00003f67  xTimerGenericCommand             
00003fd3  pcTimerGetTimerName              
00004391  xTimerIsTimerActive              
000043bd  pvTimerGetTimerID                
000043d7  vTimerSetTimerID                 
0000440d  UARTStdioConfig                  
0000446d  UARTwrite                        
000044bf  UARTgets                         
00004585  UARTgetc                         
000045b9  UARTvprintf                      
000048b3  UARTprintf                       
000048eb  IntMasterEnable                  
000048fb  IntMasterDisable                 
0000490b  IntRegister                      
0000495d  IntUnregister                    
00004971  IntPriorityGroupingSet           
0000498b  IntPriorityGroupingGet           
000049c3  IntPrioritySet                   
00004a13  IntPriorityGet                   
00004a37  IntEnable                        
00004aa9  IntDisable                       
00004b1b  IntIsEnabled                     
00004ba1  IntPendSet                       
00004c11  IntPendClear                     
00004c5f  IntPriorityMaskSet               
00004c6b  IntPriorityMaskGet               
00004c73  IntTrigger                       
00004ca9  xEventGroupCreate                
00004cc9  xEventGroupSync                  
00004d99  xEventGroupWaitBits              
00004e83  xEventGroupClearBits             
00004eaf  xEventGroupGetBitsFromISR        
00004edf  xEventGroupSetBits               
00004fad  vEventGroupDelete                
00004fe1  vEventGroupSetBitsCallback       
00004ff1  vEventGroupClearBitsCallback     
00005037  uxEventGroupGetNumber            
00005059  timer_callback                   
00005099  LED2                             
000050fb  LOG                              
0000518d  LED4                             
000051f5  UART_Configure                   
00005249  main                             
00005371  pvPortMalloc                     
00005473  vPortFree                        
000054c5  xPortGetFreeHeapSize             
000054cb  xPortGetMinimumEverFreeHeapSize  
000054d1  vPortInitialiseBlocks            
00005a6d  __aeabi_dsub                     
00005a77  __aeabi_dadd                     
00005d61  __aeabi_ddiv                     
00005e97  vListInitialise                  
00005ec7  vListInitialiseItem              
00005ed7  vListInsertEnd                   
00005f13  vListInsert                      
00005f79  uxListRemove                     
00005fc1  pxPortInitialiseStack            
00006027  xPortStartScheduler              
0000605d  vPortEndScheduler                
0000605f  vPortEnterCritical               
0000607f  vPortExitCritical                
00006095  xPortSysTickHandler              
000060bb  vPortSetupTimerInterrupt         
00006209  ldexp                            
00006209  ldexpl                           
00006209  scalbn                           
00006209  scalbnl                          
00006319  __aeabi_dmul                     
000064c7  __aeabi_memcpy                   
000064c7  __aeabi_memcpy4                  
000064c7  __aeabi_memcpy8                  
000064c7  memcpy                           
00006563  __aeabi_uldivmod                 
000065f9  __aeabi_cdcmpeq                  
000065f9  __aeabi_cdcmple                  
0000667f  __aeabi_cdrcmple                 
00006705  __aeabi_memclr                   
00006705  __aeabi_memclr4                  
00006705  __aeabi_memclr8                  
00006707  __aeabi_memset                   
00006707  __aeabi_memset4                  
00006707  __aeabi_memset8                  
0000670d  memset                           
000067ed  __TI_decompress_lzss             
00006855  frexp                            
00006855  frexpl                           
0000690f  ltoa                             
000069b5  atoi                             
00006a01  __aeabi_d2iz                     
00006a49  __TI_auto_init_nobinit_nopinit   
00006a8d  __aeabi_uidiv                    
00006a8d  __aeabi_uidivmod                 
00006acd  sprintf                          
00006b4b  CPUcpsid                         
00006b57  CPUprimask                       
00006b61  CPUcpsie                         
00006b6d  CPUwfi                           
00006b71  CPUbasepriSet                    
00006b7f  CPUbasepriGet                    
00006b89  _c_int00_noargs                  
00006bc1  __aeabi_i2d                      
00006bef  memccpy                          
00006c23  strchr                           
00006c39  copysign                         
00006c39  copysignl                        
00006c4d  strlen                           
00006c61  wcslen                           
00006c73  __TI_decompress_none             
00006c81  __TI_zero_init                   
00006c8d  ResetISR                         
00006ca5  __aeabi_errno_addr               
00006cad  SysCtlDelay                      
00006cb3  _system_pre_init                 
00006cb7  C$$EXIT                          
00006cb7  abort                            
00006e6c  _ctypes_                         
00007370  __TI_Handler_Table_Base          
0000737c  __TI_Handler_Table_Limit         
00007390  __TI_CINIT_Base                  
000073a8  __TI_CINIT_Limit                 
20000000  g_pfnRAMVectors                  
2000c6c4  logger                           
2000c6c8  sem1                             
2000c6cc  sem2                             
2000c6d0  t1                               
2000c6d4  t2                               
2000c6d8  timer1                           
2000c6dc  timer2                           
2000c6e0  work_together                    
2000c6e8  __stack                          
2000c8e8  __STACK_END                      
2000c8e8  __STACK_TOP                      
2000c8e8  pxCurrentTCB                     
2000c93c  errno                            
ffffffff  __TI_pprof_out_hndl              
ffffffff  __TI_prof_data_size              
ffffffff  __TI_prof_data_start             
ffffffff  __binit__                        
ffffffff  __c_args__                       
ffffffff  binit                            
UNDEFED   __mpu_init                       
UNDEFED   _system_post_cinit               
UNDEFED   callback                         
UNDEFED   vPortEnableVFP                   
UNDEFED   vPortSVCHandler                  
UNDEFED   vPortStartFirstTask              
UNDEFED   vQueueAddToRegistry              
UNDEFED   vQueueWaitForMessageRestricted   
UNDEFED   xPortPendSVHandler               
UNDEFED   xQueueCreateCountingSemaphore    
UNDEFED   xQueueGenericCreate              
UNDEFED   xQueueGenericReceive             
UNDEFED   xQueueGenericSend                
UNDEFED   xQueueGenericSendFromISR         
UNDEFED   xQueueGiveFromISR                

[306 symbols]
