******************************************************************************
                  TI ARM Linker PC v18.1.1                     
******************************************************************************
>> Linked Tue Apr 17 20:07:16 2018

OUTPUT FILE NAME:   <Project2.out>
ENTRY POINT SYMBOL: "_c_int00_noargs"  address: 00002385


MEMORY CONFIGURATION

         name            origin    length      used     unused   attr    fill
----------------------  --------  ---------  --------  --------  ----  --------
  FLASH                 00000000   00100000  00002974  000fd68c  R  X
  SRAM                  20000000   00040000  0000046c  0003fb94  RW X


SEGMENT ALLOCATION MAP

run origin  load origin   length   init length attrs members
----------  ----------- ---------- ----------- ----- -------
00000000    00000000    00002974   00002974    r-x
  00000000    00000000    00000208   00000208    r-- .intvecs
  00000208    00000208    000021e8   000021e8    r-x .text
  000023f0    000023f0    00000570   00000570    r-- .const
  00002960    00002960    00000014   00000014    r-- .cinit
20000000    20000000    00000470   00000000    rw-
  20000000    20000000    0000026c   00000000    rw- .vtable
  20000270    20000270    00000200   00000000    rw- .stack


SECTION ALLOCATION MAP

 output                                  attributes/
section   page    origin      length       input sections
--------  ----  ----------  ----------   ----------------
.intvecs   0    00000000    00000208     
                  00000000    00000208     tm4c1294ncpdt_startup_ccs.obj (.intvecs)

.text      0    00000208    000021e8     
                  00000208    00000f60     sysctl.obj (.text)
                  00001168    00000b40     gpio.obj (.text)
                  00001ca8    000003c0     interrupt.obj (.text)
                  00002068    00000298     controller.obj (.text)
                  00002300    00000044     rtsv7M4_T_le_v4SPD16_eabi.lib : autoinit.c.obj (.text:__TI_auto_init_nobinit_nopinit:__TI_auto_init_nobinit_nopinit)
                  00002344    0000003e     cpu.obj (.text)
                  00002382    00000002     --HOLE-- [fill = 0]
                  00002384    00000038     rtsv7M4_T_le_v4SPD16_eabi.lib : boot_cortex_m.c.obj (.text:_c_int00_noargs:_c_int00_noargs)
                  000023bc    00000012                                   : copy_zero_init.c.obj (.text:decompress:ZI:__TI_zero_init_nomemset:__TI_zero_init_nomemset)
                  000023ce    0000000c     tm4c1294ncpdt_startup_ccs.obj (.text)
                  000023da    00000008     main.obj (.text)
                  000023e2    00000006     sysctl.obj (.text:SysCtlDelay)
                  000023e8    00000004     rtsv7M4_T_le_v4SPD16_eabi.lib : pre_init.c.obj (.text:_system_pre_init)
                  000023ec    00000004                                   : exit.c.obj (.text:abort:abort)

.const     0    000023f0    00000570     
                  000023f0    000001b0     sysctl.obj (.const:g_pppui32XTALtoVCO)
                  000025a0    000000c0     gpio.obj (.const:g_ppui32GPIOIntMapBlizzard)
                  00002660    000000c0     gpio.obj (.const:g_ppui32GPIOIntMapSnowflake)
                  00002720    0000009c     interrupt.obj (.const:g_pui32Regs)
                  000027bc    00000090     gpio.obj (.const:g_pui32GPIOBaseAddrs)
                  0000284c    0000006c     sysctl.obj (.const:g_pui32Xtals)
                  000028b8    00000030     sysctl.obj (.const:g_sXTALtoMEMTIM)
                  000028e8    00000020     interrupt.obj (.const:g_pui32Priority)
                  00002908    00000014     interrupt.obj (.const:g_pui32Dii16Regs)
                  0000291c    00000014     interrupt.obj (.const:g_pui32EnRegs)
                  00002930    00000014     interrupt.obj (.const:g_pui32PendRegs)
                  00002944    00000014     interrupt.obj (.const:g_pui32UnpendRegs)
                  00002958    00000008     sysctl.obj (.const:g_pui32VCOFrequencies)

.cinit     0    00002960    00000014     
                  00002960    00000008     (.cinit..vtable.load) [load image, compression = zero_init]
                  00002968    00000004     (__TI_handler_table)
                  0000296c    00000008     (__TI_cinit_table)

.init_array 
*          0    00000000    00000000     UNINITIALIZED

.vtable    0    20000000    0000026c     UNINITIALIZED
                  20000000    0000026c     interrupt.obj (.vtable)

.stack     0    20000270    00000200     UNINITIALIZED
                  20000270    00000004     rtsv7M4_T_le_v4SPD16_eabi.lib : boot_cortex_m.c.obj (.stack)
                  20000274    000001fc     --HOLE--

MODULE SUMMARY

       Module                          code   ro data   rw data
       ------                          ----   -------   -------
    .\
       controller.obj                  664    0         0      
       tm4c1294ncpdt_startup_ccs.obj   12     520       0      
       main.obj                        8      0         0      
    +--+-------------------------------+------+---------+---------+
       Total:                          684    520       0      
                                                               
    .\driverlib\
       sysctl.obj                      3942   596       0      
       gpio.obj                        2880   528       0      
       interrupt.obj                   960    268       620    
       cpu.obj                         62     0         0      
    +--+-------------------------------+------+---------+---------+
       Total:                          7844   1392      620    
                                                               
    D:\Code Composer Studio\ccsv8\tools\compiler\ti-cgt-arm_18.1.1.LTS\lib\rtsv7M4_T_le_v4SPD16_eabi.lib
       autoinit.c.obj                  68     0         0      
       boot_cortex_m.c.obj             56     0         0      
       copy_zero_init.c.obj            18     0         0      
       exit.c.obj                      4      0         0      
       pre_init.c.obj                  4      0         0      
    +--+-------------------------------+------+---------+---------+
       Total:                          150    0         0      
                                                               
       Stack:                          0      0         512    
       Linker Generated:               0      20        0      
    +--+-------------------------------+------+---------+---------+
       Grand Total:                    8678   1932      1132   


LINKER GENERATED COPY TABLES

__TI_cinit_table @ 0000296c records: 1, size/record: 8, table size: 8
	.vtable: load addr=00002960, load size=00000008 bytes, run addr=20000000, run size=0000026c bytes, compression=zero_init


LINKER GENERATED HANDLER TABLE

__TI_handler_table @ 00002968 records: 1, size/record: 4, table size: 4
	index: 0, handler: __TI_zero_init


GLOBAL SYMBOLS: SORTED ALPHABETICALLY BY Name 

address   name                            
-------   ----                            
000023ed  C$$EXIT                         
00002379  CPUbasepriGet                   
0000236b  CPUbasepriSet                   
00002345  CPUcpsid                        
0000235b  CPUcpsie                        
00002351  CPUprimask                      
00002367  CPUwfi                          
00001c83  GPIOADCTriggerDisable           
00001c65  GPIOADCTriggerEnable            
00001c47  GPIODMATriggerDisable           
00001c29  GPIODMATriggerEnable            
00001223  GPIODirModeGet                  
000011c7  GPIODirModeSet                  
0000178b  GPIOIntClear                    
0000174f  GPIOIntDisable                  
00001735  GPIOIntEnable                   
0000179f  GPIOIntRegister                 
00001769  GPIOIntStatus                   
00001313  GPIOIntTypeGet                  
0000126f  GPIOIntTypeSet                  
000017bd  GPIOIntUnregister               
000015e3  GPIOPadConfigGet                
000013a9  GPIOPadConfigSet                
00001bcb  GPIOPinConfigure                
000017d7  GPIOPinRead                     
0000180f  GPIOPinTypeADC                  
00001833  GPIOPinTypeCAN                  
00001857  GPIOPinTypeComparator           
0000187b  GPIOPinTypeComparatorOutput     
0000189f  GPIOPinTypeDIVSCLK              
000018c3  GPIOPinTypeEPI                  
000018e7  GPIOPinTypeEthernetLED          
0000190b  GPIOPinTypeEthernetMII          
0000192f  GPIOPinTypeGPIOInput            
00001953  GPIOPinTypeGPIOOutput           
00001977  GPIOPinTypeGPIOOutputOD         
0000199b  GPIOPinTypeHibernateRTCCLK      
000019bf  GPIOPinTypeI2C                  
000019e3  GPIOPinTypeI2CSCL               
00001a07  GPIOPinTypeLCD                  
00001a2b  GPIOPinTypeOneWire              
00001a4f  GPIOPinTypePWM                  
00001a73  GPIOPinTypeQEI                  
00001a97  GPIOPinTypeSSI                  
00001abb  GPIOPinTypeTimer                
00001adf  GPIOPinTypeTrace                
00001b03  GPIOPinTypeUART                 
00001b27  GPIOPinTypeUSBAnalog            
00001b4b  GPIOPinTypeUSBDigital           
00001b6f  GPIOPinTypeWakeHigh             
00001b95  GPIOPinTypeWakeLow              
00001bbb  GPIOPinWakeStatus               
000017ef  GPIOPinWrite                    
00001e69  IntDisable                      
00001df7  IntEnable                       
00001edb  IntIsEnabled                    
00001cbb  IntMasterDisable                
00001cab  IntMasterEnable                 
00001fd1  IntPendClear                    
00001f61  IntPendSet                      
00001dd3  IntPriorityGet                  
00001d4b  IntPriorityGroupingGet          
00001d31  IntPriorityGroupingSet          
0000202b  IntPriorityMaskGet              
0000201f  IntPriorityMaskSet              
00001d83  IntPrioritySet                  
00001ccb  IntRegister                     
00002033  IntTrigger                      
00001d1d  IntUnregister                   
000023cf  ResetISR                        
00001125  SysCtlAltClkConfig              
00000871  SysCtlClockFreqSet              
00000d15  SysCtlClockGet                  
00001109  SysCtlClockOutConfig            
00000b45  SysCtlClockSet                  
00000771  SysCtlDeepSleep                 
00000ed9  SysCtlDeepSleepClockConfigSet   
00000ebb  SysCtlDeepSleepClockSet         
00000751  SysCtlDeepSleepPowerSet         
000023e3  SysCtlDelay                     
000002ff  SysCtlFlashSectorSizeGet        
000002d3  SysCtlFlashSizeGet              
00000faf  SysCtlGPIOAHBDisable            
00000f93  SysCtlGPIOAHBEnable             
000006e5  SysCtlIntClear                  
000006cd  SysCtlIntDisable                
000006b9  SysCtlIntEnable                 
00000691  SysCtlIntRegister               
000006f5  SysCtlIntStatus                 
000006a9  SysCtlIntUnregister             
00000737  SysCtlLDODeepSleepGet           
00000727  SysCtlLDODeepSleepSet           
00000721  SysCtlLDOSleepGet               
00000711  SysCtlLDOSleepSet               
000007a7  SysCtlMOSCConfigSet             
000010ed  SysCtlNMIClear                  
000010d9  SysCtlNMIStatus                 
000007bd  SysCtlPIOSCCalibrate            
00000f7d  SysCtlPWMClockGet               
00000f63  SysCtlPWMClockSet               
0000063d  SysCtlPeripheralClockGating     
000005f5  SysCtlPeripheralDeepSleepDisable
000005a5  SysCtlPeripheralDeepSleepEnable 
000004e1  SysCtlPeripheralDisable         
000004a5  SysCtlPeripheralEnable          
000003e1  SysCtlPeripheralPowerOff        
000003a5  SysCtlPeripheralPowerOn         
00000325  SysCtlPeripheralPresent         
00000365  SysCtlPeripheralReady           
0000041d  SysCtlPeripheralReset           
00000569  SysCtlPeripheralSleepDisable    
00000525  SysCtlPeripheralSleepEnable     
00000761  SysCtlReset                     
0000081d  SysCtlResetBehaviorGet          
0000080d  SysCtlResetBehaviorSet          
00000793  SysCtlResetCauseClear           
0000078d  SysCtlResetCauseGet             
000002c9  SysCtlSRAMSizeGet               
00000769  SysCtlSleep                     
0000073d  SysCtlSleepPowerSet             
00000fd7  SysCtlUSBPLLDisable             
00000fcb  SysCtlUSBPLLEnable              
0000101d  SysCtlVCOGet                    
00001005  SysCtlVoltageEventClear         
00000fe9  SysCtlVoltageEventConfig        
00000ff9  SysCtlVoltageEventStatus        
20000470  __STACK_END                     
00000200  __STACK_SIZE                    
20000470  __STACK_TOP                     
0000296c  __TI_CINIT_Base                 
00002974  __TI_CINIT_Limit                
00002968  __TI_Handler_Table_Base         
0000296c  __TI_Handler_Table_Limit        
00002301  __TI_auto_init_nobinit_nopinit  
ffffffff  __TI_pprof_out_hndl             
ffffffff  __TI_prof_data_size             
ffffffff  __TI_prof_data_start            
00000000  __TI_static_base__              
000023bd  __TI_zero_init_nomemset         
ffffffff  __binit__                       
ffffffff  __c_args__                      
UNDEFED   __mpu_init                      
20000270  __stack                         
00002385  _c_int00_noargs                 
UNDEFED   _system_post_cinit              
000023e9  _system_pre_init                
000023ed  abort                           
ffffffff  binit                           
00002069  enable_peripherals              
20000000  g_pfnRAMVectors                 
00000000  g_pfnVectors                    
000023db  main                            
000020b9  send_signal                     


GLOBAL SYMBOLS: SORTED BY Symbol Address 

address   name                            
-------   ----                            
00000000  __TI_static_base__              
00000000  g_pfnVectors                    
00000200  __STACK_SIZE                    
000002c9  SysCtlSRAMSizeGet               
000002d3  SysCtlFlashSizeGet              
000002ff  SysCtlFlashSectorSizeGet        
00000325  SysCtlPeripheralPresent         
00000365  SysCtlPeripheralReady           
000003a5  SysCtlPeripheralPowerOn         
000003e1  SysCtlPeripheralPowerOff        
0000041d  SysCtlPeripheralReset           
000004a5  SysCtlPeripheralEnable          
000004e1  SysCtlPeripheralDisable         
00000525  SysCtlPeripheralSleepEnable     
00000569  SysCtlPeripheralSleepDisable    
000005a5  SysCtlPeripheralDeepSleepEnable 
000005f5  SysCtlPeripheralDeepSleepDisable
0000063d  SysCtlPeripheralClockGating     
00000691  SysCtlIntRegister               
000006a9  SysCtlIntUnregister             
000006b9  SysCtlIntEnable                 
000006cd  SysCtlIntDisable                
000006e5  SysCtlIntClear                  
000006f5  SysCtlIntStatus                 
00000711  SysCtlLDOSleepSet               
00000721  SysCtlLDOSleepGet               
00000727  SysCtlLDODeepSleepSet           
00000737  SysCtlLDODeepSleepGet           
0000073d  SysCtlSleepPowerSet             
00000751  SysCtlDeepSleepPowerSet         
00000761  SysCtlReset                     
00000769  SysCtlSleep                     
00000771  SysCtlDeepSleep                 
0000078d  SysCtlResetCauseGet             
00000793  SysCtlResetCauseClear           
000007a7  SysCtlMOSCConfigSet             
000007bd  SysCtlPIOSCCalibrate            
0000080d  SysCtlResetBehaviorSet          
0000081d  SysCtlResetBehaviorGet          
00000871  SysCtlClockFreqSet              
00000b45  SysCtlClockSet                  
00000d15  SysCtlClockGet                  
00000ebb  SysCtlDeepSleepClockSet         
00000ed9  SysCtlDeepSleepClockConfigSet   
00000f63  SysCtlPWMClockSet               
00000f7d  SysCtlPWMClockGet               
00000f93  SysCtlGPIOAHBEnable             
00000faf  SysCtlGPIOAHBDisable            
00000fcb  SysCtlUSBPLLEnable              
00000fd7  SysCtlUSBPLLDisable             
00000fe9  SysCtlVoltageEventConfig        
00000ff9  SysCtlVoltageEventStatus        
00001005  SysCtlVoltageEventClear         
0000101d  SysCtlVCOGet                    
000010d9  SysCtlNMIStatus                 
000010ed  SysCtlNMIClear                  
00001109  SysCtlClockOutConfig            
00001125  SysCtlAltClkConfig              
000011c7  GPIODirModeSet                  
00001223  GPIODirModeGet                  
0000126f  GPIOIntTypeSet                  
00001313  GPIOIntTypeGet                  
000013a9  GPIOPadConfigSet                
000015e3  GPIOPadConfigGet                
00001735  GPIOIntEnable                   
0000174f  GPIOIntDisable                  
00001769  GPIOIntStatus                   
0000178b  GPIOIntClear                    
0000179f  GPIOIntRegister                 
000017bd  GPIOIntUnregister               
000017d7  GPIOPinRead                     
000017ef  GPIOPinWrite                    
0000180f  GPIOPinTypeADC                  
00001833  GPIOPinTypeCAN                  
00001857  GPIOPinTypeComparator           
0000187b  GPIOPinTypeComparatorOutput     
0000189f  GPIOPinTypeDIVSCLK              
000018c3  GPIOPinTypeEPI                  
000018e7  GPIOPinTypeEthernetLED          
0000190b  GPIOPinTypeEthernetMII          
0000192f  GPIOPinTypeGPIOInput            
00001953  GPIOPinTypeGPIOOutput           
00001977  GPIOPinTypeGPIOOutputOD         
0000199b  GPIOPinTypeHibernateRTCCLK      
000019bf  GPIOPinTypeI2C                  
000019e3  GPIOPinTypeI2CSCL               
00001a07  GPIOPinTypeLCD                  
00001a2b  GPIOPinTypeOneWire              
00001a4f  GPIOPinTypePWM                  
00001a73  GPIOPinTypeQEI                  
00001a97  GPIOPinTypeSSI                  
00001abb  GPIOPinTypeTimer                
00001adf  GPIOPinTypeTrace                
00001b03  GPIOPinTypeUART                 
00001b27  GPIOPinTypeUSBAnalog            
00001b4b  GPIOPinTypeUSBDigital           
00001b6f  GPIOPinTypeWakeHigh             
00001b95  GPIOPinTypeWakeLow              
00001bbb  GPIOPinWakeStatus               
00001bcb  GPIOPinConfigure                
00001c29  GPIODMATriggerEnable            
00001c47  GPIODMATriggerDisable           
00001c65  GPIOADCTriggerEnable            
00001c83  GPIOADCTriggerDisable           
00001cab  IntMasterEnable                 
00001cbb  IntMasterDisable                
00001ccb  IntRegister                     
00001d1d  IntUnregister                   
00001d31  IntPriorityGroupingSet          
00001d4b  IntPriorityGroupingGet          
00001d83  IntPrioritySet                  
00001dd3  IntPriorityGet                  
00001df7  IntEnable                       
00001e69  IntDisable                      
00001edb  IntIsEnabled                    
00001f61  IntPendSet                      
00001fd1  IntPendClear                    
0000201f  IntPriorityMaskSet              
0000202b  IntPriorityMaskGet              
00002033  IntTrigger                      
00002069  enable_peripherals              
000020b9  send_signal                     
00002301  __TI_auto_init_nobinit_nopinit  
00002345  CPUcpsid                        
00002351  CPUprimask                      
0000235b  CPUcpsie                        
00002367  CPUwfi                          
0000236b  CPUbasepriSet                   
00002379  CPUbasepriGet                   
00002385  _c_int00_noargs                 
000023bd  __TI_zero_init_nomemset         
000023cf  ResetISR                        
000023db  main                            
000023e3  SysCtlDelay                     
000023e9  _system_pre_init                
000023ed  C$$EXIT                         
000023ed  abort                           
00002968  __TI_Handler_Table_Base         
0000296c  __TI_CINIT_Base                 
0000296c  __TI_Handler_Table_Limit        
00002974  __TI_CINIT_Limit                
20000000  g_pfnRAMVectors                 
20000270  __stack                         
20000470  __STACK_END                     
20000470  __STACK_TOP                     
ffffffff  __TI_pprof_out_hndl             
ffffffff  __TI_prof_data_size             
ffffffff  __TI_prof_data_start            
ffffffff  __binit__                       
ffffffff  __c_args__                      
ffffffff  binit                           
UNDEFED   __mpu_init                      
UNDEFED   _system_post_cinit              

[153 symbols]
