******************************************************************************
                  TI ARM Linker PC v18.1.1                     
******************************************************************************
>> Linked Fri Apr 20 18:39:26 2018

OUTPUT FILE NAME:   <Project2.out>
ENTRY POINT SYMBOL: "_c_int00_noargs"  address: 00004329


MEMORY CONFIGURATION

         name            origin    length      used     unused   attr    fill
----------------------  --------  ---------  --------  --------  ----  --------
  FLASH                 00000000   00100000  00004740  000fb8c0  R  X
  SRAM                  20000000   00040000  00010618  0002f9e8  RW X


SEGMENT ALLOCATION MAP

run origin  load origin   length   init length attrs members
----------  ----------- ---------- ----------- ----- -------
00000000    00000000    00004740   00004740    r-x
  00000000    00000000    00000208   00000208    r-- .intvecs
  00000208    00000208    0000418c   0000418c    r-x .text
  00004394    00004394    00000364   00000364    r-- .const
  000046f8    000046f8    00000048   00000048    r-- .cinit
20000000    20000000    0001061c   00000000    rw-
  20000000    20000000    0000026c   00000000    rw- .vtable
  2000026c    2000026c    00010160   00000000    rw- .bss
  200103d0    200103d0    00000200   00000000    rw- .stack
  200105d0    200105d0    0000004c   00000000    rw- .data


SECTION ALLOCATION MAP

 output                                  attributes/
section   page    origin      length       input sections
--------  ----  ----------  ----------   ----------------
.intvecs   0    00000000    00000208     
                  00000000    00000208     tm4c1294ncpdt_startup_ccs.obj (.intvecs)

.text      0    00000208    0000418c     
                  00000208    00001134     tasks.obj (.text)
                  0000133c    00000f60     sysctl.obj (.text)
                  0000229c    00000b50     queue.obj (.text)
                  00002dec    00000570     timers.obj (.text)
                  0000335c    000004c0     cartridge.obj (.text)
                  0000381c    000003c0     interrupt.obj (.text)
                  00003bdc    000001b8     heap_2.obj (.text)
                  00003d94    0000013c     port.obj (.text)
                  00003ed0    0000012a     list.obj (.text)
                  00003ffa    00000002     --HOLE-- [fill = 0]
                  00003ffc    000000da     portasm.obj (.text)
                  000040d6    0000009c     rtsv7M4_T_le_v4SPD16_eabi.lib : memcpy_t2.asm.obj (.text)
                  00004172    0000007a                                   : memset_t2.asm.obj (.text)
                  000041ec    00000068                                   : copy_decompress_lzss.c.obj (.text:decompress:lzss:__TI_decompress_lzss)
                  00004254    00000050     main.obj (.text)
                  000042a4    00000044     rtsv7M4_T_le_v4SPD16_eabi.lib : autoinit.c.obj (.text:__TI_auto_init_nobinit_nopinit:__TI_auto_init_nobinit_nopinit)
                  000042e8    0000003e     cpu.obj (.text)
                  00004326    00000002     --HOLE-- [fill = 0]
                  00004328    00000038     rtsv7M4_T_le_v4SPD16_eabi.lib : boot_cortex_m.c.obj (.text:_c_int00_noargs:_c_int00_noargs)
                  00004360    0000000e                                   : copy_decompress_none.c.obj (.text:decompress:none:__TI_decompress_none)
                  0000436e    0000000c                                   : copy_zero_init.c.obj (.text:decompress:ZI:__TI_zero_init)
                  0000437a    0000000c     tm4c1294ncpdt_startup_ccs.obj (.text)
                  00004386    00000006     sysctl.obj (.text:SysCtlDelay)
                  0000438c    00000004     rtsv7M4_T_le_v4SPD16_eabi.lib : pre_init.c.obj (.text:_system_pre_init)
                  00004390    00000004                                   : exit.c.obj (.text:abort:abort)

.const     0    00004394    00000364     
                  00004394    000001b0     sysctl.obj (.const:g_pppui32XTALtoVCO)
                  00004544    0000009c     interrupt.obj (.const:g_pui32Regs)
                  000045e0    0000006c     sysctl.obj (.const:g_pui32Xtals)
                  0000464c    00000030     sysctl.obj (.const:g_sXTALtoMEMTIM)
                  0000467c    00000020     interrupt.obj (.const:g_pui32Priority)
                  0000469c    00000014     interrupt.obj (.const:g_pui32Dii16Regs)
                  000046b0    00000014     interrupt.obj (.const:g_pui32EnRegs)
                  000046c4    00000014     interrupt.obj (.const:g_pui32PendRegs)
                  000046d8    00000014     interrupt.obj (.const:g_pui32UnpendRegs)
                  000046ec    00000008     sysctl.obj (.const:g_pui32VCOFrequencies)
                  000046f4    00000004     port.obj (.const)

.cinit     0    000046f8    00000048     
                  000046f8    0000000f     (.cinit..data.load) [load image, compression = lzss]
                  00004707    00000001     --HOLE-- [fill = 0]
                  00004708    0000000c     (__TI_handler_table)
                  00004714    00000004     --HOLE-- [fill = 0]
                  00004718    00000008     (.cinit..bss.load) [load image, compression = zero_init]
                  00004720    00000008     (.cinit..vtable.load) [load image, compression = zero_init]
                  00004728    00000018     (__TI_cinit_table)

.init_array 
*          0    00000000    00000000     UNINITIALIZED

.vtable    0    20000000    0000026c     UNINITIALIZED
                  20000000    0000026c     interrupt.obj (.vtable)

.bss       0    2000026c    00010160     UNINITIALIZED
                  2000026c    00010000     heap_2.obj (.bss:ucHeap)
                  2001026c    00000064     tasks.obj (.bss:pxReadyTasksLists)
                  200102d0    00000050     (.common:xQueueRegistry)
                  20010320    00000014     timers.obj (.bss:xActiveTimerList1)
                  20010334    00000014     timers.obj (.bss:xActiveTimerList2)
                  20010348    00000014     tasks.obj (.bss:xDelayedTaskList1)
                  2001035c    00000014     tasks.obj (.bss:xDelayedTaskList2)
                  20010370    00000014     tasks.obj (.bss:xPendingReadyList)
                  20010384    00000014     tasks.obj (.bss:xSuspendedTaskList)
                  20010398    00000014     tasks.obj (.bss:xTasksWaitingTermination)
                  200103ac    00000008     tasks.obj (.bss)
                  200103b4    00000008     timers.obj (.bss)
                  200103bc    00000008     heap_2.obj (.bss:xEnd)
                  200103c4    00000008     heap_2.obj (.bss:xStart)

.data      0    200105d0    0000004c     UNINITIALIZED
                  200105d0    00000034     tasks.obj (.data)
                  20010604    0000000c     timers.obj (.data)
                  20010610    00000008     heap_2.obj (.data)
                  20010618    00000004     port.obj (.data)

.stack     0    200103d0    00000200     UNINITIALIZED
                  200103d0    00000004     rtsv7M4_T_le_v4SPD16_eabi.lib : boot_cortex_m.c.obj (.stack)
                  200103d4    000001fc     --HOLE--

MODULE SUMMARY

       Module                          code    ro data   rw data
       ------                          ----    -------   -------
    .\
       heap_2.obj                      440     0         65560  
       tasks.obj                       4404    0         260    
       queue.obj                       2896    0         80     
       timers.obj                      1392    0         60     
       cartridge.obj                   1216    0         0      
       tm4c1294ncpdt_startup_ccs.obj   12      520       0      
       port.obj                        316     4         4      
       list.obj                        298     0         0      
       portasm.obj                     218     0         0      
       main.obj                        80      0         0      
    +--+-------------------------------+-------+---------+---------+
       Total:                          11272   524       65964  
                                                                
    .\driverlib\
       sysctl.obj                      3942    596       0      
       interrupt.obj                   960     268       620    
       cpu.obj                         62      0         0      
    +--+-------------------------------+-------+---------+---------+
       Total:                          4964    864       620    
                                                                
    S:\ti\ccsv8\tools\compiler\ti-cgt-arm_18.1.1.LTS\lib\rtsv7M4_T_le_v4SPD16_eabi.lib
       memcpy_t2.asm.obj               156     0         0      
       memset_t2.asm.obj               122     0         0      
       copy_decompress_lzss.c.obj      104     0         0      
       autoinit.c.obj                  68      0         0      
       boot_cortex_m.c.obj             56      0         0      
       copy_decompress_none.c.obj      14      0         0      
       copy_zero_init.c.obj            12      0         0      
       exit.c.obj                      4       0         0      
       pre_init.c.obj                  4       0         0      
    +--+-------------------------------+-------+---------+---------+
       Total:                          540     0         0      
                                                                
       Stack:                          0       0         512    
       Linker Generated:               0       67        0      
    +--+-------------------------------+-------+---------+---------+
       Grand Total:                    16776   1455      67096  


LINKER GENERATED COPY TABLES

__TI_cinit_table @ 00004728 records: 3, size/record: 8, table size: 24
	.data: load addr=000046f8, load size=0000000f bytes, run addr=200105d0, run size=0000004c bytes, compression=lzss
	.bss: load addr=00004718, load size=00000008 bytes, run addr=2000026c, run size=00010160 bytes, compression=zero_init
	.vtable: load addr=00004720, load size=00000008 bytes, run addr=20000000, run size=0000026c bytes, compression=zero_init


LINKER GENERATED HANDLER TABLE

__TI_handler_table @ 00004708 records: 3, size/record: 4, table size: 12
	index: 0, handler: __TI_zero_init
	index: 1, handler: __TI_decompress_lzss
	index: 2, handler: __TI_decompress_none


GLOBAL SYMBOLS: SORTED ALPHABETICALLY BY Name 

address   name                              
-------   ----                              
00004391  C$$EXIT                           
0000431d  CPUbasepriGet                     
0000430f  CPUbasepriSet                     
000042e9  CPUcpsid                          
000042ff  CPUcpsie                          
000042f5  CPUprimask                        
0000430b  CPUwfi                            
000039dd  IntDisable                        
0000396b  IntEnable                         
00003a4f  IntIsEnabled                      
0000382f  IntMasterDisable                  
0000381f  IntMasterEnable                   
00003b45  IntPendClear                      
00003ad5  IntPendSet                        
00003947  IntPriorityGet                    
000038bf  IntPriorityGroupingGet            
000038a5  IntPriorityGroupingSet            
00003b9f  IntPriorityMaskGet                
00003b93  IntPriorityMaskSet                
000038f7  IntPrioritySet                    
0000383f  IntRegister                       
00003ba7  IntTrigger                        
00003891  IntUnregister                     
0000437b  ResetISR                          
00002259  SysCtlAltClkConfig                
000019a5  SysCtlClockFreqSet                
00001e49  SysCtlClockGet                    
0000223d  SysCtlClockOutConfig              
00001c79  SysCtlClockSet                    
000018a5  SysCtlDeepSleep                   
0000200d  SysCtlDeepSleepClockConfigSet     
00001fef  SysCtlDeepSleepClockSet           
00001885  SysCtlDeepSleepPowerSet           
00004387  SysCtlDelay                       
00001433  SysCtlFlashSectorSizeGet          
00001407  SysCtlFlashSizeGet                
000020e3  SysCtlGPIOAHBDisable              
000020c7  SysCtlGPIOAHBEnable               
00001819  SysCtlIntClear                    
00001801  SysCtlIntDisable                  
000017ed  SysCtlIntEnable                   
000017c5  SysCtlIntRegister                 
00001829  SysCtlIntStatus                   
000017dd  SysCtlIntUnregister               
0000186b  SysCtlLDODeepSleepGet             
0000185b  SysCtlLDODeepSleepSet             
00001855  SysCtlLDOSleepGet                 
00001845  SysCtlLDOSleepSet                 
000018db  SysCtlMOSCConfigSet               
00002221  SysCtlNMIClear                    
0000220d  SysCtlNMIStatus                   
000018f1  SysCtlPIOSCCalibrate              
000020b1  SysCtlPWMClockGet                 
00002097  SysCtlPWMClockSet                 
00001771  SysCtlPeripheralClockGating       
00001729  SysCtlPeripheralDeepSleepDisable  
000016d9  SysCtlPeripheralDeepSleepEnable   
00001615  SysCtlPeripheralDisable           
000015d9  SysCtlPeripheralEnable            
00001515  SysCtlPeripheralPowerOff          
000014d9  SysCtlPeripheralPowerOn           
00001459  SysCtlPeripheralPresent           
00001499  SysCtlPeripheralReady             
00001551  SysCtlPeripheralReset             
0000169d  SysCtlPeripheralSleepDisable      
00001659  SysCtlPeripheralSleepEnable       
00001895  SysCtlReset                       
00001951  SysCtlResetBehaviorGet            
00001941  SysCtlResetBehaviorSet            
000018c7  SysCtlResetCauseClear             
000018c1  SysCtlResetCauseGet               
000013fd  SysCtlSRAMSizeGet                 
0000189d  SysCtlSleep                       
00001871  SysCtlSleepPowerSet               
0000210b  SysCtlUSBPLLDisable               
000020ff  SysCtlUSBPLLEnable                
00002151  SysCtlVCOGet                      
00002139  SysCtlVoltageEventClear           
0000211d  SysCtlVoltageEventConfig          
0000212d  SysCtlVoltageEventStatus          
200105d0  __STACK_END                       
00000200  __STACK_SIZE                      
200105d0  __STACK_TOP                       
00004728  __TI_CINIT_Base                   
00004740  __TI_CINIT_Limit                  
00004708  __TI_Handler_Table_Base           
00004714  __TI_Handler_Table_Limit          
000042a5  __TI_auto_init_nobinit_nopinit    
000041ed  __TI_decompress_lzss              
00004361  __TI_decompress_none              
ffffffff  __TI_pprof_out_hndl               
ffffffff  __TI_prof_data_size               
ffffffff  __TI_prof_data_start              
00000000  __TI_static_base__                
0000436f  __TI_zero_init                    
00004173  __aeabi_memclr                    
00004173  __aeabi_memclr4                   
00004173  __aeabi_memclr8                   
000040d7  __aeabi_memcpy                    
000040d7  __aeabi_memcpy4                   
000040d7  __aeabi_memcpy8                   
00004175  __aeabi_memset                    
00004175  __aeabi_memset4                   
00004175  __aeabi_memset8                   
ffffffff  __binit__                         
ffffffff  __c_args__                        
UNDEFED   __mpu_init                        
200103d0  __stack                           
00004329  _c_int00_noargs                   
UNDEFED   _system_post_cinit                
0000438d  _system_pre_init                  
00004391  abort                             
ffffffff  binit                             
20000000  g_pfnRAMVectors                   
00000000  g_pfnVectors                      
00004255  main                              
000040d7  memcpy                            
0000417b  memset                            
00002d05  pcQueueGetName                    
000008ad  pcTaskGetName                     
00002f25  pcTimerGetName                    
00003bdd  pvPortMalloc                      
00000cd3  pvTaskGetThreadLocalStoragePointer
0000330d  pvTimerGetTimerID                 
200105d0  pxCurrentTCB                      
00003d95  pxPortInitialiseStack             
000046f4  ulMaxSyscallInterruptPriority     
0000400d  ulPortGetIPSR                     
00000e45  ulTaskNotifyTake                  
00003fb3  uxListRemove                      
00002a4f  uxQueueMessagesWaiting            
00002a85  uxQueueMessagesWaitingFromISR     
00002a65  uxQueueSpacesAvailable            
000008a1  uxTaskGetNumberOfTasks            
00000e19  uxTaskResetEventItemValue         
0000335d  vCartridgeTask                    
00003ed1  vListInitialise                   
00003f01  vListInitialiseItem               
00003f4d  vListInsert                       
00003f11  vListInsertEnd                    
000040c9  vPortEnableVFP                    
00003e35  vPortEndScheduler                 
00003e37  vPortEnterCritical                
00003e57  vPortExitCritical                 
00003cd5  vPortFree                         
00003d39  vPortInitialiseBlocks             
00004085  vPortSVCHandler                   
00003e93  vPortSetupTimerInterrupt          
000040a5  vPortStartFirstTask               
00002cc3  vQueueAddToRegistry               
00002a97  vQueueDelete                      
00002d45  vQueueUnregisterQueue             
00002d89  vQueueWaitForMessageRestricted    
000004b1  vTaskDelay                        
00000403  vTaskDelete                       
00000771  vTaskEndScheduler                 
00000bd5  vTaskInternalSetTimeOutState      
00000c77  vTaskMissedYield                  
0000118f  vTaskNotifyGiveFromISR            
00000a49  vTaskPlaceOnEventList             
00000a99  vTaskPlaceOnEventListRestricted   
00000a69  vTaskPlaceOnUnorderedEventList    
00000b45  vTaskRemoveFromUnorderedEventList 
000005fd  vTaskResume                       
00000ca5  vTaskSetThreadLocalStoragePointer 
00000bb1  vTaskSetTimeOutState              
0000071b  vTaskStartScheduler               
000004e7  vTaskSuspend                      
0000078d  vTaskSuspendAll                   
000009e1  vTaskSwitchContext                
00003327  vTimerSetTimerID                  
00003d33  xPortGetFreeHeapSize              
00004025  xPortPendSVHandler                
00003dff  xPortStartScheduler               
00003e6d  xPortSysTickHandler               
0000233b  xQueueGenericCreate               
0000229d  xQueueGenericReset                
000023c1  xQueueGenericSend                 
000024e9  xQueueGenericSendFromISR          
00002589  xQueueGiveFromISR                 
00002c5f  xQueueIsQueueEmptyFromISR         
00002ca1  xQueueIsQueueFullFromISR          
00002841  xQueuePeek                        
000029fd  xQueuePeekFromISR                 
0000261b  xQueueReceive                     
00002965  xQueueReceiveFromISR              
200102d0  xQueueRegistry                    
00002733  xQueueSemaphoreTake               
00000bf9  xTaskCheckForTimeOut              
00000209  xTaskCreate                       
00000f8d  xTaskGenericNotify                
00001085  xTaskGenericNotifyFromISR         
00000def  xTaskGetSchedulerState            
0000087d  xTaskGetTickCount                 
0000088d  xTaskGetTickCountFromISR          
000008e1  xTaskIncrementTick                
0000123d  xTaskNotifyStateClear             
00000ec1  xTaskNotifyWait                   
00000ac9  xTaskRemoveFromEventList          
0000079d  xTaskResumeAll                    
00000695  xTaskResumeFromISR                
00002e17  xTimerCreate                      
00002ded  xTimerCreateTimerTask             
00002e8b  xTimerGenericCommand              
00002f0f  xTimerGetExpiryTime               
00002efd  xTimerGetPeriod                   
00002ef7  xTimerGetTimerDaemonTaskHandle    
000032e1  xTimerIsTimerActive               


GLOBAL SYMBOLS: SORTED BY Symbol Address 

address   name                              
-------   ----                              
00000000  __TI_static_base__                
00000000  g_pfnVectors                      
00000200  __STACK_SIZE                      
00000209  xTaskCreate                       
00000403  vTaskDelete                       
000004b1  vTaskDelay                        
000004e7  vTaskSuspend                      
000005fd  vTaskResume                       
00000695  xTaskResumeFromISR                
0000071b  vTaskStartScheduler               
00000771  vTaskEndScheduler                 
0000078d  vTaskSuspendAll                   
0000079d  xTaskResumeAll                    
0000087d  xTaskGetTickCount                 
0000088d  xTaskGetTickCountFromISR          
000008a1  uxTaskGetNumberOfTasks            
000008ad  pcTaskGetName                     
000008e1  xTaskIncrementTick                
000009e1  vTaskSwitchContext                
00000a49  vTaskPlaceOnEventList             
00000a69  vTaskPlaceOnUnorderedEventList    
00000a99  vTaskPlaceOnEventListRestricted   
00000ac9  xTaskRemoveFromEventList          
00000b45  vTaskRemoveFromUnorderedEventList 
00000bb1  vTaskSetTimeOutState              
00000bd5  vTaskInternalSetTimeOutState      
00000bf9  xTaskCheckForTimeOut              
00000c77  vTaskMissedYield                  
00000ca5  vTaskSetThreadLocalStoragePointer 
00000cd3  pvTaskGetThreadLocalStoragePointer
00000def  xTaskGetSchedulerState            
00000e19  uxTaskResetEventItemValue         
00000e45  ulTaskNotifyTake                  
00000ec1  xTaskNotifyWait                   
00000f8d  xTaskGenericNotify                
00001085  xTaskGenericNotifyFromISR         
0000118f  vTaskNotifyGiveFromISR            
0000123d  xTaskNotifyStateClear             
000013fd  SysCtlSRAMSizeGet                 
00001407  SysCtlFlashSizeGet                
00001433  SysCtlFlashSectorSizeGet          
00001459  SysCtlPeripheralPresent           
00001499  SysCtlPeripheralReady             
000014d9  SysCtlPeripheralPowerOn           
00001515  SysCtlPeripheralPowerOff          
00001551  SysCtlPeripheralReset             
000015d9  SysCtlPeripheralEnable            
00001615  SysCtlPeripheralDisable           
00001659  SysCtlPeripheralSleepEnable       
0000169d  SysCtlPeripheralSleepDisable      
000016d9  SysCtlPeripheralDeepSleepEnable   
00001729  SysCtlPeripheralDeepSleepDisable  
00001771  SysCtlPeripheralClockGating       
000017c5  SysCtlIntRegister                 
000017dd  SysCtlIntUnregister               
000017ed  SysCtlIntEnable                   
00001801  SysCtlIntDisable                  
00001819  SysCtlIntClear                    
00001829  SysCtlIntStatus                   
00001845  SysCtlLDOSleepSet                 
00001855  SysCtlLDOSleepGet                 
0000185b  SysCtlLDODeepSleepSet             
0000186b  SysCtlLDODeepSleepGet             
00001871  SysCtlSleepPowerSet               
00001885  SysCtlDeepSleepPowerSet           
00001895  SysCtlReset                       
0000189d  SysCtlSleep                       
000018a5  SysCtlDeepSleep                   
000018c1  SysCtlResetCauseGet               
000018c7  SysCtlResetCauseClear             
000018db  SysCtlMOSCConfigSet               
000018f1  SysCtlPIOSCCalibrate              
00001941  SysCtlResetBehaviorSet            
00001951  SysCtlResetBehaviorGet            
000019a5  SysCtlClockFreqSet                
00001c79  SysCtlClockSet                    
00001e49  SysCtlClockGet                    
00001fef  SysCtlDeepSleepClockSet           
0000200d  SysCtlDeepSleepClockConfigSet     
00002097  SysCtlPWMClockSet                 
000020b1  SysCtlPWMClockGet                 
000020c7  SysCtlGPIOAHBEnable               
000020e3  SysCtlGPIOAHBDisable              
000020ff  SysCtlUSBPLLEnable                
0000210b  SysCtlUSBPLLDisable               
0000211d  SysCtlVoltageEventConfig          
0000212d  SysCtlVoltageEventStatus          
00002139  SysCtlVoltageEventClear           
00002151  SysCtlVCOGet                      
0000220d  SysCtlNMIStatus                   
00002221  SysCtlNMIClear                    
0000223d  SysCtlClockOutConfig              
00002259  SysCtlAltClkConfig                
0000229d  xQueueGenericReset                
0000233b  xQueueGenericCreate               
000023c1  xQueueGenericSend                 
000024e9  xQueueGenericSendFromISR          
00002589  xQueueGiveFromISR                 
0000261b  xQueueReceive                     
00002733  xQueueSemaphoreTake               
00002841  xQueuePeek                        
00002965  xQueueReceiveFromISR              
000029fd  xQueuePeekFromISR                 
00002a4f  uxQueueMessagesWaiting            
00002a65  uxQueueSpacesAvailable            
00002a85  uxQueueMessagesWaitingFromISR     
00002a97  vQueueDelete                      
00002c5f  xQueueIsQueueEmptyFromISR         
00002ca1  xQueueIsQueueFullFromISR          
00002cc3  vQueueAddToRegistry               
00002d05  pcQueueGetName                    
00002d45  vQueueUnregisterQueue             
00002d89  vQueueWaitForMessageRestricted    
00002ded  xTimerCreateTimerTask             
00002e17  xTimerCreate                      
00002e8b  xTimerGenericCommand              
00002ef7  xTimerGetTimerDaemonTaskHandle    
00002efd  xTimerGetPeriod                   
00002f0f  xTimerGetExpiryTime               
00002f25  pcTimerGetName                    
000032e1  xTimerIsTimerActive               
0000330d  pvTimerGetTimerID                 
00003327  vTimerSetTimerID                  
0000335d  vCartridgeTask                    
0000381f  IntMasterEnable                   
0000382f  IntMasterDisable                  
0000383f  IntRegister                       
00003891  IntUnregister                     
000038a5  IntPriorityGroupingSet            
000038bf  IntPriorityGroupingGet            
000038f7  IntPrioritySet                    
00003947  IntPriorityGet                    
0000396b  IntEnable                         
000039dd  IntDisable                        
00003a4f  IntIsEnabled                      
00003ad5  IntPendSet                        
00003b45  IntPendClear                      
00003b93  IntPriorityMaskSet                
00003b9f  IntPriorityMaskGet                
00003ba7  IntTrigger                        
00003bdd  pvPortMalloc                      
00003cd5  vPortFree                         
00003d33  xPortGetFreeHeapSize              
00003d39  vPortInitialiseBlocks             
00003d95  pxPortInitialiseStack             
00003dff  xPortStartScheduler               
00003e35  vPortEndScheduler                 
00003e37  vPortEnterCritical                
00003e57  vPortExitCritical                 
00003e6d  xPortSysTickHandler               
00003e93  vPortSetupTimerInterrupt          
00003ed1  vListInitialise                   
00003f01  vListInitialiseItem               
00003f11  vListInsertEnd                    
00003f4d  vListInsert                       
00003fb3  uxListRemove                      
0000400d  ulPortGetIPSR                     
00004025  xPortPendSVHandler                
00004085  vPortSVCHandler                   
000040a5  vPortStartFirstTask               
000040c9  vPortEnableVFP                    
000040d7  __aeabi_memcpy                    
000040d7  __aeabi_memcpy4                   
000040d7  __aeabi_memcpy8                   
000040d7  memcpy                            
00004173  __aeabi_memclr                    
00004173  __aeabi_memclr4                   
00004173  __aeabi_memclr8                   
00004175  __aeabi_memset                    
00004175  __aeabi_memset4                   
00004175  __aeabi_memset8                   
0000417b  memset                            
000041ed  __TI_decompress_lzss              
00004255  main                              
000042a5  __TI_auto_init_nobinit_nopinit    
000042e9  CPUcpsid                          
000042f5  CPUprimask                        
000042ff  CPUcpsie                          
0000430b  CPUwfi                            
0000430f  CPUbasepriSet                     
0000431d  CPUbasepriGet                     
00004329  _c_int00_noargs                   
00004361  __TI_decompress_none              
0000436f  __TI_zero_init                    
0000437b  ResetISR                          
00004387  SysCtlDelay                       
0000438d  _system_pre_init                  
00004391  C$$EXIT                           
00004391  abort                             
000046f4  ulMaxSyscallInterruptPriority     
00004708  __TI_Handler_Table_Base           
00004714  __TI_Handler_Table_Limit          
00004728  __TI_CINIT_Base                   
00004740  __TI_CINIT_Limit                  
20000000  g_pfnRAMVectors                   
200102d0  xQueueRegistry                    
200103d0  __stack                           
200105d0  __STACK_END                       
200105d0  __STACK_TOP                       
200105d0  pxCurrentTCB                      
ffffffff  __TI_pprof_out_hndl               
ffffffff  __TI_prof_data_size               
ffffffff  __TI_prof_data_start              
ffffffff  __binit__                         
ffffffff  __c_args__                        
ffffffff  binit                             
UNDEFED   __mpu_init                        
UNDEFED   _system_post_cinit                

[208 symbols]
