******************************************************************************
                  TI ARM Linker PC v18.1.1                     
******************************************************************************
>> Linked Sat Apr  7 17:26:49 2018

OUTPUT FILE NAME:   <Problem_2.out>
ENTRY POINT SYMBOL: "_c_int00_noargs"  address: 00004521


MEMORY CONFIGURATION

         name            origin    length      used     unused   attr    fill
----------------------  --------  ---------  --------  --------  ----  --------
  FLASH                 00000000   00100000  00004d92  000fb26e  R  X
  SRAM                  20000000   00040000  00000474  0003fb8c  RW X


SEGMENT ALLOCATION MAP

run origin  load origin   length   init length attrs members
----------  ----------- ---------- ----------- ----- -------
00000000    00000000    00004d98   00004d98    r-x
  00000000    00000000    00000208   00000208    r-- .intvecs
  00000208    00000208    00004456   00004456    r-x .text
  00004660    00004660    000006f4   000006f4    r-- .const
  00004d58    00004d58    00000040   00000040    r-- .cinit
20000000    20000000    00000474   00000000    rw-
  20000000    20000000    0000026c   00000000    rw- .vtable
  2000026c    2000026c    00000004   00000000    rw- .bss
  20000270    20000270    00000200   00000000    rw- .stack
  20000470    20000470    00000004   00000000    rw- .data


SECTION ALLOCATION MAP

 output                                  attributes/
section   page    origin      length       input sections
--------  ----  ----------  ----------   ----------------
.intvecs   0    00000000    00000208     
                  00000000    00000208     tm4c1292ncpdt_startup_ccs.obj (.intvecs)

.text      0    00000208    00004456     
                  00000208    00000f60     sysctl.obj (.text)
                  00001168    00000b40     gpio.obj (.text)
                  00001ca8    00000a5e     rtsv7M4_T_le_v4SPD16_eabi.lib : _printfi.c.obj (.text:__TI_printfi)
                  00002706    00000002                                   : div0.asm.obj (.text)
                  00002708    0000062e     uart.obj (.text)
                  00002d36    00000002     --HOLE-- [fill = 0]
                  00002d38    000003c0     interrupt.obj (.text)
                  000030f8    00000270     rtsv7M4_T_le_v4SPD16_eabi.lib : _printfi.c.obj (.text:_pconv_a)
                  00003368    000001d0                                   : _printfi.c.obj (.text:_pconv_g)
                  00003538    000001b6                                   : fd_add_t2.asm.obj (.text)
                  000036ee    00000002     --HOLE-- [fill = 0]
                  000036f0    0000015c     main.obj (.text)
                  0000384c    0000013c     rtsv7M4_T_le_v4SPD16_eabi.lib : _printfi.c.obj (.text:_pconv_e)
                  00003988    00000136                                   : fd_div_t2.asm.obj (.text)
                  00003abe    00000002     --HOLE-- [fill = 0]
                  00003ac0    00000120                                   : _printfi.c.obj (.text:fcvt)
                  00003be0    00000110                                   : s_scalbn.c.obj (.text:scalbn)
                  00003cf0    000000fc                                   : fd_mul_t2.asm.obj (.text)
                  00003dec    000000b1                                   : _printfi.c.obj (.text:_ltostr)
                  00003e9d    00000001     --HOLE-- [fill = 0]
                  00003e9e    0000009c                                   : memcpy_t2.asm.obj (.text)
                  00003f3a    00000096                                   : ull_div_t2.asm.obj (.text)
                  00003fd0    00000086                                   : fd_cmp_t2.asm.obj (.text:__aeabi_cdcmple)
                  00004056    00000086                                   : fd_cmp_t2.asm.obj (.text:__aeabi_cdrcmple)
                  000040dc    0000007a                                   : memset_t2.asm.obj (.text)
                  00004156    0000006e                                   : _printfi.c.obj (.text:_mcpy)
                  000041c4    00000068                                   : copy_decompress_lzss.c.obj (.text:decompress:lzss:__TI_decompress_lzss)
                  0000422c    00000064                                   : s_frexp.c.obj (.text:frexp)
                  00004290    00000056                                   : _printfi.c.obj (.text:_pconv_f)
                  000042e6    00000054                                   : ltoa.c.obj (.text:ltoa)
                  0000433a    00000052                                   : _printfi.c.obj (.text:_ecpy)
                  0000438c    0000004c                                   : atoi.c.obj (.text:atoi)
                  000043d8    00000048                                   : fd_toi_t2.asm.obj (.text)
                  00004420    00000044                                   : autoinit.c.obj (.text:__TI_auto_init_nobinit_nopinit:__TI_auto_init_nobinit_nopinit)
                  00004464    00000040                                   : sprintf.c.obj (.text:sprintf)
                  000044a4    0000003e                                   : _printfi.c.obj (.text:_fcpy)
                  000044e2    0000003e     cpu.obj (.text)
                  00004520    00000038     rtsv7M4_T_le_v4SPD16_eabi.lib : boot_cortex_m.c.obj (.text:_c_int00_noargs:_c_int00_noargs)
                  00004558    0000002e                                   : i_tofd_t2.asm.obj (.text)
                  00004586    0000001c                                   : memccpy.c.obj (.text:memccpy)
                  000045a2    00000018                                   : sprintf.c.obj (.text:_outs)
                  000045ba    00000016                                   : strchr.c.obj (.text:strchr)
                  000045d0    00000014                                   : s_copysign.c.obj (.text:copysign)
                  000045e4    00000014                                   : strlen.c.obj (.text:strlen)
                  000045f8    00000012                                   : copy_zero_init.c.obj (.text:decompress:ZI:__TI_zero_init_nomemset:__TI_zero_init_nomemset)
                  0000460a    00000012                                   : wcslen.c.obj (.text:wcslen)
                  0000461c    0000000e                                   : copy_decompress_none.c.obj (.text:decompress:none:__TI_decompress_none)
                  0000462a    0000000c     tm4c1292ncpdt_startup_ccs.obj (.text)
                  00004636    0000000a     rtsv7M4_T_le_v4SPD16_eabi.lib : sprintf.c.obj (.text:_outc)
                  00004640    00000008                                   : errno.c.obj (.text:__aeabi_errno_addr)
                  00004648    00000008                                   : bzero.c.obj (.text:bzero)
                  00004650    00000006     sysctl.obj (.text:SysCtlDelay)
                  00004656    00000004     rtsv7M4_T_le_v4SPD16_eabi.lib : pre_init.c.obj (.text:_system_pre_init)
                  0000465a    00000004                                   : exit.c.obj (.text:abort:abort)

.const     0    00004660    000006f4     
                  00004660    000001b0     sysctl.obj (.const:g_pppui32XTALtoVCO)
                  00004810    00000101     rtsv7M4_T_le_v4SPD16_eabi.lib : ctype.c.obj (.const:.string:_ctypes_)
                  00004911    00000003     --HOLE-- [fill = 0]
                  00004914    000000c0     gpio.obj (.const:g_ppui32GPIOIntMapBlizzard)
                  000049d4    000000c0     gpio.obj (.const:g_ppui32GPIOIntMapSnowflake)
                  00004a94    0000009c     interrupt.obj (.const:g_pui32Regs)
                  00004b30    00000090     gpio.obj (.const:g_pui32GPIOBaseAddrs)
                  00004bc0    0000006c     sysctl.obj (.const:g_pui32Xtals)
                  00004c2c    00000040     uart.obj (.const:g_ppui32UARTIntMap)
                  00004c6c    00000040     uart.obj (.const:g_ppui32UARTIntMapSnowflake)
                  00004cac    00000030     sysctl.obj (.const:g_sXTALtoMEMTIM)
                  00004cdc    00000020     interrupt.obj (.const:g_pui32Priority)
                  00004cfc    00000014     interrupt.obj (.const:g_pui32Dii16Regs)
                  00004d10    00000014     interrupt.obj (.const:g_pui32EnRegs)
                  00004d24    00000014     interrupt.obj (.const:g_pui32PendRegs)
                  00004d38    00000014     interrupt.obj (.const:g_pui32UnpendRegs)
                  00004d4c    00000008     sysctl.obj (.const:g_pui32VCOFrequencies)

.cinit     0    00004d58    00000040     
                  00004d58    0000000c     (__TI_handler_table)
                  00004d64    00000004     --HOLE-- [fill = 0]
                  00004d68    00000008     (.cinit..bss.load) [load image, compression = zero_init]
                  00004d70    00000008     (.cinit..vtable.load) [load image, compression = zero_init]
                  00004d78    00000007     (.cinit..data.load) [load image, compression = lzss]
                  00004d7f    00000001     --HOLE-- [fill = 0]
                  00004d80    00000018     (__TI_cinit_table)

.init_array 
*          0    00000000    00000000     UNINITIALIZED

.vtable    0    20000000    0000026c     UNINITIALIZED
                  20000000    0000026c     interrupt.obj (.vtable)

.bss       0    2000026c    00000004     UNINITIALIZED
                  2000026c    00000004     (.common:g_ui32SysClock)

.data      0    20000470    00000004     UNINITIALIZED
                  20000470    00000004     rtsv7M4_T_le_v4SPD16_eabi.lib : errno.c.obj (.data)

.stack     0    20000270    00000200     UNINITIALIZED
                  20000270    00000004     rtsv7M4_T_le_v4SPD16_eabi.lib : boot_cortex_m.c.obj (.stack)
                  20000274    000001fc     --HOLE--

MODULE SUMMARY

       Module                          code    ro data   rw data
       ------                          ----    -------   -------
    .\
       tm4c1292ncpdt_startup_ccs.obj   12      520       0      
       main.obj                        348     0         4      
    +--+-------------------------------+-------+---------+---------+
       Total:                          360     520       4      
                                                                
    .\driverlib\
       sysctl.obj                      3942    596       0      
       gpio.obj                        2880    528       0      
       interrupt.obj                   960     268       620    
       uart.obj                        1582    128       0      
       cpu.obj                         62      0         0      
    +--+-------------------------------+-------+---------+---------+
       Total:                          9426    1520      620    
                                                                
    D:\Code Composer Studio\ccsv8\tools\compiler\ti-cgt-arm_18.1.1.LTS\lib\rtsv7M4_T_le_v4SPD16_eabi.lib
       _printfi.c.obj                  4863    0         0      
       fd_add_t2.asm.obj               438     0         0      
       fd_div_t2.asm.obj               310     0         0      
       s_scalbn.c.obj                  272     0         0      
       fd_cmp_t2.asm.obj               268     0         0      
       ctype.c.obj                     0       257       0      
       fd_mul_t2.asm.obj               252     0         0      
       memcpy_t2.asm.obj               156     0         0      
       ull_div_t2.asm.obj              150     0         0      
       memset_t2.asm.obj               122     0         0      
       copy_decompress_lzss.c.obj      104     0         0      
       s_frexp.c.obj                   100     0         0      
       sprintf.c.obj                   98      0         0      
       ltoa.c.obj                      84      0         0      
       atoi.c.obj                      76      0         0      
       fd_toi_t2.asm.obj               72      0         0      
       autoinit.c.obj                  68      0         0      
       boot_cortex_m.c.obj             56      0         0      
       i_tofd_t2.asm.obj               46      0         0      
       memccpy.c.obj                   28      0         0      
       strchr.c.obj                    22      0         0      
       s_copysign.c.obj                20      0         0      
       strlen.c.obj                    20      0         0      
       copy_zero_init.c.obj            18      0         0      
       wcslen.c.obj                    18      0         0      
       copy_decompress_none.c.obj      14      0         0      
       errno.c.obj                     8       0         4      
       bzero.c.obj                     8       0         0      
       exit.c.obj                      4       0         0      
       pre_init.c.obj                  4       0         0      
       div0.asm.obj                    2       0         0      
    +--+-------------------------------+-------+---------+---------+
       Total:                          7701    257       4      
                                                                
       Stack:                          0       0         512    
       Linker Generated:               0       59        0      
    +--+-------------------------------+-------+---------+---------+
       Grand Total:                    17487   2356      1140   


LINKER GENERATED COPY TABLES

__TI_cinit_table @ 00004d80 records: 3, size/record: 8, table size: 24
	.bss: load addr=00004d68, load size=00000008 bytes, run addr=2000026c, run size=00000004 bytes, compression=zero_init
	.vtable: load addr=00004d70, load size=00000008 bytes, run addr=20000000, run size=0000026c bytes, compression=zero_init
	.data: load addr=00004d78, load size=00000007 bytes, run addr=20000470, run size=00000004 bytes, compression=lzss


LINKER GENERATED HANDLER TABLE

__TI_handler_table @ 00004d58 records: 3, size/record: 4, table size: 12
	index: 0, handler: __TI_zero_init
	index: 1, handler: __TI_decompress_lzss
	index: 2, handler: __TI_decompress_none


GLOBAL SYMBOLS: SORTED ALPHABETICALLY BY Name 

address   name                            
-------   ----                            
0000465b  C$$EXIT                         
00004517  CPUbasepriGet                   
00004509  CPUbasepriSet                   
000044e3  CPUcpsid                        
000044f9  CPUcpsie                        
000044ef  CPUprimask                      
00004505  CPUwfi                          
00001c83  GPIOADCTriggerDisable           
00001c65  GPIOADCTriggerEnable            
00001c47  GPIODMATriggerDisable           
00001c29  GPIODMATriggerEnable            
00001223  GPIODirModeGet                  
000011c7  GPIODirModeSet                  
0000178b  GPIOIntClear                    
0000174f  GPIOIntDisable                  
00001735  GPIOIntEnable                   
0000179f  GPIOIntRegister                 
00001769  GPIOIntStatus                   
00001313  GPIOIntTypeGet                  
0000126f  GPIOIntTypeSet                  
000017bd  GPIOIntUnregister               
000015e3  GPIOPadConfigGet                
000013a9  GPIOPadConfigSet                
00001bcb  GPIOPinConfigure                
000017d7  GPIOPinRead                     
0000180f  GPIOPinTypeADC                  
00001833  GPIOPinTypeCAN                  
00001857  GPIOPinTypeComparator           
0000187b  GPIOPinTypeComparatorOutput     
0000189f  GPIOPinTypeDIVSCLK              
000018c3  GPIOPinTypeEPI                  
000018e7  GPIOPinTypeEthernetLED          
0000190b  GPIOPinTypeEthernetMII          
0000192f  GPIOPinTypeGPIOInput            
00001953  GPIOPinTypeGPIOOutput           
00001977  GPIOPinTypeGPIOOutputOD         
0000199b  GPIOPinTypeHibernateRTCCLK      
000019bf  GPIOPinTypeI2C                  
000019e3  GPIOPinTypeI2CSCL               
00001a07  GPIOPinTypeLCD                  
00001a2b  GPIOPinTypeOneWire              
00001a4f  GPIOPinTypePWM                  
00001a73  GPIOPinTypeQEI                  
00001a97  GPIOPinTypeSSI                  
00001abb  GPIOPinTypeTimer                
00001adf  GPIOPinTypeTrace                
00001b03  GPIOPinTypeUART                 
00001b27  GPIOPinTypeUSBAnalog            
00001b4b  GPIOPinTypeUSBDigital           
00001b6f  GPIOPinTypeWakeHigh             
00001b95  GPIOPinTypeWakeLow              
00001bbb  GPIOPinWakeStatus               
000017ef  GPIOPinWrite                    
00002ef9  IntDisable                      
00002e87  IntEnable                       
00002f6b  IntIsEnabled                    
00002d4b  IntMasterDisable                
00002d3b  IntMasterEnable                 
00003061  IntPendClear                    
00002ff1  IntPendSet                      
00002e63  IntPriorityGet                  
00002ddb  IntPriorityGroupingGet          
00002dc1  IntPriorityGroupingSet          
000030bb  IntPriorityMaskGet              
000030af  IntPriorityMaskSet              
00002e13  IntPrioritySet                  
00002d5b  IntRegister                     
000030c3  IntTrigger                      
00002dad  IntUnregister                   
000036f1  LEDonoff                        
0000462b  ResetISR                        
00001125  SysCtlAltClkConfig              
00000871  SysCtlClockFreqSet              
00000d15  SysCtlClockGet                  
00001109  SysCtlClockOutConfig            
00000b45  SysCtlClockSet                  
00000771  SysCtlDeepSleep                 
00000ed9  SysCtlDeepSleepClockConfigSet   
00000ebb  SysCtlDeepSleepClockSet         
00000751  SysCtlDeepSleepPowerSet         
00004651  SysCtlDelay                     
000002ff  SysCtlFlashSectorSizeGet        
000002d3  SysCtlFlashSizeGet              
00000faf  SysCtlGPIOAHBDisable            
00000f93  SysCtlGPIOAHBEnable             
000006e5  SysCtlIntClear                  
000006cd  SysCtlIntDisable                
000006b9  SysCtlIntEnable                 
00000691  SysCtlIntRegister               
000006f5  SysCtlIntStatus                 
000006a9  SysCtlIntUnregister             
00000737  SysCtlLDODeepSleepGet           
00000727  SysCtlLDODeepSleepSet           
00000721  SysCtlLDOSleepGet               
00000711  SysCtlLDOSleepSet               
000007a7  SysCtlMOSCConfigSet             
000010ed  SysCtlNMIClear                  
000010d9  SysCtlNMIStatus                 
000007bd  SysCtlPIOSCCalibrate            
00000f7d  SysCtlPWMClockGet               
00000f63  SysCtlPWMClockSet               
0000063d  SysCtlPeripheralClockGating     
000005f5  SysCtlPeripheralDeepSleepDisable
000005a5  SysCtlPeripheralDeepSleepEnable 
000004e1  SysCtlPeripheralDisable         
000004a5  SysCtlPeripheralEnable          
000003e1  SysCtlPeripheralPowerOff        
000003a5  SysCtlPeripheralPowerOn         
00000325  SysCtlPeripheralPresent         
00000365  SysCtlPeripheralReady           
0000041d  SysCtlPeripheralReset           
00000569  SysCtlPeripheralSleepDisable    
00000525  SysCtlPeripheralSleepEnable     
00000761  SysCtlReset                     
0000081d  SysCtlResetBehaviorGet          
0000080d  SysCtlResetBehaviorSet          
00000793  SysCtlResetCauseClear           
0000078d  SysCtlResetCauseGet             
000002c9  SysCtlSRAMSizeGet               
00000769  SysCtlSleep                     
0000073d  SysCtlSleepPowerSet             
00000fd7  SysCtlUSBPLLDisable             
00000fcb  SysCtlUSBPLLEnable              
0000101d  SysCtlVCOGet                    
00001005  SysCtlVoltageEventClear         
00000fe9  SysCtlVoltageEventConfig        
00000ff9  SysCtlVoltageEventStatus        
00002cd9  UART9BitAddrSend                
00002cb3  UART9BitAddrSet                 
00002c9d  UART9BitDisable                 
00002c87  UART9BitEnable                  
00002b2b  UARTBreakCtl                    
00002b55  UARTBusy                        
00002ad3  UARTCharGet                     
00002ab7  UARTCharGetNonBlocking          
00002b0d  UARTCharPut                     
00002ae9  UARTCharPutNonBlocking          
00002a7b  UARTCharsAvail                  
00002c77  UARTClockSourceGet              
00002c63  UARTClockSourceSet              
0000284b  UARTConfigGetExpClk             
000027d5  UARTConfigSetExpClk             
00002c29  UARTDMADisable                  
00002c11  UARTDMAEnable                   
000028bb  UARTDisable                     
0000293f  UARTDisableSIR                  
00002897  UARTEnable                      
00002911  UARTEnableSIR                   
000028fb  UARTFIFODisable                 
000028e5  UARTFIFOEnable                  
000027ad  UARTFIFOLevelGet                
00002795  UARTFIFOLevelSet                
00002a3b  UARTFlowControlGet              
00002a1f  UARTFlowControlSet              
00002bff  UARTIntClear                    
00002bc9  UARTIntDisable                  
00002bb1  UARTIntEnable                   
00002b73  UARTIntRegister                 
00002be1  UARTIntStatus                   
00002b91  UARTIntUnregister               
00002d21  UARTLoopbackEnable              
000029d5  UARTModemControlClear           
000029f9  UARTModemControlGet             
0000299d  UARTModemControlSet             
00002a0b  UARTModemStatusGet              
00002783  UARTParityModeGet               
00002767  UARTParityModeSet               
00002c53  UARTRxErrorClear                
00002c41  UARTRxErrorGet                  
00003715  UARTSendCharacter               
00002987  UARTSmartCardDisable            
00002955  UARTSmartCardEnable             
00002a99  UARTSpaceAvail                  
00002a69  UARTTxIntModeGet                
00002a4d  UARTTxIntModeSet                
20000470  __STACK_END                     
00000200  __STACK_SIZE                    
20000470  __STACK_TOP                     
00004d80  __TI_CINIT_Base                 
00004d98  __TI_CINIT_Limit                
00004d58  __TI_Handler_Table_Base         
00004d64  __TI_Handler_Table_Limit        
00004421  __TI_auto_init_nobinit_nopinit  
000041c5  __TI_decompress_lzss            
0000461d  __TI_decompress_none            
ffffffff  __TI_pprof_out_hndl             
00001ca9  __TI_printfi                    
ffffffff  __TI_prof_data_size             
ffffffff  __TI_prof_data_start            
00000000  __TI_static_base__              
000045f9  __TI_zero_init_nomemset         
00003fd1  __aeabi_cdcmpeq                 
00003fd1  __aeabi_cdcmple                 
00004057  __aeabi_cdrcmple                
000043d9  __aeabi_d2iz                    
00003543  __aeabi_dadd                    
00003989  __aeabi_ddiv                    
00003cf1  __aeabi_dmul                    
00003539  __aeabi_dsub                    
00004641  __aeabi_errno_addr              
00004559  __aeabi_i2d                     
00002707  __aeabi_idiv0                   
00002707  __aeabi_ldiv0                   
000040dd  __aeabi_memclr                  
000040dd  __aeabi_memclr4                 
000040dd  __aeabi_memclr8                 
00003e9f  __aeabi_memcpy                  
00003e9f  __aeabi_memcpy4                 
00003e9f  __aeabi_memcpy8                 
000040df  __aeabi_memset                  
000040df  __aeabi_memset4                 
000040df  __aeabi_memset8                 
00003f3b  __aeabi_uldivmod                
ffffffff  __binit__                       
ffffffff  __c_args__                      
UNDEFED   __mpu_init                      
20000270  __stack                         
00004521  _c_int00_noargs                 
00004810  _ctypes_                        
UNDEFED   _system_post_cinit              
00004657  _system_pre_init                
0000465b  abort                           
0000438d  atoi                            
ffffffff  binit                           
00004649  bzero                           
000045d1  copysign                        
000045d1  copysignl                       
20000470  errno                           
0000422d  frexp                           
0000422d  frexpl                          
20000000  g_pfnRAMVectors                 
00000000  g_pfnVectors                    
2000026c  g_ui32SysClock                  
00003be1  ldexp                           
00003be1  ldexpl                          
000042e7  ltoa                            
0000373d  main                            
00004587  memccpy                         
00003e9f  memcpy                          
000040e5  memset                          
00003be1  scalbn                          
00003be1  scalbnl                         
00004465  sprintf                         
000045bb  strchr                          
000045e5  strlen                          
0000460b  wcslen                          


GLOBAL SYMBOLS: SORTED BY Symbol Address 

address   name                            
-------   ----                            
00000000  __TI_static_base__              
00000000  g_pfnVectors                    
00000200  __STACK_SIZE                    
000002c9  SysCtlSRAMSizeGet               
000002d3  SysCtlFlashSizeGet              
000002ff  SysCtlFlashSectorSizeGet        
00000325  SysCtlPeripheralPresent         
00000365  SysCtlPeripheralReady           
000003a5  SysCtlPeripheralPowerOn         
000003e1  SysCtlPeripheralPowerOff        
0000041d  SysCtlPeripheralReset           
000004a5  SysCtlPeripheralEnable          
000004e1  SysCtlPeripheralDisable         
00000525  SysCtlPeripheralSleepEnable     
00000569  SysCtlPeripheralSleepDisable    
000005a5  SysCtlPeripheralDeepSleepEnable 
000005f5  SysCtlPeripheralDeepSleepDisable
0000063d  SysCtlPeripheralClockGating     
00000691  SysCtlIntRegister               
000006a9  SysCtlIntUnregister             
000006b9  SysCtlIntEnable                 
000006cd  SysCtlIntDisable                
000006e5  SysCtlIntClear                  
000006f5  SysCtlIntStatus                 
00000711  SysCtlLDOSleepSet               
00000721  SysCtlLDOSleepGet               
00000727  SysCtlLDODeepSleepSet           
00000737  SysCtlLDODeepSleepGet           
0000073d  SysCtlSleepPowerSet             
00000751  SysCtlDeepSleepPowerSet         
00000761  SysCtlReset                     
00000769  SysCtlSleep                     
00000771  SysCtlDeepSleep                 
0000078d  SysCtlResetCauseGet             
00000793  SysCtlResetCauseClear           
000007a7  SysCtlMOSCConfigSet             
000007bd  SysCtlPIOSCCalibrate            
0000080d  SysCtlResetBehaviorSet          
0000081d  SysCtlResetBehaviorGet          
00000871  SysCtlClockFreqSet              
00000b45  SysCtlClockSet                  
00000d15  SysCtlClockGet                  
00000ebb  SysCtlDeepSleepClockSet         
00000ed9  SysCtlDeepSleepClockConfigSet   
00000f63  SysCtlPWMClockSet               
00000f7d  SysCtlPWMClockGet               
00000f93  SysCtlGPIOAHBEnable             
00000faf  SysCtlGPIOAHBDisable            
00000fcb  SysCtlUSBPLLEnable              
00000fd7  SysCtlUSBPLLDisable             
00000fe9  SysCtlVoltageEventConfig        
00000ff9  SysCtlVoltageEventStatus        
00001005  SysCtlVoltageEventClear         
0000101d  SysCtlVCOGet                    
000010d9  SysCtlNMIStatus                 
000010ed  SysCtlNMIClear                  
00001109  SysCtlClockOutConfig            
00001125  SysCtlAltClkConfig              
000011c7  GPIODirModeSet                  
00001223  GPIODirModeGet                  
0000126f  GPIOIntTypeSet                  
00001313  GPIOIntTypeGet                  
000013a9  GPIOPadConfigSet                
000015e3  GPIOPadConfigGet                
00001735  GPIOIntEnable                   
0000174f  GPIOIntDisable                  
00001769  GPIOIntStatus                   
0000178b  GPIOIntClear                    
0000179f  GPIOIntRegister                 
000017bd  GPIOIntUnregister               
000017d7  GPIOPinRead                     
000017ef  GPIOPinWrite                    
0000180f  GPIOPinTypeADC                  
00001833  GPIOPinTypeCAN                  
00001857  GPIOPinTypeComparator           
0000187b  GPIOPinTypeComparatorOutput     
0000189f  GPIOPinTypeDIVSCLK              
000018c3  GPIOPinTypeEPI                  
000018e7  GPIOPinTypeEthernetLED          
0000190b  GPIOPinTypeEthernetMII          
0000192f  GPIOPinTypeGPIOInput            
00001953  GPIOPinTypeGPIOOutput           
00001977  GPIOPinTypeGPIOOutputOD         
0000199b  GPIOPinTypeHibernateRTCCLK      
000019bf  GPIOPinTypeI2C                  
000019e3  GPIOPinTypeI2CSCL               
00001a07  GPIOPinTypeLCD                  
00001a2b  GPIOPinTypeOneWire              
00001a4f  GPIOPinTypePWM                  
00001a73  GPIOPinTypeQEI                  
00001a97  GPIOPinTypeSSI                  
00001abb  GPIOPinTypeTimer                
00001adf  GPIOPinTypeTrace                
00001b03  GPIOPinTypeUART                 
00001b27  GPIOPinTypeUSBAnalog            
00001b4b  GPIOPinTypeUSBDigital           
00001b6f  GPIOPinTypeWakeHigh             
00001b95  GPIOPinTypeWakeLow              
00001bbb  GPIOPinWakeStatus               
00001bcb  GPIOPinConfigure                
00001c29  GPIODMATriggerEnable            
00001c47  GPIODMATriggerDisable           
00001c65  GPIOADCTriggerEnable            
00001c83  GPIOADCTriggerDisable           
00001ca9  __TI_printfi                    
00002707  __aeabi_idiv0                   
00002707  __aeabi_ldiv0                   
00002767  UARTParityModeSet               
00002783  UARTParityModeGet               
00002795  UARTFIFOLevelSet                
000027ad  UARTFIFOLevelGet                
000027d5  UARTConfigSetExpClk             
0000284b  UARTConfigGetExpClk             
00002897  UARTEnable                      
000028bb  UARTDisable                     
000028e5  UARTFIFOEnable                  
000028fb  UARTFIFODisable                 
00002911  UARTEnableSIR                   
0000293f  UARTDisableSIR                  
00002955  UARTSmartCardEnable             
00002987  UARTSmartCardDisable            
0000299d  UARTModemControlSet             
000029d5  UARTModemControlClear           
000029f9  UARTModemControlGet             
00002a0b  UARTModemStatusGet              
00002a1f  UARTFlowControlSet              
00002a3b  UARTFlowControlGet              
00002a4d  UARTTxIntModeSet                
00002a69  UARTTxIntModeGet                
00002a7b  UARTCharsAvail                  
00002a99  UARTSpaceAvail                  
00002ab7  UARTCharGetNonBlocking          
00002ad3  UARTCharGet                     
00002ae9  UARTCharPutNonBlocking          
00002b0d  UARTCharPut                     
00002b2b  UARTBreakCtl                    
00002b55  UARTBusy                        
00002b73  UARTIntRegister                 
00002b91  UARTIntUnregister               
00002bb1  UARTIntEnable                   
00002bc9  UARTIntDisable                  
00002be1  UARTIntStatus                   
00002bff  UARTIntClear                    
00002c11  UARTDMAEnable                   
00002c29  UARTDMADisable                  
00002c41  UARTRxErrorGet                  
00002c53  UARTRxErrorClear                
00002c63  UARTClockSourceSet              
00002c77  UARTClockSourceGet              
00002c87  UART9BitEnable                  
00002c9d  UART9BitDisable                 
00002cb3  UART9BitAddrSet                 
00002cd9  UART9BitAddrSend                
00002d21  UARTLoopbackEnable              
00002d3b  IntMasterEnable                 
00002d4b  IntMasterDisable                
00002d5b  IntRegister                     
00002dad  IntUnregister                   
00002dc1  IntPriorityGroupingSet          
00002ddb  IntPriorityGroupingGet          
00002e13  IntPrioritySet                  
00002e63  IntPriorityGet                  
00002e87  IntEnable                       
00002ef9  IntDisable                      
00002f6b  IntIsEnabled                    
00002ff1  IntPendSet                      
00003061  IntPendClear                    
000030af  IntPriorityMaskSet              
000030bb  IntPriorityMaskGet              
000030c3  IntTrigger                      
00003539  __aeabi_dsub                    
00003543  __aeabi_dadd                    
000036f1  LEDonoff                        
00003715  UARTSendCharacter               
0000373d  main                            
00003989  __aeabi_ddiv                    
00003be1  ldexp                           
00003be1  ldexpl                          
00003be1  scalbn                          
00003be1  scalbnl                         
00003cf1  __aeabi_dmul                    
00003e9f  __aeabi_memcpy                  
00003e9f  __aeabi_memcpy4                 
00003e9f  __aeabi_memcpy8                 
00003e9f  memcpy                          
00003f3b  __aeabi_uldivmod                
00003fd1  __aeabi_cdcmpeq                 
00003fd1  __aeabi_cdcmple                 
00004057  __aeabi_cdrcmple                
000040dd  __aeabi_memclr                  
000040dd  __aeabi_memclr4                 
000040dd  __aeabi_memclr8                 
000040df  __aeabi_memset                  
000040df  __aeabi_memset4                 
000040df  __aeabi_memset8                 
000040e5  memset                          
000041c5  __TI_decompress_lzss            
0000422d  frexp                           
0000422d  frexpl                          
000042e7  ltoa                            
0000438d  atoi                            
000043d9  __aeabi_d2iz                    
00004421  __TI_auto_init_nobinit_nopinit  
00004465  sprintf                         
000044e3  CPUcpsid                        
000044ef  CPUprimask                      
000044f9  CPUcpsie                        
00004505  CPUwfi                          
00004509  CPUbasepriSet                   
00004517  CPUbasepriGet                   
00004521  _c_int00_noargs                 
00004559  __aeabi_i2d                     
00004587  memccpy                         
000045bb  strchr                          
000045d1  copysign                        
000045d1  copysignl                       
000045e5  strlen                          
000045f9  __TI_zero_init_nomemset         
0000460b  wcslen                          
0000461d  __TI_decompress_none            
0000462b  ResetISR                        
00004641  __aeabi_errno_addr              
00004649  bzero                           
00004651  SysCtlDelay                     
00004657  _system_pre_init                
0000465b  C$$EXIT                         
0000465b  abort                           
00004810  _ctypes_                        
00004d58  __TI_Handler_Table_Base         
00004d64  __TI_Handler_Table_Limit        
00004d80  __TI_CINIT_Base                 
00004d98  __TI_CINIT_Limit                
20000000  g_pfnRAMVectors                 
2000026c  g_ui32SysClock                  
20000270  __stack                         
20000470  __STACK_END                     
20000470  __STACK_TOP                     
20000470  errno                           
ffffffff  __TI_pprof_out_hndl             
ffffffff  __TI_prof_data_size             
ffffffff  __TI_prof_data_start            
ffffffff  __binit__                       
ffffffff  __c_args__                      
ffffffff  binit                           
UNDEFED   __mpu_init                      
UNDEFED   _system_post_cinit              

[246 symbols]
