<?xml version="1.0" encoding="ISO-8859-1" ?>
<link_info>
   <banner>TI ARM Linker PC v18.1.1.LTS</banner>
   <copyright>Copyright (c) 1996-2017 Texas Instruments Incorporated</copyright>
   <link_time>0x5ac953b9</link_time>
   <link_errors>0x0</link_errors>
   <output_file>Problem_2.out</output_file>
   <entry_point>
      <name>_c_int00_noargs</name>
      <address>0x4521</address>
   </entry_point>
   <input_file_list>
      <input_file id="fl-2">
         <path>.\</path>
         <kind>object</kind>
         <file>main.obj</file>
         <name>main.obj</name>
      </input_file>
      <input_file id="fl-3">
         <path>.\</path>
         <kind>object</kind>
         <file>tm4c1292ncpdt_startup_ccs.obj</file>
         <name>tm4c1292ncpdt_startup_ccs.obj</name>
      </input_file>
      <input_file id="fl-4">
         <path>.\driverlib\</path>
         <kind>object</kind>
         <file>adc.obj</file>
         <name>adc.obj</name>
      </input_file>
      <input_file id="fl-5">
         <path>.\driverlib\</path>
         <kind>object</kind>
         <file>aes.obj</file>
         <name>aes.obj</name>
      </input_file>
      <input_file id="fl-6">
         <path>.\driverlib\</path>
         <kind>object</kind>
         <file>can.obj</file>
         <name>can.obj</name>
      </input_file>
      <input_file id="fl-7">
         <path>.\driverlib\</path>
         <kind>object</kind>
         <file>comp.obj</file>
         <name>comp.obj</name>
      </input_file>
      <input_file id="fl-8">
         <path>.\driverlib\</path>
         <kind>object</kind>
         <file>cpu.obj</file>
         <name>cpu.obj</name>
      </input_file>
      <input_file id="fl-9">
         <path>.\driverlib\</path>
         <kind>object</kind>
         <file>crc.obj</file>
         <name>crc.obj</name>
      </input_file>
      <input_file id="fl-a">
         <path>.\driverlib\</path>
         <kind>object</kind>
         <file>des.obj</file>
         <name>des.obj</name>
      </input_file>
      <input_file id="fl-b">
         <path>.\driverlib\</path>
         <kind>object</kind>
         <file>eeprom.obj</file>
         <name>eeprom.obj</name>
      </input_file>
      <input_file id="fl-c">
         <path>.\driverlib\</path>
         <kind>object</kind>
         <file>emac.obj</file>
         <name>emac.obj</name>
      </input_file>
      <input_file id="fl-d">
         <path>.\driverlib\</path>
         <kind>object</kind>
         <file>epi.obj</file>
         <name>epi.obj</name>
      </input_file>
      <input_file id="fl-e">
         <path>.\driverlib\</path>
         <kind>object</kind>
         <file>epi_workaround_ccs.obj</file>
         <name>epi_workaround_ccs.obj</name>
      </input_file>
      <input_file id="fl-f">
         <path>.\driverlib\</path>
         <kind>object</kind>
         <file>flash.obj</file>
         <name>flash.obj</name>
      </input_file>
      <input_file id="fl-10">
         <path>.\driverlib\</path>
         <kind>object</kind>
         <file>fpu.obj</file>
         <name>fpu.obj</name>
      </input_file>
      <input_file id="fl-11">
         <path>.\driverlib\</path>
         <kind>object</kind>
         <file>gpio.obj</file>
         <name>gpio.obj</name>
      </input_file>
      <input_file id="fl-12">
         <path>.\driverlib\</path>
         <kind>object</kind>
         <file>hibernate.obj</file>
         <name>hibernate.obj</name>
      </input_file>
      <input_file id="fl-13">
         <path>.\driverlib\</path>
         <kind>object</kind>
         <file>i2c.obj</file>
         <name>i2c.obj</name>
      </input_file>
      <input_file id="fl-14">
         <path>.\driverlib\</path>
         <kind>object</kind>
         <file>interrupt.obj</file>
         <name>interrupt.obj</name>
      </input_file>
      <input_file id="fl-15">
         <path>.\driverlib\</path>
         <kind>object</kind>
         <file>lcd.obj</file>
         <name>lcd.obj</name>
      </input_file>
      <input_file id="fl-16">
         <path>.\driverlib\</path>
         <kind>object</kind>
         <file>mpu.obj</file>
         <name>mpu.obj</name>
      </input_file>
      <input_file id="fl-17">
         <path>.\driverlib\</path>
         <kind>object</kind>
         <file>onewire.obj</file>
         <name>onewire.obj</name>
      </input_file>
      <input_file id="fl-18">
         <path>.\driverlib\</path>
         <kind>object</kind>
         <file>pwm.obj</file>
         <name>pwm.obj</name>
      </input_file>
      <input_file id="fl-19">
         <path>.\driverlib\</path>
         <kind>object</kind>
         <file>qei.obj</file>
         <name>qei.obj</name>
      </input_file>
      <input_file id="fl-1a">
         <path>.\driverlib\</path>
         <kind>object</kind>
         <file>shamd5.obj</file>
         <name>shamd5.obj</name>
      </input_file>
      <input_file id="fl-1b">
         <path>.\driverlib\</path>
         <kind>object</kind>
         <file>ssi.obj</file>
         <name>ssi.obj</name>
      </input_file>
      <input_file id="fl-1c">
         <path>.\driverlib\</path>
         <kind>object</kind>
         <file>sw_crc.obj</file>
         <name>sw_crc.obj</name>
      </input_file>
      <input_file id="fl-1d">
         <path>.\driverlib\</path>
         <kind>object</kind>
         <file>sysctl.obj</file>
         <name>sysctl.obj</name>
      </input_file>
      <input_file id="fl-1e">
         <path>.\driverlib\</path>
         <kind>object</kind>
         <file>sysexc.obj</file>
         <name>sysexc.obj</name>
      </input_file>
      <input_file id="fl-1f">
         <path>.\driverlib\</path>
         <kind>object</kind>
         <file>systick.obj</file>
         <name>systick.obj</name>
      </input_file>
      <input_file id="fl-20">
         <path>.\driverlib\</path>
         <kind>object</kind>
         <file>timer.obj</file>
         <name>timer.obj</name>
      </input_file>
      <input_file id="fl-21">
         <path>.\driverlib\</path>
         <kind>object</kind>
         <file>uart.obj</file>
         <name>uart.obj</name>
      </input_file>
      <input_file id="fl-22">
         <path>.\driverlib\</path>
         <kind>object</kind>
         <file>udma.obj</file>
         <name>udma.obj</name>
      </input_file>
      <input_file id="fl-23">
         <path>.\driverlib\</path>
         <kind>object</kind>
         <file>usb.obj</file>
         <name>usb.obj</name>
      </input_file>
      <input_file id="fl-24">
         <path>.\driverlib\</path>
         <kind>object</kind>
         <file>watchdog.obj</file>
         <name>watchdog.obj</name>
      </input_file>
      <input_file id="fl-2c">
         <kind>object</kind>
         <file>&lt;internal&gt;</file>
         <name>&lt;internal&gt;</name>
      </input_file>
      <input_file id="fl-e2">
         <path>D:\Code Composer Studio\ccsv8\tools\compiler\ti-cgt-arm_18.1.1.LTS\lib\</path>
         <kind>archive</kind>
         <file>rtsv7M4_T_le_v4SPD16_eabi.lib</file>
         <name>copy_zero_init.c.obj</name>
      </input_file>
      <input_file id="fl-e3">
         <path>D:\Code Composer Studio\ccsv8\tools\compiler\ti-cgt-arm_18.1.1.LTS\lib\</path>
         <kind>archive</kind>
         <file>rtsv7M4_T_le_v4SPD16_eabi.lib</file>
         <name>copy_decompress_none.c.obj</name>
      </input_file>
      <input_file id="fl-e4">
         <path>D:\Code Composer Studio\ccsv8\tools\compiler\ti-cgt-arm_18.1.1.LTS\lib\</path>
         <kind>archive</kind>
         <file>rtsv7M4_T_le_v4SPD16_eabi.lib</file>
         <name>copy_decompress_lzss.c.obj</name>
      </input_file>
      <input_file id="fl-e5">
         <path>D:\Code Composer Studio\ccsv8\tools\compiler\ti-cgt-arm_18.1.1.LTS\lib\</path>
         <kind>archive</kind>
         <file>rtsv7M4_T_le_v4SPD16_eabi.lib</file>
         <name>boot_cortex_m.c.obj</name>
      </input_file>
      <input_file id="fl-e6">
         <path>D:\Code Composer Studio\ccsv8\tools\compiler\ti-cgt-arm_18.1.1.LTS\lib\</path>
         <kind>archive</kind>
         <file>rtsv7M4_T_le_v4SPD16_eabi.lib</file>
         <name>exit.c.obj</name>
      </input_file>
      <input_file id="fl-e7">
         <path>D:\Code Composer Studio\ccsv8\tools\compiler\ti-cgt-arm_18.1.1.LTS\lib\</path>
         <kind>archive</kind>
         <file>rtsv7M4_T_le_v4SPD16_eabi.lib</file>
         <name>_lock.c.obj</name>
      </input_file>
      <input_file id="fl-e8">
         <path>D:\Code Composer Studio\ccsv8\tools\compiler\ti-cgt-arm_18.1.1.LTS\lib\</path>
         <kind>archive</kind>
         <file>rtsv7M4_T_le_v4SPD16_eabi.lib</file>
         <name>args_main.c.obj</name>
      </input_file>
      <input_file id="fl-e9">
         <path>D:\Code Composer Studio\ccsv8\tools\compiler\ti-cgt-arm_18.1.1.LTS\lib\</path>
         <kind>archive</kind>
         <file>rtsv7M4_T_le_v4SPD16_eabi.lib</file>
         <name>bzero.c.obj</name>
      </input_file>
      <input_file id="fl-ea">
         <path>D:\Code Composer Studio\ccsv8\tools\compiler\ti-cgt-arm_18.1.1.LTS\lib\</path>
         <kind>archive</kind>
         <file>rtsv7M4_T_le_v4SPD16_eabi.lib</file>
         <name>sprintf.c.obj</name>
      </input_file>
      <input_file id="fl-eb">
         <path>D:\Code Composer Studio\ccsv8\tools\compiler\ti-cgt-arm_18.1.1.LTS\lib\</path>
         <kind>archive</kind>
         <file>rtsv7M4_T_le_v4SPD16_eabi.lib</file>
         <name>strlen.c.obj</name>
      </input_file>
      <input_file id="fl-ec">
         <path>D:\Code Composer Studio\ccsv8\tools\compiler\ti-cgt-arm_18.1.1.LTS\lib\</path>
         <kind>archive</kind>
         <file>rtsv7M4_T_le_v4SPD16_eabi.lib</file>
         <name>memcpy_t2.asm.obj</name>
      </input_file>
      <input_file id="fl-ed">
         <path>D:\Code Composer Studio\ccsv8\tools\compiler\ti-cgt-arm_18.1.1.LTS\lib\</path>
         <kind>archive</kind>
         <file>rtsv7M4_T_le_v4SPD16_eabi.lib</file>
         <name>memset_t2.asm.obj</name>
      </input_file>
      <input_file id="fl-ee">
         <path>D:\Code Composer Studio\ccsv8\tools\compiler\ti-cgt-arm_18.1.1.LTS\lib\</path>
         <kind>archive</kind>
         <file>rtsv7M4_T_le_v4SPD16_eabi.lib</file>
         <name>autoinit.c.obj</name>
      </input_file>
      <input_file id="fl-ef">
         <path>D:\Code Composer Studio\ccsv8\tools\compiler\ti-cgt-arm_18.1.1.LTS\lib\</path>
         <kind>archive</kind>
         <file>rtsv7M4_T_le_v4SPD16_eabi.lib</file>
         <name>pre_init.c.obj</name>
      </input_file>
      <input_file id="fl-f0">
         <path>D:\Code Composer Studio\ccsv8\tools\compiler\ti-cgt-arm_18.1.1.LTS\lib\</path>
         <kind>archive</kind>
         <file>rtsv7M4_T_le_v4SPD16_eabi.lib</file>
         <name>cpy_tbl.c.obj</name>
      </input_file>
      <input_file id="fl-f1">
         <path>D:\Code Composer Studio\ccsv8\tools\compiler\ti-cgt-arm_18.1.1.LTS\lib\</path>
         <kind>archive</kind>
         <file>rtsv7M4_T_le_v4SPD16_eabi.lib</file>
         <name>_printfi.c.obj</name>
      </input_file>
      <input_file id="fl-f2">
         <path>D:\Code Composer Studio\ccsv8\tools\compiler\ti-cgt-arm_18.1.1.LTS\lib\</path>
         <kind>archive</kind>
         <file>rtsv7M4_T_le_v4SPD16_eabi.lib</file>
         <name>atoi.c.obj</name>
      </input_file>
      <input_file id="fl-f3">
         <path>D:\Code Composer Studio\ccsv8\tools\compiler\ti-cgt-arm_18.1.1.LTS\lib\</path>
         <kind>archive</kind>
         <file>rtsv7M4_T_le_v4SPD16_eabi.lib</file>
         <name>ctype.c.obj</name>
      </input_file>
      <input_file id="fl-f4">
         <path>D:\Code Composer Studio\ccsv8\tools\compiler\ti-cgt-arm_18.1.1.LTS\lib\</path>
         <kind>archive</kind>
         <file>rtsv7M4_T_le_v4SPD16_eabi.lib</file>
         <name>ltoa.c.obj</name>
      </input_file>
      <input_file id="fl-f5">
         <path>D:\Code Composer Studio\ccsv8\tools\compiler\ti-cgt-arm_18.1.1.LTS\lib\</path>
         <kind>archive</kind>
         <file>rtsv7M4_T_le_v4SPD16_eabi.lib</file>
         <name>memccpy.c.obj</name>
      </input_file>
      <input_file id="fl-f6">
         <path>D:\Code Composer Studio\ccsv8\tools\compiler\ti-cgt-arm_18.1.1.LTS\lib\</path>
         <kind>archive</kind>
         <file>rtsv7M4_T_le_v4SPD16_eabi.lib</file>
         <name>strchr.c.obj</name>
      </input_file>
      <input_file id="fl-f7">
         <path>D:\Code Composer Studio\ccsv8\tools\compiler\ti-cgt-arm_18.1.1.LTS\lib\</path>
         <kind>archive</kind>
         <file>rtsv7M4_T_le_v4SPD16_eabi.lib</file>
         <name>s_frexp.c.obj</name>
      </input_file>
      <input_file id="fl-f8">
         <path>D:\Code Composer Studio\ccsv8\tools\compiler\ti-cgt-arm_18.1.1.LTS\lib\</path>
         <kind>archive</kind>
         <file>rtsv7M4_T_le_v4SPD16_eabi.lib</file>
         <name>s_scalbn.c.obj</name>
      </input_file>
      <input_file id="fl-f9">
         <path>D:\Code Composer Studio\ccsv8\tools\compiler\ti-cgt-arm_18.1.1.LTS\lib\</path>
         <kind>archive</kind>
         <file>rtsv7M4_T_le_v4SPD16_eabi.lib</file>
         <name>s_copysign.c.obj</name>
      </input_file>
      <input_file id="fl-fa">
         <path>D:\Code Composer Studio\ccsv8\tools\compiler\ti-cgt-arm_18.1.1.LTS\lib\</path>
         <kind>archive</kind>
         <file>rtsv7M4_T_le_v4SPD16_eabi.lib</file>
         <name>wcslen.c.obj</name>
      </input_file>
      <input_file id="fl-fb">
         <path>D:\Code Composer Studio\ccsv8\tools\compiler\ti-cgt-arm_18.1.1.LTS\lib\</path>
         <kind>archive</kind>
         <file>rtsv7M4_T_le_v4SPD16_eabi.lib</file>
         <name>fd_add_t2.asm.obj</name>
      </input_file>
      <input_file id="fl-fc">
         <path>D:\Code Composer Studio\ccsv8\tools\compiler\ti-cgt-arm_18.1.1.LTS\lib\</path>
         <kind>archive</kind>
         <file>rtsv7M4_T_le_v4SPD16_eabi.lib</file>
         <name>fd_cmp_t2.asm.obj</name>
      </input_file>
      <input_file id="fl-fd">
         <path>D:\Code Composer Studio\ccsv8\tools\compiler\ti-cgt-arm_18.1.1.LTS\lib\</path>
         <kind>archive</kind>
         <file>rtsv7M4_T_le_v4SPD16_eabi.lib</file>
         <name>fd_div_t2.asm.obj</name>
      </input_file>
      <input_file id="fl-fe">
         <path>D:\Code Composer Studio\ccsv8\tools\compiler\ti-cgt-arm_18.1.1.LTS\lib\</path>
         <kind>archive</kind>
         <file>rtsv7M4_T_le_v4SPD16_eabi.lib</file>
         <name>fd_mul_t2.asm.obj</name>
      </input_file>
      <input_file id="fl-ff">
         <path>D:\Code Composer Studio\ccsv8\tools\compiler\ti-cgt-arm_18.1.1.LTS\lib\</path>
         <kind>archive</kind>
         <file>rtsv7M4_T_le_v4SPD16_eabi.lib</file>
         <name>fd_toi_t2.asm.obj</name>
      </input_file>
      <input_file id="fl-100">
         <path>D:\Code Composer Studio\ccsv8\tools\compiler\ti-cgt-arm_18.1.1.LTS\lib\</path>
         <kind>archive</kind>
         <file>rtsv7M4_T_le_v4SPD16_eabi.lib</file>
         <name>i_tofd_t2.asm.obj</name>
      </input_file>
      <input_file id="fl-101">
         <path>D:\Code Composer Studio\ccsv8\tools\compiler\ti-cgt-arm_18.1.1.LTS\lib\</path>
         <kind>archive</kind>
         <file>rtsv7M4_T_le_v4SPD16_eabi.lib</file>
         <name>ull_div_t2.asm.obj</name>
      </input_file>
      <input_file id="fl-102">
         <path>D:\Code Composer Studio\ccsv8\tools\compiler\ti-cgt-arm_18.1.1.LTS\lib\</path>
         <kind>archive</kind>
         <file>rtsv7M4_T_le_v4SPD16_eabi.lib</file>
         <name>errno.c.obj</name>
      </input_file>
      <input_file id="fl-103">
         <path>D:\Code Composer Studio\ccsv8\tools\compiler\ti-cgt-arm_18.1.1.LTS\lib\</path>
         <kind>archive</kind>
         <file>rtsv7M4_T_le_v4SPD16_eabi.lib</file>
         <name>div0.asm.obj</name>
      </input_file>
   </input_file_list>
   <object_component_list>
      <object_component id="oc-f">
         <name>.intvecs</name>
         <load_address>0x0</load_address>
         <run_address>0x0</run_address>
         <size>0x208</size>
         <input_file_ref idref="fl-3"/>
      </object_component>
      <object_component id="oc-d3">
         <name>.text</name>
         <load_address>0x208</load_address>
         <run_address>0x208</run_address>
         <size>0xf60</size>
         <input_file_ref idref="fl-1d"/>
      </object_component>
      <object_component id="oc-c6">
         <name>.text</name>
         <load_address>0x1168</load_address>
         <run_address>0x1168</run_address>
         <size>0xb40</size>
         <input_file_ref idref="fl-11"/>
      </object_component>
      <object_component id="oc-17d">
         <name>.text:__TI_printfi</name>
         <load_address>0x1ca8</load_address>
         <run_address>0x1ca8</run_address>
         <size>0xa5e</size>
         <input_file_ref idref="fl-f1"/>
      </object_component>
      <object_component id="oc-2e6">
         <name>.text</name>
         <load_address>0x2706</load_address>
         <run_address>0x2706</run_address>
         <size>0x2</size>
         <input_file_ref idref="fl-103"/>
      </object_component>
      <object_component id="oc-cd">
         <name>.text</name>
         <load_address>0x2708</load_address>
         <run_address>0x2708</run_address>
         <size>0x62e</size>
         <input_file_ref idref="fl-21"/>
      </object_component>
      <object_component id="oc-d9">
         <name>.text</name>
         <load_address>0x2d38</load_address>
         <run_address>0x2d38</run_address>
         <size>0x3c0</size>
         <input_file_ref idref="fl-14"/>
      </object_component>
      <object_component id="oc-20a">
         <name>.text:_pconv_a</name>
         <load_address>0x30f8</load_address>
         <run_address>0x30f8</run_address>
         <size>0x270</size>
         <input_file_ref idref="fl-f1"/>
      </object_component>
      <object_component id="oc-1f8">
         <name>.text:_pconv_g</name>
         <load_address>0x3368</load_address>
         <run_address>0x3368</run_address>
         <size>0x1d0</size>
         <input_file_ref idref="fl-f1"/>
      </object_component>
      <object_component id="oc-280">
         <name>.text</name>
         <load_address>0x3538</load_address>
         <run_address>0x3538</run_address>
         <size>0x1b6</size>
         <input_file_ref idref="fl-fb"/>
      </object_component>
      <object_component id="oc-98">
         <name>.text</name>
         <load_address>0x36f0</load_address>
         <run_address>0x36f0</run_address>
         <size>0x15c</size>
         <input_file_ref idref="fl-2"/>
      </object_component>
      <object_component id="oc-204">
         <name>.text:_pconv_e</name>
         <load_address>0x384c</load_address>
         <run_address>0x384c</run_address>
         <size>0x13c</size>
         <input_file_ref idref="fl-f1"/>
      </object_component>
      <object_component id="oc-266">
         <name>.text</name>
         <load_address>0x3988</load_address>
         <run_address>0x3988</run_address>
         <size>0x136</size>
         <input_file_ref idref="fl-fd"/>
      </object_component>
      <object_component id="oc-292">
         <name>.text:fcvt</name>
         <load_address>0x3ac0</load_address>
         <run_address>0x3ac0</run_address>
         <size>0x120</size>
         <input_file_ref idref="fl-f1"/>
      </object_component>
      <object_component id="oc-2a6">
         <name>.text:scalbn</name>
         <load_address>0x3be0</load_address>
         <run_address>0x3be0</run_address>
         <size>0x110</size>
         <input_file_ref idref="fl-f8"/>
      </object_component>
      <object_component id="oc-261">
         <name>.text</name>
         <load_address>0x3cf0</load_address>
         <run_address>0x3cf0</run_address>
         <size>0xfc</size>
         <input_file_ref idref="fl-fe"/>
      </object_component>
      <object_component id="oc-1ed">
         <name>.text:_ltostr</name>
         <load_address>0x3dec</load_address>
         <run_address>0x3dec</run_address>
         <size>0xb1</size>
         <input_file_ref idref="fl-f1"/>
      </object_component>
      <object_component id="oc-38">
         <name>.text</name>
         <load_address>0x3e9e</load_address>
         <run_address>0x3e9e</run_address>
         <size>0x9c</size>
         <input_file_ref idref="fl-ec"/>
      </object_component>
      <object_component id="oc-25a">
         <name>.text</name>
         <load_address>0x3f3a</load_address>
         <run_address>0x3f3a</run_address>
         <size>0x96</size>
         <input_file_ref idref="fl-101"/>
      </object_component>
      <object_component id="oc-1f3">
         <name>.text:__aeabi_cdcmple</name>
         <load_address>0x3fd0</load_address>
         <run_address>0x3fd0</run_address>
         <size>0x86</size>
         <input_file_ref idref="fl-fc"/>
      </object_component>
      <object_component id="oc-26b">
         <name>.text:__aeabi_cdrcmple</name>
         <load_address>0x4056</load_address>
         <run_address>0x4056</run_address>
         <size>0x86</size>
         <input_file_ref idref="fl-fc"/>
      </object_component>
      <object_component id="oc-8c">
         <name>.text</name>
         <load_address>0x40dc</load_address>
         <run_address>0x40dc</run_address>
         <size>0x7a</size>
         <input_file_ref idref="fl-ed"/>
      </object_component>
      <object_component id="oc-28b">
         <name>.text:_mcpy</name>
         <load_address>0x4156</load_address>
         <run_address>0x4156</run_address>
         <size>0x6e</size>
         <input_file_ref idref="fl-f1"/>
      </object_component>
      <object_component id="oc-12">
         <name>.text:decompress:lzss:__TI_decompress_lzss</name>
         <load_address>0x41c4</load_address>
         <run_address>0x41c4</run_address>
         <size>0x68</size>
         <input_file_ref idref="fl-e4"/>
      </object_component>
      <object_component id="oc-2a0">
         <name>.text:frexp</name>
         <load_address>0x422c</load_address>
         <run_address>0x422c</run_address>
         <size>0x64</size>
         <input_file_ref idref="fl-f7"/>
      </object_component>
      <object_component id="oc-1fe">
         <name>.text:_pconv_f</name>
         <load_address>0x4290</load_address>
         <run_address>0x4290</run_address>
         <size>0x56</size>
         <input_file_ref idref="fl-f1"/>
      </object_component>
      <object_component id="oc-275">
         <name>.text:ltoa</name>
         <load_address>0x42e6</load_address>
         <run_address>0x42e6</run_address>
         <size>0x54</size>
         <input_file_ref idref="fl-f4"/>
      </object_component>
      <object_component id="oc-285">
         <name>.text:_ecpy</name>
         <load_address>0x433a</load_address>
         <run_address>0x433a</run_address>
         <size>0x52</size>
         <input_file_ref idref="fl-f1"/>
      </object_component>
      <object_component id="oc-1e7">
         <name>.text:atoi</name>
         <load_address>0x438c</load_address>
         <run_address>0x438c</run_address>
         <size>0x4c</size>
         <input_file_ref idref="fl-f2"/>
      </object_component>
      <object_component id="oc-270">
         <name>.text</name>
         <load_address>0x43d8</load_address>
         <run_address>0x43d8</run_address>
         <size>0x48</size>
         <input_file_ref idref="fl-ff"/>
      </object_component>
      <object_component id="oc-ff">
         <name>.text:__TI_auto_init_nobinit_nopinit:__TI_auto_init_nobinit_nopinit</name>
         <load_address>0x4420</load_address>
         <run_address>0x4420</run_address>
         <size>0x44</size>
         <input_file_ref idref="fl-ee"/>
      </object_component>
      <object_component id="oc-e5">
         <name>.text:sprintf</name>
         <load_address>0x4464</load_address>
         <run_address>0x4464</run_address>
         <size>0x40</size>
         <input_file_ref idref="fl-ea"/>
      </object_component>
      <object_component id="oc-298">
         <name>.text:_fcpy</name>
         <load_address>0x44a4</load_address>
         <run_address>0x44a4</run_address>
         <size>0x3e</size>
         <input_file_ref idref="fl-f1"/>
      </object_component>
      <object_component id="oc-153">
         <name>.text</name>
         <load_address>0x44e2</load_address>
         <run_address>0x44e2</run_address>
         <size>0x3e</size>
         <input_file_ref idref="fl-8"/>
      </object_component>
      <object_component id="oc-56">
         <name>.text:_c_int00_noargs:_c_int00_noargs</name>
         <load_address>0x4520</load_address>
         <run_address>0x4520</run_address>
         <size>0x38</size>
         <input_file_ref idref="fl-e5"/>
      </object_component>
      <object_component id="oc-27b">
         <name>.text</name>
         <load_address>0x4558</load_address>
         <run_address>0x4558</run_address>
         <size>0x2e</size>
         <input_file_ref idref="fl-100"/>
      </object_component>
      <object_component id="oc-210">
         <name>.text:memccpy</name>
         <load_address>0x4586</load_address>
         <run_address>0x4586</run_address>
         <size>0x1c</size>
         <input_file_ref idref="fl-f5"/>
      </object_component>
      <object_component id="oc-183">
         <name>.text:_outs</name>
         <load_address>0x45a2</load_address>
         <run_address>0x45a2</run_address>
         <size>0x18</size>
         <input_file_ref idref="fl-ea"/>
      </object_component>
      <object_component id="oc-2ac">
         <name>.text:strchr</name>
         <load_address>0x45ba</load_address>
         <run_address>0x45ba</run_address>
         <size>0x16</size>
         <input_file_ref idref="fl-f6"/>
      </object_component>
      <object_component id="oc-2ff">
         <name>.text:copysign</name>
         <load_address>0x45d0</load_address>
         <run_address>0x45d0</run_address>
         <size>0x14</size>
         <input_file_ref idref="fl-f9"/>
      </object_component>
      <object_component id="oc-eb">
         <name>.text:strlen</name>
         <load_address>0x45e4</load_address>
         <run_address>0x45e4</run_address>
         <size>0x14</size>
         <input_file_ref idref="fl-eb"/>
      </object_component>
      <object_component id="oc-44">
         <name>.text:decompress:ZI:__TI_zero_init_nomemset:__TI_zero_init_nomemset</name>
         <load_address>0x45f8</load_address>
         <run_address>0x45f8</run_address>
         <size>0x12</size>
         <input_file_ref idref="fl-e2"/>
      </object_component>
      <object_component id="oc-216">
         <name>.text:wcslen</name>
         <load_address>0x460a</load_address>
         <run_address>0x460a</run_address>
         <size>0x12</size>
         <input_file_ref idref="fl-fa"/>
      </object_component>
      <object_component id="oc-18">
         <name>.text:decompress:none:__TI_decompress_none</name>
         <load_address>0x461c</load_address>
         <run_address>0x461c</run_address>
         <size>0xe</size>
         <input_file_ref idref="fl-e3"/>
      </object_component>
      <object_component id="oc-24">
         <name>.text</name>
         <load_address>0x462a</load_address>
         <run_address>0x462a</run_address>
         <size>0xc</size>
         <input_file_ref idref="fl-3"/>
      </object_component>
      <object_component id="oc-189">
         <name>.text:_outc</name>
         <load_address>0x4636</load_address>
         <run_address>0x4636</run_address>
         <size>0xa</size>
         <input_file_ref idref="fl-ea"/>
      </object_component>
      <object_component id="oc-21c">
         <name>.text:__aeabi_errno_addr</name>
         <load_address>0x4640</load_address>
         <run_address>0x4640</run_address>
         <size>0x8</size>
         <input_file_ref idref="fl-102"/>
      </object_component>
      <object_component id="oc-df">
         <name>.text:bzero</name>
         <load_address>0x4648</load_address>
         <run_address>0x4648</run_address>
         <size>0x8</size>
         <input_file_ref idref="fl-e9"/>
      </object_component>
      <object_component id="oc-cc">
         <name>.text:SysCtlDelay</name>
         <load_address>0x4650</load_address>
         <run_address>0x4650</run_address>
         <size>0x6</size>
         <input_file_ref idref="fl-1d"/>
      </object_component>
      <object_component id="oc-92">
         <name>.text:_system_pre_init</name>
         <load_address>0x4656</load_address>
         <run_address>0x4656</run_address>
         <size>0x4</size>
         <input_file_ref idref="fl-ef"/>
      </object_component>
      <object_component id="oc-f3">
         <name>.text:abort:abort</name>
         <load_address>0x465a</load_address>
         <run_address>0x465a</run_address>
         <size>0x4</size>
         <input_file_ref idref="fl-e6"/>
      </object_component>
      <object_component id="oc-15f">
         <name>.const:g_pppui32XTALtoVCO</name>
         <load_address>0x4660</load_address>
         <run_address>0x4660</run_address>
         <size>0x1b0</size>
         <input_file_ref idref="fl-1d"/>
      </object_component>
      <object_component id="oc-255">
         <name>.const:.string:_ctypes_</name>
         <load_address>0x4810</load_address>
         <run_address>0x4810</run_address>
         <size>0x101</size>
         <input_file_ref idref="fl-f3"/>
      </object_component>
      <object_component id="oc-138">
         <name>.const:g_ppui32GPIOIntMapBlizzard</name>
         <load_address>0x4914</load_address>
         <run_address>0x4914</run_address>
         <size>0xc0</size>
         <input_file_ref idref="fl-11"/>
      </object_component>
      <object_component id="oc-13b">
         <name>.const:g_ppui32GPIOIntMapSnowflake</name>
         <load_address>0x49d4</load_address>
         <run_address>0x49d4</run_address>
         <size>0xc0</size>
         <input_file_ref idref="fl-11"/>
      </object_component>
      <object_component id="oc-16a">
         <name>.const:g_pui32Regs</name>
         <load_address>0x4a94</load_address>
         <run_address>0x4a94</run_address>
         <size>0x9c</size>
         <input_file_ref idref="fl-14"/>
      </object_component>
      <object_component id="oc-13e">
         <name>.const:g_pui32GPIOBaseAddrs</name>
         <load_address>0x4b30</load_address>
         <run_address>0x4b30</run_address>
         <size>0x90</size>
         <input_file_ref idref="fl-11"/>
      </object_component>
      <object_component id="oc-159">
         <name>.const:g_pui32Xtals</name>
         <load_address>0x4bc0</load_address>
         <run_address>0x4bc0</run_address>
         <size>0x6c</size>
         <input_file_ref idref="fl-1d"/>
      </object_component>
      <object_component id="oc-148">
         <name>.const:g_ppui32UARTIntMap</name>
         <load_address>0x4c2c</load_address>
         <run_address>0x4c2c</run_address>
         <size>0x40</size>
         <input_file_ref idref="fl-21"/>
      </object_component>
      <object_component id="oc-14b">
         <name>.const:g_ppui32UARTIntMapSnowflake</name>
         <load_address>0x4c6c</load_address>
         <run_address>0x4c6c</run_address>
         <size>0x40</size>
         <input_file_ref idref="fl-21"/>
      </object_component>
      <object_component id="oc-150">
         <name>.const:g_sXTALtoMEMTIM</name>
         <load_address>0x4cac</load_address>
         <run_address>0x4cac</run_address>
         <size>0x30</size>
         <input_file_ref idref="fl-1d"/>
      </object_component>
      <object_component id="oc-167">
         <name>.const:g_pui32Priority</name>
         <load_address>0x4cdc</load_address>
         <run_address>0x4cdc</run_address>
         <size>0x20</size>
         <input_file_ref idref="fl-14"/>
      </object_component>
      <object_component id="oc-170">
         <name>.const:g_pui32Dii16Regs</name>
         <load_address>0x4cfc</load_address>
         <run_address>0x4cfc</run_address>
         <size>0x14</size>
         <input_file_ref idref="fl-14"/>
      </object_component>
      <object_component id="oc-16d">
         <name>.const:g_pui32EnRegs</name>
         <load_address>0x4d10</load_address>
         <run_address>0x4d10</run_address>
         <size>0x14</size>
         <input_file_ref idref="fl-14"/>
      </object_component>
      <object_component id="oc-173">
         <name>.const:g_pui32PendRegs</name>
         <load_address>0x4d24</load_address>
         <run_address>0x4d24</run_address>
         <size>0x14</size>
         <input_file_ref idref="fl-14"/>
      </object_component>
      <object_component id="oc-176">
         <name>.const:g_pui32UnpendRegs</name>
         <load_address>0x4d38</load_address>
         <run_address>0x4d38</run_address>
         <size>0x14</size>
         <input_file_ref idref="fl-14"/>
      </object_component>
      <object_component id="oc-15c">
         <name>.const:g_pui32VCOFrequencies</name>
         <load_address>0x4d4c</load_address>
         <run_address>0x4d4c</run_address>
         <size>0x8</size>
         <input_file_ref idref="fl-1d"/>
      </object_component>
      <object_component id="oc-353">
         <name>__TI_handler_table</name>
         <load_address>0x4d58</load_address>
         <run_address>0x4d58</run_address>
         <size>0xc</size>
      </object_component>
      <object_component id="oc-357">
         <name>.cinit..bss.load</name>
         <load_address>0x4d68</load_address>
         <run_address>0x4d68</run_address>
         <size>0x8</size>
      </object_component>
      <object_component id="oc-355">
         <name>.cinit..vtable.load</name>
         <load_address>0x4d70</load_address>
         <run_address>0x4d70</run_address>
         <size>0x8</size>
      </object_component>
      <object_component id="oc-356">
         <name>.cinit..data.load</name>
         <load_address>0x4d78</load_address>
         <run_address>0x4d78</run_address>
         <size>0x7</size>
      </object_component>
      <object_component id="oc-354">
         <name>__TI_cinit_table</name>
         <load_address>0x4d80</load_address>
         <run_address>0x4d80</run_address>
         <size>0x18</size>
      </object_component>
      <object_component id="oc-164">
         <name>.vtable</name>
         <uninitialized>true</uninitialized>
         <run_address>0x20000000</run_address>
         <size>0x26c</size>
         <input_file_ref idref="fl-14"/>
      </object_component>
      <object_component id="oc-2bc">
         <name>.data</name>
         <load_address>0x20000470</load_address>
         <run_address>0x20000470</run_address>
         <size>0x4</size>
         <input_file_ref idref="fl-102"/>
      </object_component>
      <object_component id="oc-f1">
         <name>.common:g_ui32SysClock</name>
         <uninitialized>true</uninitialized>
         <run_address>0x2000026c</run_address>
         <size>0x4</size>
      </object_component>
      <object_component id="oc-21">
         <name>.stack</name>
         <uninitialized>true</uninitialized>
         <run_address>0x20000270</run_address>
         <size>0x4</size>
         <input_file_ref idref="fl-e5"/>
      </object_component>
      <object_component id="oc-358">
         <name>.stack</name>
         <uninitialized>true</uninitialized>
         <run_address>0x20000270</run_address>
         <size>0x0</size>
      </object_component>
      <object_component id="oc-b4">
         <name>.debug_info</name>
         <load_address>0x0</load_address>
         <run_address>0x0</run_address>
         <size>0x5f3</size>
         <input_file_ref idref="fl-2"/>
      </object_component>
      <object_component id="oc-99">
         <name>.debug_info</name>
         <load_address>0x5f3</load_address>
         <run_address>0x5f3</run_address>
         <size>0x443</size>
         <input_file_ref idref="fl-2"/>
      </object_component>
      <object_component id="oc-6d">
         <name>.debug_info</name>
         <load_address>0xa36</load_address>
         <run_address>0xa36</run_address>
         <size>0x26b</size>
         <input_file_ref idref="fl-2"/>
      </object_component>
      <object_component id="oc-133">
         <name>.debug_info</name>
         <load_address>0xca1</load_address>
         <run_address>0xca1</run_address>
         <size>0x110</size>
         <input_file_ref idref="fl-2"/>
      </object_component>
      <object_component id="oc-af">
         <name>.debug_info</name>
         <load_address>0xdb1</load_address>
         <run_address>0xdb1</run_address>
         <size>0x8b</size>
         <input_file_ref idref="fl-2"/>
      </object_component>
      <object_component id="oc-aa">
         <name>.debug_info</name>
         <load_address>0xe3c</load_address>
         <run_address>0xe3c</run_address>
         <size>0x297</size>
         <input_file_ref idref="fl-2"/>
      </object_component>
      <object_component id="oc-142">
         <name>.debug_info</name>
         <load_address>0x10d3</load_address>
         <run_address>0x10d3</run_address>
         <size>0xef</size>
         <input_file_ref idref="fl-2"/>
      </object_component>
      <object_component id="oc-72">
         <name>.debug_info</name>
         <load_address>0x11c2</load_address>
         <run_address>0x11c2</run_address>
         <size>0xbb</size>
         <input_file_ref idref="fl-2"/>
      </object_component>
      <object_component id="oc-191">
         <name>.debug_info</name>
         <load_address>0x127d</load_address>
         <run_address>0x127d</run_address>
         <size>0x2c</size>
         <input_file_ref idref="fl-2"/>
      </object_component>
      <object_component id="oc-2c">
         <name>.debug_info</name>
         <load_address>0x12a9</load_address>
         <run_address>0x12a9</run_address>
         <size>0x28c</size>
         <input_file_ref idref="fl-3"/>
      </object_component>
      <object_component id="oc-10">
         <name>.debug_info</name>
         <load_address>0x1535</load_address>
         <run_address>0x1535</run_address>
         <size>0xcb</size>
         <input_file_ref idref="fl-3"/>
      </object_component>
      <object_component id="oc-25">
         <name>.debug_info</name>
         <load_address>0x1600</load_address>
         <run_address>0x1600</run_address>
         <size>0x24a</size>
         <input_file_ref idref="fl-3"/>
      </object_component>
      <object_component id="oc-33">
         <name>.debug_info</name>
         <load_address>0x184a</load_address>
         <run_address>0x184a</run_address>
         <size>0x84</size>
         <input_file_ref idref="fl-3"/>
      </object_component>
      <object_component id="oc-154">
         <name>.debug_info</name>
         <load_address>0x18ce</load_address>
         <run_address>0x18ce</run_address>
         <size>0x317</size>
         <input_file_ref idref="fl-8"/>
      </object_component>
      <object_component id="oc-147">
         <name>.debug_info</name>
         <load_address>0x1be5</load_address>
         <run_address>0x1be5</run_address>
         <size>0x32b</size>
         <input_file_ref idref="fl-11"/>
      </object_component>
      <object_component id="oc-139">
         <name>.debug_info</name>
         <load_address>0x1f10</load_address>
         <run_address>0x1f10</run_address>
         <size>0xdb</size>
         <input_file_ref idref="fl-11"/>
      </object_component>
      <object_component id="oc-13c">
         <name>.debug_info</name>
         <load_address>0x1feb</load_address>
         <run_address>0x1feb</run_address>
         <size>0xdd</size>
         <input_file_ref idref="fl-11"/>
      </object_component>
      <object_component id="oc-13f">
         <name>.debug_info</name>
         <load_address>0x20c8</load_address>
         <run_address>0x20c8</run_address>
         <size>0xcf</size>
         <input_file_ref idref="fl-11"/>
      </object_component>
      <object_component id="oc-c8">
         <name>.debug_info</name>
         <load_address>0x2197</load_address>
         <run_address>0x2197</run_address>
         <size>0x2e6b</size>
         <input_file_ref idref="fl-11"/>
      </object_component>
      <object_component id="oc-17a">
         <name>.debug_info</name>
         <load_address>0x5002</load_address>
         <run_address>0x5002</run_address>
         <size>0x318</size>
         <input_file_ref idref="fl-14"/>
      </object_component>
      <object_component id="oc-168">
         <name>.debug_info</name>
         <load_address>0x531a</load_address>
         <run_address>0x531a</run_address>
         <size>0xca</size>
         <input_file_ref idref="fl-14"/>
      </object_component>
      <object_component id="oc-16b">
         <name>.debug_info</name>
         <load_address>0x53e4</load_address>
         <run_address>0x53e4</run_address>
         <size>0xc2</size>
         <input_file_ref idref="fl-14"/>
      </object_component>
      <object_component id="oc-16e">
         <name>.debug_info</name>
         <load_address>0x54a6</load_address>
         <run_address>0x54a6</run_address>
         <size>0xc6</size>
         <input_file_ref idref="fl-14"/>
      </object_component>
      <object_component id="oc-171">
         <name>.debug_info</name>
         <load_address>0x556c</load_address>
         <run_address>0x556c</run_address>
         <size>0xcc</size>
         <input_file_ref idref="fl-14"/>
      </object_component>
      <object_component id="oc-174">
         <name>.debug_info</name>
         <load_address>0x5638</load_address>
         <run_address>0x5638</run_address>
         <size>0xca</size>
         <input_file_ref idref="fl-14"/>
      </object_component>
      <object_component id="oc-177">
         <name>.debug_info</name>
         <load_address>0x5702</load_address>
         <run_address>0x5702</run_address>
         <size>0xce</size>
         <input_file_ref idref="fl-14"/>
      </object_component>
      <object_component id="oc-165">
         <name>.debug_info</name>
         <load_address>0x57d0</load_address>
         <run_address>0x57d0</run_address>
         <size>0xcb</size>
         <input_file_ref idref="fl-14"/>
      </object_component>
      <object_component id="oc-da">
         <name>.debug_info</name>
         <load_address>0x589b</load_address>
         <run_address>0x589b</run_address>
         <size>0xccb</size>
         <input_file_ref idref="fl-14"/>
      </object_component>
      <object_component id="oc-163">
         <name>.debug_info</name>
         <load_address>0x6566</load_address>
         <run_address>0x6566</run_address>
         <size>0x39d</size>
         <input_file_ref idref="fl-1d"/>
      </object_component>
      <object_component id="oc-15a">
         <name>.debug_info</name>
         <load_address>0x6903</load_address>
         <run_address>0x6903</run_address>
         <size>0xc1</size>
         <input_file_ref idref="fl-1d"/>
      </object_component>
      <object_component id="oc-160">
         <name>.debug_info</name>
         <load_address>0x69c4</load_address>
         <run_address>0x69c4</run_address>
         <size>0xcd</size>
         <input_file_ref idref="fl-1d"/>
      </object_component>
      <object_component id="oc-151">
         <name>.debug_info</name>
         <load_address>0x6a91</load_address>
         <run_address>0x6a91</run_address>
         <size>0xc7</size>
         <input_file_ref idref="fl-1d"/>
      </object_component>
      <object_component id="oc-15d">
         <name>.debug_info</name>
         <load_address>0x6b58</load_address>
         <run_address>0x6b58</run_address>
         <size>0xd4</size>
         <input_file_ref idref="fl-1d"/>
      </object_component>
      <object_component id="oc-d5">
         <name>.debug_info</name>
         <load_address>0x6c2c</load_address>
         <run_address>0x6c2c</run_address>
         <size>0x2af5</size>
         <input_file_ref idref="fl-1d"/>
      </object_component>
      <object_component id="oc-1d1">
         <name>.debug_info</name>
         <load_address>0x9721</load_address>
         <run_address>0x9721</run_address>
         <size>0x51</size>
         <input_file_ref idref="fl-1d"/>
      </object_component>
      <object_component id="oc-14f">
         <name>.debug_info</name>
         <load_address>0x9772</load_address>
         <run_address>0x9772</run_address>
         <size>0x31d</size>
         <input_file_ref idref="fl-21"/>
      </object_component>
      <object_component id="oc-149">
         <name>.debug_info</name>
         <load_address>0x9a8f</load_address>
         <run_address>0x9a8f</run_address>
         <size>0xcb</size>
         <input_file_ref idref="fl-21"/>
      </object_component>
      <object_component id="oc-14c">
         <name>.debug_info</name>
         <load_address>0x9b5a</load_address>
         <run_address>0x9b5a</run_address>
         <size>0xdd</size>
         <input_file_ref idref="fl-21"/>
      </object_component>
      <object_component id="oc-ce">
         <name>.debug_info</name>
         <load_address>0x9c37</load_address>
         <run_address>0x9c37</run_address>
         <size>0x26dd</size>
         <input_file_ref idref="fl-21"/>
      </object_component>
      <object_component id="oc-8b">
         <name>.debug_info</name>
         <load_address>0xc314</load_address>
         <run_address>0xc314</run_address>
         <size>0x313</size>
         <input_file_ref idref="fl-e2"/>
      </object_component>
      <object_component id="oc-47">
         <name>.debug_info</name>
         <load_address>0xc627</load_address>
         <run_address>0xc627</run_address>
         <size>0x1b4</size>
         <input_file_ref idref="fl-e2"/>
      </object_component>
      <object_component id="oc-86">
         <name>.debug_info</name>
         <load_address>0xc7db</load_address>
         <run_address>0xc7db</run_address>
         <size>0x46</size>
         <input_file_ref idref="fl-e2"/>
      </object_component>
      <object_component id="oc-bd">
         <name>.debug_info</name>
         <load_address>0xc821</load_address>
         <run_address>0xc821</run_address>
         <size>0x2c</size>
         <input_file_ref idref="fl-e2"/>
      </object_component>
      <object_component id="oc-43">
         <name>.debug_info</name>
         <load_address>0xc84d</load_address>
         <run_address>0xc84d</run_address>
         <size>0x29d</size>
         <input_file_ref idref="fl-e3"/>
      </object_component>
      <object_component id="oc-19">
         <name>.debug_info</name>
         <load_address>0xcaea</load_address>
         <run_address>0xcaea</run_address>
         <size>0x1df</size>
         <input_file_ref idref="fl-e3"/>
      </object_component>
      <object_component id="oc-3e">
         <name>.debug_info</name>
         <load_address>0xccc9</load_address>
         <run_address>0xccc9</run_address>
         <size>0x46</size>
         <input_file_ref idref="fl-e3"/>
      </object_component>
      <object_component id="oc-7e">
         <name>.debug_info</name>
         <load_address>0xcd0f</load_address>
         <run_address>0xcd0f</run_address>
         <size>0x2c</size>
         <input_file_ref idref="fl-e3"/>
      </object_component>
      <object_component id="oc-7c">
         <name>.debug_info</name>
         <load_address>0xcd3b</load_address>
         <run_address>0xcd3b</run_address>
         <size>0x293</size>
         <input_file_ref idref="fl-e4"/>
      </object_component>
      <object_component id="oc-14">
         <name>.debug_info</name>
         <load_address>0xcfce</load_address>
         <run_address>0xcfce</run_address>
         <size>0x245</size>
         <input_file_ref idref="fl-e4"/>
      </object_component>
      <object_component id="oc-2e">
         <name>.debug_info</name>
         <load_address>0xd213</load_address>
         <run_address>0xd213</run_address>
         <size>0x60</size>
         <input_file_ref idref="fl-e4"/>
      </object_component>
      <object_component id="oc-b6">
         <name>.debug_info</name>
         <load_address>0xd273</load_address>
         <run_address>0xd273</run_address>
         <size>0x46</size>
         <input_file_ref idref="fl-e4"/>
      </object_component>
      <object_component id="oc-77">
         <name>.debug_info</name>
         <load_address>0xd2b9</load_address>
         <run_address>0xd2b9</run_address>
         <size>0x39</size>
         <input_file_ref idref="fl-e4"/>
      </object_component>
      <object_component id="oc-22">
         <name>.debug_info</name>
         <load_address>0xd2f2</load_address>
         <run_address>0xd2f2</run_address>
         <size>0x100</size>
         <input_file_ref idref="fl-e5"/>
      </object_component>
      <object_component id="oc-59">
         <name>.debug_info</name>
         <load_address>0xd3f2</load_address>
         <run_address>0xd3f2</run_address>
         <size>0x1a4</size>
         <input_file_ref idref="fl-e5"/>
      </object_component>
      <object_component id="oc-f5">
         <name>.debug_info</name>
         <load_address>0xd596</load_address>
         <run_address>0xd596</run_address>
         <size>0x117</size>
         <input_file_ref idref="fl-e6"/>
      </object_component>
      <object_component id="oc-17c">
         <name>.debug_info</name>
         <load_address>0xd6ad</load_address>
         <run_address>0xd6ad</run_address>
         <size>0x2aa</size>
         <input_file_ref idref="fl-e9"/>
      </object_component>
      <object_component id="oc-e1">
         <name>.debug_info</name>
         <load_address>0xd957</load_address>
         <run_address>0xd957</run_address>
         <size>0x20e</size>
         <input_file_ref idref="fl-e9"/>
      </object_component>
      <object_component id="oc-190">
         <name>.debug_info</name>
         <load_address>0xdb65</load_address>
         <run_address>0xdb65</run_address>
         <size>0x328</size>
         <input_file_ref idref="fl-ea"/>
      </object_component>
      <object_component id="oc-e6">
         <name>.debug_info</name>
         <load_address>0xde8d</load_address>
         <run_address>0xde8d</run_address>
         <size>0x1c6</size>
         <input_file_ref idref="fl-ea"/>
      </object_component>
      <object_component id="oc-184">
         <name>.debug_info</name>
         <load_address>0xe053</load_address>
         <run_address>0xe053</run_address>
         <size>0x182</size>
         <input_file_ref idref="fl-ea"/>
      </object_component>
      <object_component id="oc-18a">
         <name>.debug_info</name>
         <load_address>0xe1d5</load_address>
         <run_address>0xe1d5</run_address>
         <size>0x162</size>
         <input_file_ref idref="fl-ea"/>
      </object_component>
      <object_component id="oc-2c3">
         <name>.debug_info</name>
         <load_address>0xe337</load_address>
         <run_address>0xe337</run_address>
         <size>0x2c</size>
         <input_file_ref idref="fl-ea"/>
      </object_component>
      <object_component id="oc-197">
         <name>.debug_info</name>
         <load_address>0xe363</load_address>
         <run_address>0xe363</run_address>
         <size>0x284</size>
         <input_file_ref idref="fl-eb"/>
      </object_component>
      <object_component id="oc-ee">
         <name>.debug_info</name>
         <load_address>0xe5e7</load_address>
         <run_address>0xe5e7</run_address>
         <size>0x22a</size>
         <input_file_ref idref="fl-eb"/>
      </object_component>
      <object_component id="oc-3b">
         <name>.debug_info</name>
         <load_address>0xe811</load_address>
         <run_address>0xe811</run_address>
         <size>0x111</size>
         <input_file_ref idref="fl-ec"/>
      </object_component>
      <object_component id="oc-8e">
         <name>.debug_info</name>
         <load_address>0xe922</load_address>
         <run_address>0xe922</run_address>
         <size>0x13f</size>
         <input_file_ref idref="fl-ed"/>
      </object_component>
      <object_component id="oc-1a3">
         <name>.debug_info</name>
         <load_address>0xea61</load_address>
         <run_address>0xea61</run_address>
         <size>0x547</size>
         <input_file_ref idref="fl-ee"/>
      </object_component>
      <object_component id="oc-100">
         <name>.debug_info</name>
         <load_address>0xefa8</load_address>
         <run_address>0xefa8</run_address>
         <size>0x19b</size>
         <input_file_ref idref="fl-ee"/>
      </object_component>
      <object_component id="oc-244">
         <name>.debug_info</name>
         <load_address>0xf143</load_address>
         <run_address>0xf143</run_address>
         <size>0x39</size>
         <input_file_ref idref="fl-ee"/>
      </object_component>
      <object_component id="oc-2d5">
         <name>.debug_info</name>
         <load_address>0xf17c</load_address>
         <run_address>0xf17c</run_address>
         <size>0x39</size>
         <input_file_ref idref="fl-ee"/>
      </object_component>
      <object_component id="oc-249">
         <name>.debug_info</name>
         <load_address>0xf1b5</load_address>
         <run_address>0xf1b5</run_address>
         <size>0x39</size>
         <input_file_ref idref="fl-ee"/>
      </object_component>
      <object_component id="oc-24e">
         <name>.debug_info</name>
         <load_address>0xf1ee</load_address>
         <run_address>0xf1ee</run_address>
         <size>0xcd</size>
         <input_file_ref idref="fl-ee"/>
      </object_component>
      <object_component id="oc-96">
         <name>.debug_info</name>
         <load_address>0xf2bb</load_address>
         <run_address>0xf2bb</run_address>
         <size>0x148</size>
         <input_file_ref idref="fl-ef"/>
      </object_component>
      <object_component id="oc-223">
         <name>.debug_info</name>
         <load_address>0xf403</load_address>
         <run_address>0xf403</run_address>
         <size>0x8a6</size>
         <input_file_ref idref="fl-f1"/>
      </object_component>
      <object_component id="oc-1f0">
         <name>.debug_info</name>
         <load_address>0xfca9</load_address>
         <run_address>0xfca9</run_address>
         <size>0x213</size>
         <input_file_ref idref="fl-f1"/>
      </object_component>
      <object_component id="oc-288">
         <name>.debug_info</name>
         <load_address>0xfebc</load_address>
         <run_address>0xfebc</run_address>
         <size>0x1a8</size>
         <input_file_ref idref="fl-f1"/>
      </object_component>
      <object_component id="oc-28e">
         <name>.debug_info</name>
         <load_address>0x10064</load_address>
         <run_address>0x10064</run_address>
         <size>0x210</size>
         <input_file_ref idref="fl-f1"/>
      </object_component>
      <object_component id="oc-1fc">
         <name>.debug_info</name>
         <load_address>0x10274</load_address>
         <run_address>0x10274</run_address>
         <size>0x3b0</size>
         <input_file_ref idref="fl-f1"/>
      </object_component>
      <object_component id="oc-296">
         <name>.debug_info</name>
         <load_address>0x10624</load_address>
         <run_address>0x10624</run_address>
         <size>0x2fa</size>
         <input_file_ref idref="fl-f1"/>
      </object_component>
      <object_component id="oc-29c">
         <name>.debug_info</name>
         <load_address>0x1091e</load_address>
         <run_address>0x1091e</run_address>
         <size>0x20a</size>
         <input_file_ref idref="fl-f1"/>
      </object_component>
      <object_component id="oc-202">
         <name>.debug_info</name>
         <load_address>0x10b28</load_address>
         <run_address>0x10b28</run_address>
         <size>0x20a</size>
         <input_file_ref idref="fl-f1"/>
      </object_component>
      <object_component id="oc-208">
         <name>.debug_info</name>
         <load_address>0x10d32</load_address>
         <run_address>0x10d32</run_address>
         <size>0x2f9</size>
         <input_file_ref idref="fl-f1"/>
      </object_component>
      <object_component id="oc-20e">
         <name>.debug_info</name>
         <load_address>0x1102b</load_address>
         <run_address>0x1102b</run_address>
         <size>0x4a5</size>
         <input_file_ref idref="fl-f1"/>
      </object_component>
      <object_component id="oc-181">
         <name>.debug_info</name>
         <load_address>0x114d0</load_address>
         <run_address>0x114d0</run_address>
         <size>0x5cd</size>
         <input_file_ref idref="fl-f1"/>
      </object_component>
      <object_component id="oc-224">
         <name>.debug_info</name>
         <load_address>0x11a9d</load_address>
         <run_address>0x11a9d</run_address>
         <size>0x86</size>
         <input_file_ref idref="fl-f1"/>
      </object_component>
      <object_component id="oc-2c8">
         <name>.debug_info</name>
         <load_address>0x11b23</load_address>
         <run_address>0x11b23</run_address>
         <size>0x39</size>
         <input_file_ref idref="fl-f1"/>
      </object_component>
      <object_component id="oc-316">
         <name>.debug_info</name>
         <load_address>0x11b5c</load_address>
         <run_address>0x11b5c</run_address>
         <size>0xb6</size>
         <input_file_ref idref="fl-f1"/>
      </object_component>
      <object_component id="oc-2cd">
         <name>.debug_info</name>
         <load_address>0x11c12</load_address>
         <run_address>0x11c12</run_address>
         <size>0x46</size>
         <input_file_ref idref="fl-f1"/>
      </object_component>
      <object_component id="oc-229">
         <name>.debug_info</name>
         <load_address>0x11c58</load_address>
         <run_address>0x11c58</run_address>
         <size>0x46</size>
         <input_file_ref idref="fl-f1"/>
      </object_component>
      <object_component id="oc-259">
         <name>.debug_info</name>
         <load_address>0x11c9e</load_address>
         <run_address>0x11c9e</run_address>
         <size>0x2ae</size>
         <input_file_ref idref="fl-f2"/>
      </object_component>
      <object_component id="oc-1ea">
         <name>.debug_info</name>
         <load_address>0x11f4c</load_address>
         <run_address>0x11f4c</run_address>
         <size>0x171</size>
         <input_file_ref idref="fl-f2"/>
      </object_component>
      <object_component id="oc-2e3">
         <name>.debug_info</name>
         <load_address>0x120bd</load_address>
         <run_address>0x120bd</run_address>
         <size>0xee</size>
         <input_file_ref idref="fl-f3"/>
      </object_component>
      <object_component id="oc-256">
         <name>.debug_info</name>
         <load_address>0x121ab</load_address>
         <run_address>0x121ab</run_address>
         <size>0xfa</size>
         <input_file_ref idref="fl-f3"/>
      </object_component>
      <object_component id="oc-2f1">
         <name>.debug_info</name>
         <load_address>0x122a5</load_address>
         <run_address>0x122a5</run_address>
         <size>0x290</size>
         <input_file_ref idref="fl-f4"/>
      </object_component>
      <object_component id="oc-276">
         <name>.debug_info</name>
         <load_address>0x12535</load_address>
         <run_address>0x12535</run_address>
         <size>0x1c2</size>
         <input_file_ref idref="fl-f4"/>
      </object_component>
      <object_component id="oc-2b4">
         <name>.debug_info</name>
         <load_address>0x126f7</load_address>
         <run_address>0x126f7</run_address>
         <size>0x28b</size>
         <input_file_ref idref="fl-f5"/>
      </object_component>
      <object_component id="oc-212">
         <name>.debug_info</name>
         <load_address>0x12982</load_address>
         <run_address>0x12982</run_address>
         <size>0x1ab</size>
         <input_file_ref idref="fl-f5"/>
      </object_component>
      <object_component id="oc-308">
         <name>.debug_info</name>
         <load_address>0x12b2d</load_address>
         <run_address>0x12b2d</run_address>
         <size>0x28f</size>
         <input_file_ref idref="fl-f6"/>
      </object_component>
      <object_component id="oc-2af">
         <name>.debug_info</name>
         <load_address>0x12dbc</load_address>
         <run_address>0x12dbc</run_address>
         <size>0x247</size>
         <input_file_ref idref="fl-f6"/>
      </object_component>
      <object_component id="oc-2f9">
         <name>.debug_info</name>
         <load_address>0x13003</load_address>
         <run_address>0x13003</run_address>
         <size>0x28f</size>
         <input_file_ref idref="fl-f7"/>
      </object_component>
      <object_component id="oc-2a3">
         <name>.debug_info</name>
         <load_address>0x13292</load_address>
         <run_address>0x13292</run_address>
         <size>0x18a</size>
         <input_file_ref idref="fl-f7"/>
      </object_component>
      <object_component id="oc-322">
         <name>.debug_info</name>
         <load_address>0x1341c</load_address>
         <run_address>0x1341c</run_address>
         <size>0x39</size>
         <input_file_ref idref="fl-f7"/>
      </object_component>
      <object_component id="oc-2fa">
         <name>.debug_info</name>
         <load_address>0x13455</load_address>
         <run_address>0x13455</run_address>
         <size>0x2c</size>
         <input_file_ref idref="fl-f7"/>
      </object_component>
      <object_component id="oc-306">
         <name>.debug_info</name>
         <load_address>0x13481</load_address>
         <run_address>0x13481</run_address>
         <size>0x2f2</size>
         <input_file_ref idref="fl-f8"/>
      </object_component>
      <object_component id="oc-2a8">
         <name>.debug_info</name>
         <load_address>0x13773</load_address>
         <run_address>0x13773</run_address>
         <size>0x21a</size>
         <input_file_ref idref="fl-f8"/>
      </object_component>
      <object_component id="oc-300">
         <name>.debug_info</name>
         <load_address>0x1398d</load_address>
         <run_address>0x1398d</run_address>
         <size>0x156</size>
         <input_file_ref idref="fl-f9"/>
      </object_component>
      <object_component id="oc-2bb">
         <name>.debug_info</name>
         <load_address>0x13ae3</load_address>
         <run_address>0x13ae3</run_address>
         <size>0x284</size>
         <input_file_ref idref="fl-fa"/>
      </object_component>
      <object_component id="oc-218">
         <name>.debug_info</name>
         <load_address>0x13d67</load_address>
         <run_address>0x13d67</run_address>
         <size>0x14f</size>
         <input_file_ref idref="fl-fa"/>
      </object_component>
      <object_component id="oc-30b">
         <name>.debug_info</name>
         <load_address>0x13eb6</load_address>
         <run_address>0x13eb6</run_address>
         <size>0x46</size>
         <input_file_ref idref="fl-fa"/>
      </object_component>
      <object_component id="oc-2b6">
         <name>.debug_info</name>
         <load_address>0x13efc</load_address>
         <run_address>0x13efc</run_address>
         <size>0x39</size>
         <input_file_ref idref="fl-fa"/>
      </object_component>
      <object_component id="oc-281">
         <name>.debug_info</name>
         <load_address>0x13f35</load_address>
         <run_address>0x13f35</run_address>
         <size>0x144</size>
         <input_file_ref idref="fl-fb"/>
      </object_component>
      <object_component id="oc-1f4">
         <name>.debug_info</name>
         <load_address>0x14079</load_address>
         <run_address>0x14079</run_address>
         <size>0x120</size>
         <input_file_ref idref="fl-fc"/>
      </object_component>
      <object_component id="oc-26d">
         <name>.debug_info</name>
         <load_address>0x14199</load_address>
         <run_address>0x14199</run_address>
         <size>0x122</size>
         <input_file_ref idref="fl-fc"/>
      </object_component>
      <object_component id="oc-267">
         <name>.debug_info</name>
         <load_address>0x142bb</load_address>
         <run_address>0x142bb</run_address>
         <size>0x132</size>
         <input_file_ref idref="fl-fd"/>
      </object_component>
      <object_component id="oc-263">
         <name>.debug_info</name>
         <load_address>0x143ed</load_address>
         <run_address>0x143ed</run_address>
         <size>0x132</size>
         <input_file_ref idref="fl-fe"/>
      </object_component>
      <object_component id="oc-271">
         <name>.debug_info</name>
         <load_address>0x1451f</load_address>
         <run_address>0x1451f</run_address>
         <size>0x126</size>
         <input_file_ref idref="fl-ff"/>
      </object_component>
      <object_component id="oc-27c">
         <name>.debug_info</name>
         <load_address>0x14645</load_address>
         <run_address>0x14645</run_address>
         <size>0x124</size>
         <input_file_ref idref="fl-100"/>
      </object_component>
      <object_component id="oc-25d">
         <name>.debug_info</name>
         <load_address>0x14769</load_address>
         <run_address>0x14769</run_address>
         <size>0x12c</size>
         <input_file_ref idref="fl-101"/>
      </object_component>
      <object_component id="oc-2c0">
         <name>.debug_info</name>
         <load_address>0x14895</load_address>
         <run_address>0x14895</run_address>
         <size>0x27e</size>
         <input_file_ref idref="fl-102"/>
      </object_component>
      <object_component id="oc-2bd">
         <name>.debug_info</name>
         <load_address>0x14b13</load_address>
         <run_address>0x14b13</run_address>
         <size>0x103</size>
         <input_file_ref idref="fl-102"/>
      </object_component>
      <object_component id="oc-21f">
         <name>.debug_info</name>
         <load_address>0x14c16</load_address>
         <run_address>0x14c16</run_address>
         <size>0x143</size>
         <input_file_ref idref="fl-102"/>
      </object_component>
      <object_component id="oc-2e7">
         <name>.debug_info</name>
         <load_address>0x14d59</load_address>
         <run_address>0x14d59</run_address>
         <size>0x10d</size>
         <input_file_ref idref="fl-103"/>
      </object_component>
      <object_component id="oc-359">
         <name>.debug_info</name>
         <load_address>0x14e66</load_address>
         <run_address>0x14e66</run_address>
         <size>0x80</size>
      </object_component>
      <object_component id="oc-132">
         <name>.debug_line</name>
         <load_address>0x0</load_address>
         <run_address>0x0</run_address>
         <size>0x195</size>
         <input_file_ref idref="fl-2"/>
      </object_component>
      <object_component id="oc-9c">
         <name>.debug_line</name>
         <load_address>0x195</load_address>
         <run_address>0x195</run_address>
         <size>0xa7</size>
         <input_file_ref idref="fl-2"/>
      </object_component>
      <object_component id="oc-70">
         <name>.debug_line</name>
         <load_address>0x23c</load_address>
         <run_address>0x23c</run_address>
         <size>0x7b</size>
         <input_file_ref idref="fl-2"/>
      </object_component>
      <object_component id="oc-136">
         <name>.debug_line</name>
         <load_address>0x2b7</load_address>
         <run_address>0x2b7</run_address>
         <size>0x77</size>
         <input_file_ref idref="fl-2"/>
      </object_component>
      <object_component id="oc-b2">
         <name>.debug_line</name>
         <load_address>0x32e</load_address>
         <run_address>0x32e</run_address>
         <size>0x20</size>
         <input_file_ref idref="fl-2"/>
      </object_component>
      <object_component id="oc-ad">
         <name>.debug_line</name>
         <load_address>0x34e</load_address>
         <run_address>0x34e</run_address>
         <size>0x7f</size>
         <input_file_ref idref="fl-2"/>
      </object_component>
      <object_component id="oc-145">
         <name>.debug_line</name>
         <load_address>0x3cd</load_address>
         <run_address>0x3cd</run_address>
         <size>0x7b</size>
         <input_file_ref idref="fl-2"/>
      </object_component>
      <object_component id="oc-75">
         <name>.debug_line</name>
         <load_address>0x448</load_address>
         <run_address>0x448</run_address>
         <size>0x7c</size>
         <input_file_ref idref="fl-2"/>
      </object_component>
      <object_component id="oc-194">
         <name>.debug_line</name>
         <load_address>0x4c4</load_address>
         <run_address>0x4c4</run_address>
         <size>0x77</size>
         <input_file_ref idref="fl-2"/>
      </object_component>
      <object_component id="oc-6c">
         <name>.debug_line</name>
         <load_address>0x53b</load_address>
         <run_address>0x53b</run_address>
         <size>0x42</size>
         <input_file_ref idref="fl-3"/>
      </object_component>
      <object_component id="oc-2b">
         <name>.debug_line</name>
         <load_address>0x57d</load_address>
         <run_address>0x57d</run_address>
         <size>0x42</size>
         <input_file_ref idref="fl-3"/>
      </object_component>
      <object_component id="oc-29">
         <name>.debug_line</name>
         <load_address>0x5bf</load_address>
         <run_address>0x5bf</run_address>
         <size>0xa2</size>
         <input_file_ref idref="fl-3"/>
      </object_component>
      <object_component id="oc-36">
         <name>.debug_line</name>
         <load_address>0x661</load_address>
         <run_address>0x661</run_address>
         <size>0x20</size>
         <input_file_ref idref="fl-3"/>
      </object_component>
      <object_component id="oc-157">
         <name>.debug_line</name>
         <load_address>0x681</load_address>
         <run_address>0x681</run_address>
         <size>0xd9</size>
         <input_file_ref idref="fl-8"/>
      </object_component>
      <object_component id="oc-1bf">
         <name>.debug_line</name>
         <load_address>0x75a</load_address>
         <run_address>0x75a</run_address>
         <size>0x45</size>
         <input_file_ref idref="fl-11"/>
      </object_component>
      <object_component id="oc-1b9">
         <name>.debug_line</name>
         <load_address>0x79f</load_address>
         <run_address>0x79f</run_address>
         <size>0x37</size>
         <input_file_ref idref="fl-11"/>
      </object_component>
      <object_component id="oc-1bb">
         <name>.debug_line</name>
         <load_address>0x7d6</load_address>
         <run_address>0x7d6</run_address>
         <size>0x37</size>
         <input_file_ref idref="fl-11"/>
      </object_component>
      <object_component id="oc-1bd">
         <name>.debug_line</name>
         <load_address>0x80d</load_address>
         <run_address>0x80d</run_address>
         <size>0x37</size>
         <input_file_ref idref="fl-11"/>
      </object_component>
      <object_component id="oc-c7">
         <name>.debug_line</name>
         <load_address>0x844</load_address>
         <run_address>0x844</run_address>
         <size>0x5f8</size>
         <input_file_ref idref="fl-11"/>
      </object_component>
      <object_component id="oc-1e4">
         <name>.debug_line</name>
         <load_address>0xe3c</load_address>
         <run_address>0xe3c</run_address>
         <size>0x3f</size>
         <input_file_ref idref="fl-14"/>
      </object_component>
      <object_component id="oc-1d8">
         <name>.debug_line</name>
         <load_address>0xe7b</load_address>
         <run_address>0xe7b</run_address>
         <size>0x3c</size>
         <input_file_ref idref="fl-14"/>
      </object_component>
      <object_component id="oc-1da">
         <name>.debug_line</name>
         <load_address>0xeb7</load_address>
         <run_address>0xeb7</run_address>
         <size>0x3c</size>
         <input_file_ref idref="fl-14"/>
      </object_component>
      <object_component id="oc-1dc">
         <name>.debug_line</name>
         <load_address>0xef3</load_address>
         <run_address>0xef3</run_address>
         <size>0x3c</size>
         <input_file_ref idref="fl-14"/>
      </object_component>
      <object_component id="oc-1de">
         <name>.debug_line</name>
         <load_address>0xf2f</load_address>
         <run_address>0xf2f</run_address>
         <size>0x3c</size>
         <input_file_ref idref="fl-14"/>
      </object_component>
      <object_component id="oc-1e0">
         <name>.debug_line</name>
         <load_address>0xf6b</load_address>
         <run_address>0xf6b</run_address>
         <size>0x3c</size>
         <input_file_ref idref="fl-14"/>
      </object_component>
      <object_component id="oc-1e2">
         <name>.debug_line</name>
         <load_address>0xfa7</load_address>
         <run_address>0xfa7</run_address>
         <size>0x3c</size>
         <input_file_ref idref="fl-14"/>
      </object_component>
      <object_component id="oc-1d6">
         <name>.debug_line</name>
         <load_address>0xfe3</load_address>
         <run_address>0xfe3</run_address>
         <size>0x3c</size>
         <input_file_ref idref="fl-14"/>
      </object_component>
      <object_component id="oc-dd">
         <name>.debug_line</name>
         <load_address>0x101f</load_address>
         <run_address>0x101f</run_address>
         <size>0x2ed</size>
         <input_file_ref idref="fl-14"/>
      </object_component>
      <object_component id="oc-1d0">
         <name>.debug_line</name>
         <load_address>0x130c</load_address>
         <run_address>0x130c</run_address>
         <size>0x86</size>
         <input_file_ref idref="fl-1d"/>
      </object_component>
      <object_component id="oc-1ca">
         <name>.debug_line</name>
         <load_address>0x1392</load_address>
         <run_address>0x1392</run_address>
         <size>0x39</size>
         <input_file_ref idref="fl-1d"/>
      </object_component>
      <object_component id="oc-1ce">
         <name>.debug_line</name>
         <load_address>0x13cb</load_address>
         <run_address>0x13cb</run_address>
         <size>0x39</size>
         <input_file_ref idref="fl-1d"/>
      </object_component>
      <object_component id="oc-1c7">
         <name>.debug_line</name>
         <load_address>0x1404</load_address>
         <run_address>0x1404</run_address>
         <size>0x39</size>
         <input_file_ref idref="fl-1d"/>
      </object_component>
      <object_component id="oc-1cc">
         <name>.debug_line</name>
         <load_address>0x143d</load_address>
         <run_address>0x143d</run_address>
         <size>0x39</size>
         <input_file_ref idref="fl-1d"/>
      </object_component>
      <object_component id="oc-d4">
         <name>.debug_line</name>
         <load_address>0x1476</load_address>
         <run_address>0x1476</run_address>
         <size>0x999</size>
         <input_file_ref idref="fl-1d"/>
      </object_component>
      <object_component id="oc-1d3">
         <name>.debug_line</name>
         <load_address>0x1e0f</load_address>
         <run_address>0x1e0f</run_address>
         <size>0x39</size>
         <input_file_ref idref="fl-1d"/>
      </object_component>
      <object_component id="oc-1c5">
         <name>.debug_line</name>
         <load_address>0x1e48</load_address>
         <run_address>0x1e48</run_address>
         <size>0x45</size>
         <input_file_ref idref="fl-21"/>
      </object_component>
      <object_component id="oc-1c1">
         <name>.debug_line</name>
         <load_address>0x1e8d</load_address>
         <run_address>0x1e8d</run_address>
         <size>0x37</size>
         <input_file_ref idref="fl-21"/>
      </object_component>
      <object_component id="oc-1c3">
         <name>.debug_line</name>
         <load_address>0x1ec4</load_address>
         <run_address>0x1ec4</run_address>
         <size>0x37</size>
         <input_file_ref idref="fl-21"/>
      </object_component>
      <object_component id="oc-d1">
         <name>.debug_line</name>
         <load_address>0x1efb</load_address>
         <run_address>0x1efb</run_address>
         <size>0x5b6</size>
         <input_file_ref idref="fl-21"/>
      </object_component>
      <object_component id="oc-c3">
         <name>.debug_line</name>
         <load_address>0x24b1</load_address>
         <run_address>0x24b1</run_address>
         <size>0x9e</size>
         <input_file_ref idref="fl-e2"/>
      </object_component>
      <object_component id="oc-45">
         <name>.debug_line</name>
         <load_address>0x254f</load_address>
         <run_address>0x254f</run_address>
         <size>0x4f</size>
         <input_file_ref idref="fl-e2"/>
      </object_component>
      <object_component id="oc-89">
         <name>.debug_line</name>
         <load_address>0x259e</load_address>
         <run_address>0x259e</run_address>
         <size>0x34</size>
         <input_file_ref idref="fl-e2"/>
      </object_component>
      <object_component id="oc-c0">
         <name>.debug_line</name>
         <load_address>0x25d2</load_address>
         <run_address>0x25d2</run_address>
         <size>0x8a</size>
         <input_file_ref idref="fl-e2"/>
      </object_component>
      <object_component id="oc-84">
         <name>.debug_line</name>
         <load_address>0x265c</load_address>
         <run_address>0x265c</run_address>
         <size>0x20</size>
         <input_file_ref idref="fl-e3"/>
      </object_component>
      <object_component id="oc-1d">
         <name>.debug_line</name>
         <load_address>0x267c</load_address>
         <run_address>0x267c</run_address>
[...]
         <value>0x3a5</value>
         <object_component_ref idref="oc-d3"/>
      </symbol>
      <symbol id="sm-37a">
         <name>SysCtlPeripheralDeepSleepDisable</name>
         <value>0x5f5</value>
         <object_component_ref idref="oc-d3"/>
      </symbol>
      <symbol id="sm-37b">
         <name>SysCtlPeripheralSleepDisable</name>
         <value>0x569</value>
         <object_component_ref idref="oc-d3"/>
      </symbol>
      <symbol id="sm-37c">
         <name>SysCtlVCOGet</name>
         <value>0x101d</value>
         <object_component_ref idref="oc-d3"/>
      </symbol>
      <symbol id="sm-37d">
         <name>SysCtlResetBehaviorSet</name>
         <value>0x80d</value>
         <object_component_ref idref="oc-d3"/>
      </symbol>
      <symbol id="sm-37e">
         <name>SysCtlReset</name>
         <value>0x761</value>
         <object_component_ref idref="oc-d3"/>
      </symbol>
      <symbol id="sm-37f">
         <name>SysCtlGPIOAHBDisable</name>
         <value>0xfaf</value>
         <object_component_ref idref="oc-d3"/>
      </symbol>
      <symbol id="sm-380">
         <name>SysCtlSRAMSizeGet</name>
         <value>0x2c9</value>
         <object_component_ref idref="oc-d3"/>
      </symbol>
      <symbol id="sm-381">
         <name>SysCtlClockGet</name>
         <value>0xd15</value>
         <object_component_ref idref="oc-d3"/>
      </symbol>
      <symbol id="sm-382">
         <name>SysCtlPeripheralDisable</name>
         <value>0x4e1</value>
         <object_component_ref idref="oc-d3"/>
      </symbol>
      <symbol id="sm-383">
         <name>SysCtlPWMClockSet</name>
         <value>0xf63</value>
         <object_component_ref idref="oc-d3"/>
      </symbol>
      <symbol id="sm-384">
         <name>SysCtlUSBPLLEnable</name>
         <value>0xfcb</value>
         <object_component_ref idref="oc-d3"/>
      </symbol>
      <symbol id="sm-385">
         <name>SysCtlPeripheralSleepEnable</name>
         <value>0x525</value>
         <object_component_ref idref="oc-d3"/>
      </symbol>
      <symbol id="sm-386">
         <name>SysCtlIntUnregister</name>
         <value>0x6a9</value>
         <object_component_ref idref="oc-d3"/>
      </symbol>
      <symbol id="sm-387">
         <name>SysCtlUSBPLLDisable</name>
         <value>0xfd7</value>
         <object_component_ref idref="oc-d3"/>
      </symbol>
      <symbol id="sm-388">
         <name>SysCtlPeripheralReady</name>
         <value>0x365</value>
         <object_component_ref idref="oc-d3"/>
      </symbol>
      <symbol id="sm-389">
         <name>SysCtlPIOSCCalibrate</name>
         <value>0x7bd</value>
         <object_component_ref idref="oc-d3"/>
      </symbol>
      <symbol id="sm-38a">
         <name>SysCtlResetCauseClear</name>
         <value>0x793</value>
         <object_component_ref idref="oc-d3"/>
      </symbol>
      <symbol id="sm-38b">
         <name>SysCtlLDOSleepGet</name>
         <value>0x721</value>
         <object_component_ref idref="oc-d3"/>
      </symbol>
      <symbol id="sm-38c">
         <name>SysCtlClockFreqSet</name>
         <value>0x871</value>
         <object_component_ref idref="oc-d3"/>
      </symbol>
      <symbol id="sm-38d">
         <name>SysCtlPeripheralReset</name>
         <value>0x41d</value>
         <object_component_ref idref="oc-d3"/>
      </symbol>
      <symbol id="sm-403">
         <name>UARTClockSourceGet</name>
         <value>0x2c77</value>
         <object_component_ref idref="oc-cd"/>
      </symbol>
      <symbol id="sm-404">
         <name>UARTCharPutNonBlocking</name>
         <value>0x2ae9</value>
         <object_component_ref idref="oc-cd"/>
      </symbol>
      <symbol id="sm-405">
         <name>UARTDMAEnable</name>
         <value>0x2c11</value>
         <object_component_ref idref="oc-cd"/>
      </symbol>
      <symbol id="sm-406">
         <name>UARTTxIntModeSet</name>
         <value>0x2a4d</value>
         <object_component_ref idref="oc-cd"/>
      </symbol>
      <symbol id="sm-407">
         <name>UARTFIFODisable</name>
         <value>0x28fb</value>
         <object_component_ref idref="oc-cd"/>
      </symbol>
      <symbol id="sm-408">
         <name>UARTIntUnregister</name>
         <value>0x2b91</value>
         <object_component_ref idref="oc-cd"/>
      </symbol>
      <symbol id="sm-409">
         <name>UARTRxErrorClear</name>
         <value>0x2c53</value>
         <object_component_ref idref="oc-cd"/>
      </symbol>
      <symbol id="sm-40a">
         <name>UARTModemControlSet</name>
         <value>0x299d</value>
         <object_component_ref idref="oc-cd"/>
      </symbol>
      <symbol id="sm-40b">
         <name>UARTFlowControlSet</name>
         <value>0x2a1f</value>
         <object_component_ref idref="oc-cd"/>
      </symbol>
      <symbol id="sm-40c">
         <name>UARTConfigSetExpClk</name>
         <value>0x27d5</value>
         <object_component_ref idref="oc-cd"/>
      </symbol>
      <symbol id="sm-40d">
         <name>UARTSmartCardDisable</name>
         <value>0x2987</value>
         <object_component_ref idref="oc-cd"/>
      </symbol>
      <symbol id="sm-40e">
         <name>UARTDisable</name>
         <value>0x28bb</value>
         <object_component_ref idref="oc-cd"/>
      </symbol>
      <symbol id="sm-40f">
         <name>UART9BitDisable</name>
         <value>0x2c9d</value>
         <object_component_ref idref="oc-cd"/>
      </symbol>
      <symbol id="sm-410">
         <name>UARTFIFOLevelGet</name>
         <value>0x27ad</value>
         <object_component_ref idref="oc-cd"/>
      </symbol>
      <symbol id="sm-411">
         <name>UARTBusy</name>
         <value>0x2b55</value>
         <object_component_ref idref="oc-cd"/>
      </symbol>
      <symbol id="sm-412">
         <name>UARTDisableSIR</name>
         <value>0x293f</value>
         <object_component_ref idref="oc-cd"/>
      </symbol>
      <symbol id="sm-413">
         <name>UARTLoopbackEnable</name>
         <value>0x2d21</value>
         <object_component_ref idref="oc-cd"/>
      </symbol>
      <symbol id="sm-414">
         <name>UARTIntEnable</name>
         <value>0x2bb1</value>
         <object_component_ref idref="oc-cd"/>
      </symbol>
      <symbol id="sm-415">
         <name>UARTCharsAvail</name>
         <value>0x2a7b</value>
         <object_component_ref idref="oc-cd"/>
      </symbol>
      <symbol id="sm-416">
         <name>UARTCharGetNonBlocking</name>
         <value>0x2ab7</value>
         <object_component_ref idref="oc-cd"/>
      </symbol>
      <symbol id="sm-417">
         <name>UARTClockSourceSet</name>
         <value>0x2c63</value>
         <object_component_ref idref="oc-cd"/>
      </symbol>
      <symbol id="sm-418">
         <name>UARTTxIntModeGet</name>
         <value>0x2a69</value>
         <object_component_ref idref="oc-cd"/>
      </symbol>
      <symbol id="sm-419">
         <name>UARTModemStatusGet</name>
         <value>0x2a0b</value>
         <object_component_ref idref="oc-cd"/>
      </symbol>
      <symbol id="sm-41a">
         <name>UARTIntDisable</name>
         <value>0x2bc9</value>
         <object_component_ref idref="oc-cd"/>
      </symbol>
      <symbol id="sm-41b">
         <name>UARTCharPut</name>
         <value>0x2b0d</value>
         <object_component_ref idref="oc-cd"/>
      </symbol>
      <symbol id="sm-41c">
         <name>UARTParityModeSet</name>
         <value>0x2767</value>
         <object_component_ref idref="oc-cd"/>
      </symbol>
      <symbol id="sm-41d">
         <name>UARTRxErrorGet</name>
         <value>0x2c41</value>
         <object_component_ref idref="oc-cd"/>
      </symbol>
      <symbol id="sm-41e">
         <name>UARTConfigGetExpClk</name>
         <value>0x284b</value>
         <object_component_ref idref="oc-cd"/>
      </symbol>
      <symbol id="sm-41f">
         <name>UARTEnableSIR</name>
         <value>0x2911</value>
         <object_component_ref idref="oc-cd"/>
      </symbol>
      <symbol id="sm-420">
         <name>UARTEnable</name>
         <value>0x2897</value>
         <object_component_ref idref="oc-cd"/>
      </symbol>
      <symbol id="sm-421">
         <name>UART9BitAddrSend</name>
         <value>0x2cd9</value>
         <object_component_ref idref="oc-cd"/>
      </symbol>
      <symbol id="sm-422">
         <name>UARTModemControlGet</name>
         <value>0x29f9</value>
         <object_component_ref idref="oc-cd"/>
      </symbol>
      <symbol id="sm-423">
         <name>UARTSmartCardEnable</name>
         <value>0x2955</value>
         <object_component_ref idref="oc-cd"/>
      </symbol>
      <symbol id="sm-424">
         <name>UARTFlowControlGet</name>
         <value>0x2a3b</value>
         <object_component_ref idref="oc-cd"/>
      </symbol>
      <symbol id="sm-425">
         <name>UARTFIFOEnable</name>
         <value>0x28e5</value>
         <object_component_ref idref="oc-cd"/>
      </symbol>
      <symbol id="sm-426">
         <name>UARTIntClear</name>
         <value>0x2bff</value>
         <object_component_ref idref="oc-cd"/>
      </symbol>
      <symbol id="sm-427">
         <name>UARTIntStatus</name>
         <value>0x2be1</value>
         <object_component_ref idref="oc-cd"/>
      </symbol>
      <symbol id="sm-428">
         <name>UARTDMADisable</name>
         <value>0x2c29</value>
         <object_component_ref idref="oc-cd"/>
      </symbol>
      <symbol id="sm-429">
         <name>UART9BitEnable</name>
         <value>0x2c87</value>
         <object_component_ref idref="oc-cd"/>
      </symbol>
      <symbol id="sm-42a">
         <name>UARTSpaceAvail</name>
         <value>0x2a99</value>
         <object_component_ref idref="oc-cd"/>
      </symbol>
      <symbol id="sm-42b">
         <name>UARTCharGet</name>
         <value>0x2ad3</value>
         <object_component_ref idref="oc-cd"/>
      </symbol>
      <symbol id="sm-42c">
         <name>UARTFIFOLevelSet</name>
         <value>0x2795</value>
         <object_component_ref idref="oc-cd"/>
      </symbol>
      <symbol id="sm-42d">
         <name>UARTModemControlClear</name>
         <value>0x29d5</value>
         <object_component_ref idref="oc-cd"/>
      </symbol>
      <symbol id="sm-42e">
         <name>UARTParityModeGet</name>
         <value>0x2783</value>
         <object_component_ref idref="oc-cd"/>
      </symbol>
      <symbol id="sm-42f">
         <name>UARTIntRegister</name>
         <value>0x2b73</value>
         <object_component_ref idref="oc-cd"/>
      </symbol>
      <symbol id="sm-430">
         <name>UARTBreakCtl</name>
         <value>0x2b2b</value>
         <object_component_ref idref="oc-cd"/>
      </symbol>
      <symbol id="sm-431">
         <name>UART9BitAddrSet</name>
         <value>0x2cb3</value>
         <object_component_ref idref="oc-cd"/>
      </symbol>
      <symbol id="sm-44d">
         <name>__TI_zero_init_nomemset</name>
         <value>0x45f9</value>
         <object_component_ref idref="oc-44"/>
      </symbol>
      <symbol id="sm-464">
         <name>__TI_decompress_none</name>
         <value>0x461d</value>
         <object_component_ref idref="oc-18"/>
      </symbol>
      <symbol id="sm-487">
         <name>__TI_decompress_lzss</name>
         <value>0x41c5</value>
         <object_component_ref idref="oc-12"/>
      </symbol>
      <symbol id="sm-49a">
         <name>__stack</name>
         <value>0x20000270</value>
         <object_component_ref idref="oc-21"/>
      </symbol>
      <symbol id="sm-49b">
         <name>_c_int00_noargs</name>
         <value>0x4521</value>
         <object_component_ref idref="oc-56"/>
      </symbol>
      <symbol id="sm-4a6">
         <name>C$$EXIT</name>
         <value>0x465b</value>
         <object_component_ref idref="oc-f3"/>
      </symbol>
      <symbol id="sm-4a7">
         <name>abort</name>
         <value>0x465b</value>
         <object_component_ref idref="oc-f3"/>
      </symbol>
      <symbol id="sm-4b6">
         <name>bzero</name>
         <value>0x4649</value>
         <object_component_ref idref="oc-df"/>
      </symbol>
      <symbol id="sm-4dd">
         <name>sprintf</name>
         <value>0x4465</value>
         <object_component_ref idref="oc-e5"/>
      </symbol>
      <symbol id="sm-4eb">
         <name>strlen</name>
         <value>0x45e5</value>
         <object_component_ref idref="oc-eb"/>
      </symbol>
      <symbol id="sm-506">
         <name>memcpy</name>
         <value>0x3e9f</value>
         <object_component_ref idref="oc-38"/>
      </symbol>
      <symbol id="sm-507">
         <name>__aeabi_memcpy</name>
         <value>0x3e9f</value>
         <object_component_ref idref="oc-38"/>
      </symbol>
      <symbol id="sm-508">
         <name>__aeabi_memcpy8</name>
         <value>0x3e9f</value>
         <object_component_ref idref="oc-38"/>
      </symbol>
      <symbol id="sm-509">
         <name>__aeabi_memcpy4</name>
         <value>0x3e9f</value>
         <object_component_ref idref="oc-38"/>
      </symbol>
      <symbol id="sm-518">
         <name>__aeabi_memset</name>
         <value>0x40df</value>
         <object_component_ref idref="oc-8c"/>
      </symbol>
      <symbol id="sm-519">
         <name>memset</name>
         <value>0x40e5</value>
         <object_component_ref idref="oc-8c"/>
      </symbol>
      <symbol id="sm-51a">
         <name>__aeabi_memset8</name>
         <value>0x40df</value>
         <object_component_ref idref="oc-8c"/>
      </symbol>
      <symbol id="sm-51b">
         <name>__aeabi_memset4</name>
         <value>0x40df</value>
         <object_component_ref idref="oc-8c"/>
      </symbol>
      <symbol id="sm-51c">
         <name>__aeabi_memclr8</name>
         <value>0x40dd</value>
         <object_component_ref idref="oc-8c"/>
      </symbol>
      <symbol id="sm-51d">
         <name>__aeabi_memclr4</name>
         <value>0x40dd</value>
         <object_component_ref idref="oc-8c"/>
      </symbol>
      <symbol id="sm-51e">
         <name>__aeabi_memclr</name>
         <value>0x40dd</value>
         <object_component_ref idref="oc-8c"/>
      </symbol>
      <symbol id="sm-546">
         <name>__TI_auto_init_nobinit_nopinit</name>
         <value>0x4421</value>
         <object_component_ref idref="oc-ff"/>
      </symbol>
      <symbol id="sm-550">
         <name>_system_pre_init</name>
         <value>0x4657</value>
         <object_component_ref idref="oc-92"/>
      </symbol>
      <symbol id="sm-6b6">
         <name>__TI_printfi</name>
         <value>0x1ca9</value>
         <object_component_ref idref="oc-17d"/>
      </symbol>
      <symbol id="sm-6cc">
         <name>atoi</name>
         <value>0x438d</value>
         <object_component_ref idref="oc-1e7"/>
      </symbol>
      <symbol id="sm-6d7">
         <name>_ctypes_</name>
         <value>0x4810</value>
         <object_component_ref idref="oc-255"/>
      </symbol>
      <symbol id="sm-6e6">
         <name>ltoa</name>
         <value>0x42e7</value>
         <object_component_ref idref="oc-275"/>
      </symbol>
      <symbol id="sm-6f6">
         <name>memccpy</name>
         <value>0x4587</value>
         <object_component_ref idref="oc-210"/>
      </symbol>
      <symbol id="sm-706">
         <name>strchr</name>
         <value>0x45bb</value>
         <object_component_ref idref="oc-2ac"/>
      </symbol>
      <symbol id="sm-726">
         <name>frexpl</name>
         <value>0x422d</value>
         <object_component_ref idref="oc-2a0"/>
      </symbol>
      <symbol id="sm-727">
         <name>frexp</name>
         <value>0x422d</value>
         <object_component_ref idref="oc-2a0"/>
      </symbol>
      <symbol id="sm-744">
         <name>scalbn</name>
         <value>0x3be1</value>
         <object_component_ref idref="oc-2a6"/>
      </symbol>
      <symbol id="sm-745">
         <name>scalbnl</name>
         <value>0x3be1</value>
         <object_component_ref idref="oc-2a6"/>
      </symbol>
      <symbol id="sm-746">
         <name>ldexpl</name>
         <value>0x3be1</value>
         <object_component_ref idref="oc-2a6"/>
      </symbol>
      <symbol id="sm-747">
         <name>ldexp</name>
         <value>0x3be1</value>
         <object_component_ref idref="oc-2a6"/>
      </symbol>
      <symbol id="sm-751">
         <name>copysign</name>
         <value>0x45d1</value>
         <object_component_ref idref="oc-2ff"/>
      </symbol>
      <symbol id="sm-752">
         <name>copysignl</name>
         <value>0x45d1</value>
         <object_component_ref idref="oc-2ff"/>
      </symbol>
      <symbol id="sm-76b">
         <name>wcslen</name>
         <value>0x460b</value>
         <object_component_ref idref="oc-216"/>
      </symbol>
      <symbol id="sm-782">
         <name>__aeabi_dsub</name>
         <value>0x3539</value>
         <object_component_ref idref="oc-280"/>
      </symbol>
      <symbol id="sm-783">
         <name>__aeabi_dadd</name>
         <value>0x3543</value>
         <object_component_ref idref="oc-280"/>
      </symbol>
      <symbol id="sm-7a5">
         <name>__aeabi_cdcmpeq</name>
         <value>0x3fd1</value>
         <object_component_ref idref="oc-1f3"/>
      </symbol>
      <symbol id="sm-7a6">
         <name>__aeabi_cdcmple</name>
         <value>0x3fd1</value>
         <object_component_ref idref="oc-1f3"/>
      </symbol>
      <symbol id="sm-7a7">
         <name>__aeabi_cdrcmple</name>
         <value>0x4057</value>
         <object_component_ref idref="oc-26b"/>
      </symbol>
      <symbol id="sm-7bb">
         <name>__aeabi_ddiv</name>
         <value>0x3989</value>
         <object_component_ref idref="oc-266"/>
      </symbol>
      <symbol id="sm-7c6">
         <name>__aeabi_dmul</name>
         <value>0x3cf1</value>
         <object_component_ref idref="oc-261"/>
      </symbol>
      <symbol id="sm-7d0">
         <name>__aeabi_d2iz</name>
         <value>0x43d9</value>
         <object_component_ref idref="oc-270"/>
      </symbol>
      <symbol id="sm-7da">
         <name>__aeabi_i2d</name>
         <value>0x4559</value>
         <object_component_ref idref="oc-27b"/>
      </symbol>
      <symbol id="sm-7e7">
         <name>__aeabi_uldivmod</name>
         <value>0x3f3b</value>
         <object_component_ref idref="oc-25a"/>
      </symbol>
      <symbol id="sm-7fd">
         <name>__aeabi_errno_addr</name>
         <value>0x4641</value>
         <object_component_ref idref="oc-21c"/>
      </symbol>
      <symbol id="sm-7fe">
         <name>errno</name>
         <value>0x20000470</value>
         <object_component_ref idref="oc-2bc"/>
      </symbol>
      <symbol id="sm-808">
         <name>__aeabi_idiv0</name>
         <value>0x2707</value>
         <object_component_ref idref="oc-2e6"/>
      </symbol>
      <symbol id="sm-809">
         <name>__aeabi_ldiv0</name>
         <value>0x2707</value>
         <object_component_ref idref="oc-2e6"/>
      </symbol>
      <symbol id="sm-80a">
         <name>__TI_static_base__</name>
         <value>0x0</value>
      </symbol>
      <symbol id="sm-80d">
         <name>__mpu_init</name>
         <value>0x0</value>
      </symbol>
      <symbol id="sm-80e">
         <name>_system_post_cinit</name>
         <value>0x0</value>
      </symbol>
   </symbol_table>
   <title>Link successful</title>
</link_info>
